83.24.163.225 - - [16/Jan/2026:17:05:16 +0100] "GET /etheme_mega_menus/mega-menu-15/ HTTP/1.1" 200 48774 "-" "Mozilla/5.0 (Windows NT 10.0; Win64; x64) AppleWebKit/537.36 (KHTML, like Gecko) Chrome/126.0 Safari/537.36" sklep.plantis.app "PL"
2a03:2880:f80e:1c:: - - [16/Jan/2026:17:05:16 +0100] "GET /shop/?filter_cat=hydrozel-ogrodniczy%2Csrodki-na-mszyce&filter_brand=botana,lamela-sp-z-o-o,w-legutko,gardena-sp-z-o-o,twoj-ogrod HTTP/1.1" 403 787 "-" "meta-externalagent/1.1 (+https://developers.facebook.com/docs/sharing/webmasters/crawler)" sklep.plantis.app "US"
83.24.163.225 - - [16/Jan/2026:17:05:17 +0100] "GET /etheme_mega_menus/mega-menu-15/ HTTP/1.1" 200 48311 "-" "Mozilla/5.0 (iPhone; CPU iPhone OS 17_0 like Mac OS X) AppleWebKit/605.1.15 (KHTML, like Gecko) Version/17.0 Mobile/15E148 Safari/604.1" sklep.plantis.app "PL"
65.108.78.33 - - [16/Jan/2026:17:05:17 +0100] "GET /kategoria-produktu/pielegnacja-i-nawozenie/?et_columns-count=3&filter_cat=nablyszczacze,nawozy-do-pielegnacji-pelargonii HTTP/1.1" 200 55212 "-" "Mozilla/5.0 (compatible; MJ12bot/v1.4.8; http://mj12bot.com/)" sklep.plantis.app "FI"
83.24.163.225 - - [16/Jan/2026:17:05:19 +0100] "GET /wp-content/litespeed/crawler/meta.data?_=1768579134273 HTTP/1.1" 200 559 "https://sklep.plantis.app/wp-admin/admin.php?page=litespeed-crawler" "Mozilla/5.0 (Windows NT 10.0; Win64; x64) AppleWebKit/537.36 (KHTML, like Gecko) Chrome/143.0.0.0 Safari/537.36" sklep.plantis.app "PL"
2a03:2880:f80e:37:: - - [16/Jan/2026:17:05:19 +0100] "GET /shop/?filter_cat=wysiew%2Csrodki-na-mszyce%2Cszkodniki-drzew%2Cinsekty&filter_brand=agrobios,p-p-h-agronas-sp-z-o-o,p-p-h-ekodarpol HTTP/1.1" 403 787 "-" "meta-externalagent/1.1 (+https://developers.facebook.com/docs/sharing/webmasters/crawler)" sklep.plantis.app "US"
83.24.163.225 - - [16/Jan/2026:17:05:18 +0100] "POST /wp-admin/admin-ajax.php HTTP/1.1" 200 51 "https://sklep.plantis.app/wp-admin/admin.php?page=litespeed" "Mozilla/5.0 (Windows NT 10.0; Win64; x64) AppleWebKit/537.36 (KHTML, like Gecko) Chrome/143.0.0.0 Safari/537.36" sklep.plantis.app "PL"
2a03:2880:f80e:59:: - - [16/Jan/2026:17:05:21 +0100] "GET /shop/?filter_cat=pulapki-na-krety%2Cmasci-ogrodnicze%2Cchoroby-ozdobnych&filter_brand=target,proven,p-p-h-ekodarpol,biovita-sp-z-o-o,biogrod,inne HTTP/1.1" 403 787 "-" "meta-externalagent/1.1 (+https://developers.facebook.com/docs/sharing/webmasters/crawler)" sklep.plantis.app "US"
83.24.163.225 - - [16/Jan/2026:17:05:18 +0100] "GET /produkt/begonia-podwojna-biala-3-szt/ HTTP/1.1" 200 58097 "-" "Mozilla/5.0 (Windows NT 10.0; Win64; x64) AppleWebKit/537.36 (KHTML, like Gecko) Chrome/126.0 Safari/537.36" sklep.plantis.app "PL"
65.108.78.33 - - [16/Jan/2026:17:05:20 +0100] "GET /kategoria-produktu/pielegnacja-i-nawozenie/?et_columns-count=3&filter_cat=nablyszczacze,nawozy-do-pielegnacji-roslin-zielonych HTTP/1.1" 200 56023 "-" "Mozilla/5.0 (compatible; MJ12bot/v1.4.8; http://mj12bot.com/)" sklep.plantis.app "FI"
83.24.163.225 - - [16/Jan/2026:17:05:22 +0100] "GET /produkt/begonia-podwojna-biala-3-szt/ HTTP/1.1" 200 59595 "-" "Mozilla/5.0 (iPhone; CPU iPhone OS 17_0 like Mac OS X) AppleWebKit/605.1.15 (KHTML, like Gecko) Version/17.0 Mobile/15E148 Safari/604.1" sklep.plantis.app "PL"
2a03:2880:f80e:2b:: - - [16/Jan/2026:17:05:23 +0100] "GET /shop/?filter_cat=wysiew%2Csrodki-na-mszyce&filter_brand=biogrod,ziemovit,lider-sp-z-o-o,ekagro,symbivit,bradas HTTP/1.1" 403 787 "-" "meta-externalagent/1.1 (+https://developers.facebook.com/docs/sharing/webmasters/crawler)" sklep.plantis.app "US"
83.24.163.225 - - [16/Jan/2026:17:05:23 +0100] "GET /produkt/lampa-solarna-led-plomien-48-cm/ HTTP/1.1" 200 58726 "-" "Mozilla/5.0 (Windows NT 10.0; Win64; x64) AppleWebKit/537.36 (KHTML, like Gecko) Chrome/126.0 Safari/537.36" sklep.plantis.app "PL"
83.24.163.225 - - [16/Jan/2026:17:05:24 +0100] "GET /produkt/lampa-solarna-led-plomien-48-cm/ HTTP/1.1" 200 60285 "-" "Mozilla/5.0 (iPhone; CPU iPhone OS 17_0 like Mac OS X) AppleWebKit/605.1.15 (KHTML, like Gecko) Version/17.0 Mobile/15E148 Safari/604.1" sklep.plantis.app "PL"
2a03:2880:f80e:1:: - - [16/Jan/2026:17:05:25 +0100] "GET /shop/?filter_cat=nasiona-traw%2Cinne%2Cinsekty&filter_brand=biosept,biovita-sp-z-o-o,poltops-sp-z-o-o,tin-tours HTTP/1.1" 403 787 "-" "meta-externalagent/1.1 (+https://developers.facebook.com/docs/sharing/webmasters/crawler)" sklep.plantis.app "US"
65.108.78.33 - - [16/Jan/2026:17:05:23 +0100] "GET /kategoria-produktu/pielegnacja-i-nawozenie/?et_columns-count=3&filter_cat=nablyszczacze,nawozy-do-pielegnacji-storczykow-i-orchidei HTTP/1.1" 200 55676 "-" "Mozilla/5.0 (compatible; MJ12bot/v1.4.8; http://mj12bot.com/)" sklep.plantis.app "FI"
51.75.236.144 - - [16/Jan/2026:17:05:24 +0100] "GET /kategoria-produktu/wysiew/?stock_status=in_stock&filter_brand=chomik-m-swiezy-spolka-jawna,legutko,garland HTTP/1.1" 200 55271 "-" "Mozilla/5.0 (compatible; AhrefsBot/7.0; +http://ahrefs.com/robot/)" sklep.plantis.app "FR"
83.24.163.225 - - [16/Jan/2026:17:05:25 +0100] "GET /produkt/zwir-8-16-mm-20-kg/ HTTP/1.1" 200 59316 "-" "Mozilla/5.0 (Windows NT 10.0; Win64; x64) AppleWebKit/537.36 (KHTML, like Gecko) Chrome/126.0 Safari/537.36" sklep.plantis.app "PL"
83.24.163.225 - - [16/Jan/2026:17:05:26 +0100] "GET /produkt/zwir-8-16-mm-20-kg/ HTTP/1.1" 200 60946 "-" "Mozilla/5.0 (iPhone; CPU iPhone OS 17_0 like Mac OS X) AppleWebKit/605.1.15 (KHTML, like Gecko) Version/17.0 Mobile/15E148 Safari/604.1" sklep.plantis.app "PL"
2003:c7:bf26:2231:f143:358e:454a:391b - - [16/Jan/2026:17:05:25 +0100] "GET /moje-konto/ HTTP/1.1" 200 34448 "https://sklep.plantis.app/kategoria-produktu/okazje/?login_token=1f0f2f4f-dad1-6d76-979f-fa163e5c2112" "Mozilla/5.0 (Linux; Android 13; 23108RN04Y Build/TP1A.220624.014; wv) AppleWebKit/537.36 (KHTML, like Gecko) Version/4.0 Chrome/143.0.7499.192 Mobile Safari/537.36" sklep.plantis.app "DE"
2a03:2880:f80e:6d:: - - [16/Jan/2026:17:05:27 +0100] "GET /shop/?filter_cat=wysiew%2Csrodki-na-mszyce&filter_brand=compo,vaco,lider,rolimpex,bioekspert,gami,torseed HTTP/1.1" 403 787 "-" "meta-externalagent/1.1 (+https://developers.facebook.com/docs/sharing/webmasters/crawler)" sklep.plantis.app "US"
83.24.163.225 - - [16/Jan/2026:17:05:28 +0100] "GET /producent/chlortix/ HTTP/1.1" 200 53670 "-" "Mozilla/5.0 (Windows NT 10.0; Win64; x64) AppleWebKit/537.36 (KHTML, like Gecko) Chrome/126.0 Safari/537.36" sklep.plantis.app "PL"
83.24.163.225 - - [16/Jan/2026:17:05:28 +0100] "GET /wp-content/litespeed/crawler/meta.data?_=1768579377228 HTTP/1.1" 200 559 "https://sklep.plantis.app/wp-admin/admin.php?page=litespeed-crawler&promo_tag=new_version" "Mozilla/5.0 (Windows NT 10.0; Win64; x64) AppleWebKit/537.36 (KHTML, like Gecko) Chrome/143.0.0.0 Safari/537.36" sklep.plantis.app "PL"
65.108.78.33 - - [16/Jan/2026:17:05:27 +0100] "GET /kategoria-produktu/pielegnacja-i-nawozenie/?et_columns-count=3&filter_cat=nablyszczacze,nawozy-do-pielegnacji-surfinii HTTP/1.1" 200 54892 "-" "Mozilla/5.0 (compatible; MJ12bot/v1.4.8; http://mj12bot.com/)" sklep.plantis.app "FI"
83.24.163.225 - - [16/Jan/2026:17:05:29 +0100] "GET /producent/chlortix/ HTTP/1.1" 200 54431 "-" "Mozilla/5.0 (iPhone; CPU iPhone OS 17_0 like Mac OS X) AppleWebKit/605.1.15 (KHTML, like Gecko) Version/17.0 Mobile/15E148 Safari/604.1" sklep.plantis.app "PL"
83.24.163.225 - - [16/Jan/2026:17:05:27 +0100] "POST /wp-admin/admin-ajax.php HTTP/1.1" 200 51 "https://sklep.plantis.app/wp-admin/admin.php?page=litespeed-crawler&promo_tag=new_version" "Mozilla/5.0 (Windows NT 10.0; Win64; x64) AppleWebKit/537.36 (KHTML, like Gecko) Chrome/143.0.0.0 Safari/537.36" sklep.plantis.app "PL"
191.96.101.140 - - [16/Jan/2026:17:05:27 +0100] "POST /?rest_route=/litespeed/v1/notify_ucss HTTP/1.1" 200 27 "-" "Mozilla/5.0 AppleWebKit/537.36 (KHTML, like Gecko; compatible; qcbot/1.0; +http://quic.cloud/bot.html) Chrome/112.0.0.0 Safari/537.36" sklep.plantis.app "US"
2a03:2880:f80e:6f:: - - [16/Jan/2026:17:05:29 +0100] "GET /shop/?filter_cat=zima%2Cmasci-ogrodnicze&filter_brand=target,legutko,bros-sp-z-o-o,inne,bioekspert HTTP/1.1" 403 787 "-" "meta-externalagent/1.1 (+https://developers.facebook.com/docs/sharing/webmasters/crawler)" sklep.plantis.app "US"
2003:c7:bf26:2231:f143:358e:454a:391b - - [16/Jan/2026:17:05:29 +0100] "GET /kategoria-produktu/nasiona-i-cebule HTTP/1.1" 301 0 "https://sklep.plantis.app/?external_email=MTAyMjQ0MDg2MDU0ODI5MjdAZmFjZWJvb2suemllbG9uZXBvZ290b3dpZS5hcHA%3D&login_token=1f0f2f4f-dad1-6d76-979f-fa163e5c2112" "Mozilla/5.0 (Linux; Android 13; 23108RN04Y Build/TP1A.220624.014; wv) AppleWebKit/537.36 (KHTML, like Gecko) Version/4.0 Chrome/143.0.7499.192 Mobile Safari/537.36" sklep.plantis.app "DE"
83.24.163.225 - - [16/Jan/2026:17:05:30 +0100] "GET /produkt/pompka-do-opryskiwaczy-kwazar/ HTTP/1.1" 200 57090 "-" "Mozilla/5.0 (Windows NT 10.0; Win64; x64) AppleWebKit/537.36 (KHTML, like Gecko) Chrome/126.0 Safari/537.36" sklep.plantis.app "PL"
2003:c7:bf26:2231:f143:358e:454a:391b - - [16/Jan/2026:17:05:30 +0100] "GET /kategoria-produktu/nasiona-i-cebule/ HTTP/1.1" 200 45854 "https://sklep.plantis.app/?external_email=MTAyMjQ0MDg2MDU0ODI5MjdAZmFjZWJvb2suemllbG9uZXBvZ290b3dpZS5hcHA%3D&login_token=1f0f2f4f-dad1-6d76-979f-fa163e5c2112" "Mozilla/5.0 (Linux; Android 13; 23108RN04Y Build/TP1A.220624.014; wv) AppleWebKit/537.36 (KHTML, like Gecko) Version/4.0 Chrome/143.0.7499.192 Mobile Safari/537.36" sklep.plantis.app "DE"
20.101.166.13 - ck_bb6fc163f5a6460799c5ce64371c0ff4815fe123 [16/Jan/2026:17:05:28 +0100] "POST /wp-json/wc/v3/products/batch HTTP/1.1" 200 2302 "-" "RestSharp/112.0.0.0" sklep.plantis.app "NL"
20.101.166.13 - ck_bb6fc163f5a6460799c5ce64371c0ff4815fe123 [16/Jan/2026:17:05:29 +0100] "POST /wp-json/wc/v3/products/batch HTTP/1.1" 200 123 "-" "RestSharp/112.0.0.0" sklep.plantis.app "NL"
65.108.78.33 - - [16/Jan/2026:17:05:30 +0100] "GET /kategoria-produktu/pielegnacja-i-nawozenie/?et_columns-count=3&filter_cat=nablyszczacze,nawozy-do-pomidorow HTTP/1.1" 200 55980 "-" "Mozilla/5.0 (compatible; MJ12bot/v1.4.8; http://mj12bot.com/)" sklep.plantis.app "FI"
83.24.163.225 - - [16/Jan/2026:17:05:31 +0100] "GET /produkt/pompka-do-opryskiwaczy-kwazar/ HTTP/1.1" 200 58804 "-" "Mozilla/5.0 (iPhone; CPU iPhone OS 17_0 like Mac OS X) AppleWebKit/605.1.15 (KHTML, like Gecko) Version/17.0 Mobile/15E148 Safari/604.1" sklep.plantis.app "PL"
2a03:2880:f80e:59:: - - [16/Jan/2026:17:05:31 +0100] "GET /shop/?et_columns-count=3&filter_brand=poltops,sumin-d-czabanska-w-czabanski-i-wspolnicy-spolka-jawna,lamela-sp-z-o-o,torseed HTTP/1.1" 403 787 "-" "meta-externalagent/1.1 (+https://developers.facebook.com/docs/sharing/webmasters/crawler)" sklep.plantis.app "US"
109.95.157.167 - - [16/Jan/2026:17:05:31 +0100] "GET / HTTP/1.1" 200 53071 "-" "WordPress/6.9; https://sklep.plantis.app" sklep.plantis.app "PL"
83.24.163.225 - - [16/Jan/2026:17:05:30 +0100] "GET /wp-admin/admin.php?page=litespeed-crawler&promo_tag=new_version HTTP/1.1" 200 77986 "https://sklep.plantis.app/wp-admin/admin.php?page=litespeed-crawler&promo_tag=new_version" "Mozilla/5.0 (Windows NT 10.0; Win64; x64) AppleWebKit/537.36 (KHTML, like Gecko) Chrome/143.0.0.0 Safari/537.36" sklep.plantis.app "PL"
83.24.163.225 - - [16/Jan/2026:17:05:32 +0100] "GET /produkt/sum-amistar-250-sc-20-ml/ HTTP/1.1" 200 58744 "-" "Mozilla/5.0 (Windows NT 10.0; Win64; x64) AppleWebKit/537.36 (KHTML, like Gecko) Chrome/126.0 Safari/537.36" sklep.plantis.app "PL"
2a03:2880:f80e:31:: - - [16/Jan/2026:17:05:33 +0100] "GET /shop/?filter_brand=poltops-sp-z-o-o,baterie,agrobios-elzbieta-halasz,koppert,biosept,botana HTTP/1.1" 403 787 "-" "meta-externalagent/1.1 (+https://developers.facebook.com/docs/sharing/webmasters/crawler)" sklep.plantis.app "US"
2003:c7:bf26:2231:f143:358e:454a:391b - - [16/Jan/2026:17:05:30 +0100] "GET /kategoria-produktu/nasiona-i-cebule?login_token=1f0f2f4f-dad1-6d76-979f-fa163e5c2112 HTTP/1.1" 301 0 "-" "Mozilla/5.0 (Linux; Android 13; 23108RN04Y Build/TP1A.220624.014; wv) AppleWebKit/537.36 (KHTML, like Gecko) Version/4.0 Chrome/143.0.7499.192 Mobile Safari/537.36" sklep.plantis.app "DE"
83.24.163.225 - - [16/Jan/2026:17:05:33 +0100] "GET /produkt/sum-amistar-250-sc-20-ml/ HTTP/1.1" 200 60261 "-" "Mozilla/5.0 (iPhone; CPU iPhone OS 17_0 like Mac OS X) AppleWebKit/605.1.15 (KHTML, like Gecko) Version/17.0 Mobile/15E148 Safari/604.1" sklep.plantis.app "PL"
65.108.78.33 - - [16/Jan/2026:17:05:32 +0100] "GET /kategoria-produktu/pielegnacja-i-nawozenie/?et_columns-count=3&filter_cat=nablyszczacze,nawozy-do-rododendronow HTTP/1.1" 200 55413 "-" "Mozilla/5.0 (compatible; MJ12bot/v1.4.8; http://mj12bot.com/)" sklep.plantis.app "FI"
2a03:2880:f80e:30:: - - [16/Jan/2026:17:05:35 +0100] "GET /shop/?filter_cat=inne%2Cwysiew%2Cpulapki-na-krety&filter_brand=lamela-sp-z-o-o,agrecol-sp-z-o-o,amma,panasonic,p-p-h-ekodarpol HTTP/1.1" 403 787 "-" "meta-externalagent/1.1 (+https://developers.facebook.com/docs/sharing/webmasters/crawler)" sklep.plantis.app "US"
83.24.163.225 - - [16/Jan/2026:17:05:35 +0100] "GET /shop/brand/specjalistyczne-przedsiebiorstwo-gonicze-gortech-sp-z-o-o/ HTTP/1.1" 200 53937 "-" "Mozilla/5.0 (Windows NT 10.0; Win64; x64) AppleWebKit/537.36 (KHTML, like Gecko) Chrome/126.0 Safari/537.36" sklep.plantis.app "PL"
83.24.163.225 - - [16/Jan/2026:17:05:36 +0100] "GET /shop/brand/specjalistyczne-przedsiebiorstwo-gonicze-gortech-sp-z-o-o/ HTTP/1.1" 200 54823 "-" "Mozilla/5.0 (iPhone; CPU iPhone OS 17_0 like Mac OS X) AppleWebKit/605.1.15 (KHTML, like Gecko) Version/17.0 Mobile/15E148 Safari/604.1" sklep.plantis.app "PL"
2003:c7:bf26:2231:f143:358e:454a:391b - - [16/Jan/2026:17:05:33 +0100] "GET /kategoria-produktu/nasiona-i-cebule/?login_token=1f0f2f4f-dad1-6d76-979f-fa163e5c2112 HTTP/1.1" 200 46296 "-" "Mozilla/5.0 (Linux; Android 13; 23108RN04Y Build/TP1A.220624.014; wv) AppleWebKit/537.36 (KHTML, like Gecko) Version/4.0 Chrome/143.0.7499.192 Mobile Safari/537.36" sklep.plantis.app "DE"
2a03:2880:f80e:13:: - - [16/Jan/2026:17:05:37 +0100] "GET /shop/?filter_brand=browin-sp-z-o-o-sp-k,alvanaeko-sp-z-o-o,lamela,cellfast,agrecol HTTP/1.1" 403 787 "-" "meta-externalagent/1.1 (+https://developers.facebook.com/docs/sharing/webmasters/crawler)" sklep.plantis.app "US"
65.108.78.33 - - [16/Jan/2026:17:05:35 +0100] "GET /kategoria-produktu/pielegnacja-i-nawozenie/?et_columns-count=3&filter_cat=nablyszczacze,nawozy-do-roslin-iglastych HTTP/1.1" 200 56079 "-" "Mozilla/5.0 (compatible; MJ12bot/v1.4.8; http://mj12bot.com/)" sklep.plantis.app "FI"
2003:c7:bf26:2231:f143:358e:454a:391b - - [16/Jan/2026:17:05:34 +0100] "GET /kategoria-produktu/nasiona-i-cebule/?login_token=1f0f2f4f-dad1-6d76-979f-fa163e5c2112 HTTP/1.1" 200 46285 "-" "Mozilla/5.0 (Linux; Android 13; 23108RN04Y Build/TP1A.220624.014; wv) AppleWebKit/537.36 (KHTML, like Gecko) Version/4.0 Chrome/143.0.7499.192 Mobile Safari/537.36" sklep.plantis.app "DE"
83.24.163.225 - - [16/Jan/2026:17:05:37 +0100] "GET /produkt/zestaw-narzedzi-p-262-lopatka-kultywator-grabie-motyka-uchwyt-wolf-garten/ HTTP/1.1" 200 59091 "-" "Mozilla/5.0 (Windows NT 10.0; Win64; x64) AppleWebKit/537.36 (KHTML, like Gecko) Chrome/126.0 Safari/537.36" sklep.plantis.app "PL"
51.68.247.204 - - [16/Jan/2026:17:05:36 +0100] "GET /kategoria-produktu/wysiew/?stock_status=in_stock&filter_brand=chomik-m-swiezy-spolka-jawna,legutko,doniczki-torfowe HTTP/1.1" 200 55218 "-" "Mozilla/5.0 (compatible; AhrefsBot/7.0; +http://ahrefs.com/robot/)" sklep.plantis.app "FR"
2a03:2880:f80e:16:: - - [16/Jan/2026:17:05:38 +0100] "GET /shop/?et_columns-count=1&filter_brand=p-p-h-u-dolpol-maria-radawska,terracottem,inne,jrk-roman-korzeniewski,tin-tours HTTP/1.1" 403 787 "-" "meta-externalagent/1.1 (+https://developers.facebook.com/docs/sharing/webmasters/crawler)" sklep.plantis.app "US"
2003:c7:bf26:2231:f143:358e:454a:391b - - [16/Jan/2026:17:05:38 +0100] "GET /wp-content/uploads/2025/12/Aksamitka-waskolistna-Luna-Rot-przod-300x300.jpg HTTP/1.1" 200 17890 "https://sklep.plantis.app/kategoria-produktu/nasiona-i-cebule/?login_token=1f0f2f4f-dad1-6d76-979f-fa163e5c2112" "Mozilla/5.0 (Linux; Android 13; 23108RN04Y Build/TP1A.220624.014; wv) AppleWebKit/537.36 (KHTML, like Gecko) Version/4.0 Chrome/143.0.7499.192 Mobile Safari/537.36" sklep.plantis.app "DE"
2003:c7:bf26:2231:f143:358e:454a:391b - - [16/Jan/2026:17:05:38 +0100] "GET /wp-content/uploads/2025/12/Aksamitka-wzniesiona-Arctic-przod-300x300.jpg HTTP/1.1" 200 15138 "https://sklep.plantis.app/kategoria-produktu/nasiona-i-cebule/?login_token=1f0f2f4f-dad1-6d76-979f-fa163e5c2112" "Mozilla/5.0 (Linux; Android 13; 23108RN04Y Build/TP1A.220624.014; wv) AppleWebKit/537.36 (KHTML, like Gecko) Version/4.0 Chrome/143.0.7499.192 Mobile Safari/537.36" sklep.plantis.app "DE"
2003:c7:bf26:2231:f143:358e:454a:391b - - [16/Jan/2026:17:05:38 +0100] "GET /wp-content/uploads/2025/06/20699-scaled-300x300.jpg.webp HTTP/1.1" 200 20836 "https://sklep.plantis.app/kategoria-produktu/nasiona-i-cebule/?login_token=1f0f2f4f-dad1-6d76-979f-fa163e5c2112" "Mozilla/5.0 (Linux; Android 13; 23108RN04Y Build/TP1A.220624.014; wv) AppleWebKit/537.36 (KHTML, like Gecko) Version/4.0 Chrome/143.0.7499.192 Mobile Safari/537.36" sklep.plantis.app "DE"
83.24.163.225 - - [16/Jan/2026:17:05:39 +0100] "GET /produkt/zestaw-narzedzi-p-262-lopatka-kultywator-grabie-motyka-uchwyt-wolf-garten/ HTTP/1.1" 200 60858 "-" "Mozilla/5.0 (iPhone; CPU iPhone OS 17_0 like Mac OS X) AppleWebKit/605.1.15 (KHTML, like Gecko) Version/17.0 Mobile/15E148 Safari/604.1" sklep.plantis.app "PL"
83.24.163.225 - - [16/Jan/2026:17:05:40 +0100] "GET /produkt/obrzeze-faliste-trawnikowe-zielone-25-cm-x-9-m-bradas/ HTTP/1.1" 200 58159 "-" "Mozilla/5.0 (Windows NT 10.0; Win64; x64) AppleWebKit/537.36 (KHTML, like Gecko) Chrome/126.0 Safari/537.36" sklep.plantis.app "PL"
65.108.78.33 - - [16/Jan/2026:17:05:39 +0100] "GET /kategoria-produktu/pielegnacja-i-nawozenie/?et_columns-count=3&filter_cat=nablyszczacze,nawozy-do-roslin-ozdobnych HTTP/1.1" 200 56082 "-" "Mozilla/5.0 (compatible; MJ12bot/v1.4.8; http://mj12bot.com/)" sklep.plantis.app "FI"
2a03:2880:f80e:60:: - - [16/Jan/2026:17:05:40 +0100] "GET /shop/?filter_cat=inne%2Cdom-i-ogrod&filter_brand=koppert,himal,agropak-sp-j-brzezinski-i-wspolnicy,kronen,biogrod-tomasz-jonak,target-spolka-akcyjna,protect-home HTTP/1.1" 403 787 "-" "meta-externalagent/1.1 (+https://developers.facebook.com/docs/sharing/webmasters/crawler)" sklep.plantis.app "US"
83.24.163.225 - - [16/Jan/2026:17:05:42 +0100] "GET /produkt/obrzeze-faliste-trawnikowe-zielone-25-cm-x-9-m-bradas/ HTTP/1.1" 200 59832 "-" "Mozilla/5.0 (iPhone; CPU iPhone OS 17_0 like Mac OS X) AppleWebKit/605.1.15 (KHTML, like Gecko) Version/17.0 Mobile/15E148 Safari/604.1" sklep.plantis.app "PL"
2003:c7:bf26:2231:f143:358e:454a:391b - - [16/Jan/2026:17:05:42 +0100] "GET /produkt/aksamitka-wzniesiona-arctic-kiepenkerl/ HTTP/1.1" 200 50170 "https://sklep.plantis.app/kategoria-produktu/nasiona-i-cebule/?login_token=1f0f2f4f-dad1-6d76-979f-fa163e5c2112" "Mozilla/5.0 (Linux; Android 13; 23108RN04Y Build/TP1A.220624.014; wv) AppleWebKit/537.36 (KHTML, like Gecko) Version/4.0 Chrome/143.0.7499.192 Mobile Safari/537.36" sklep.plantis.app "DE"
2a03:2880:f80e:31:: - - [16/Jan/2026:17:05:42 +0100] "GET /shop/?filter_cat=cebulki%2Csrodki-do-prania&filter_brand=orion,panasonic,biovita-sp-z-o-o,kwazar-corporation-sp-z-o-o,botana,protect-garden,biovita HTTP/1.1" 403 787 "-" "meta-externalagent/1.1 (+https://developers.facebook.com/docs/sharing/webmasters/crawler)" sklep.plantis.app "US"
83.24.163.225 - - [16/Jan/2026:17:05:43 +0100] "GET /produkt/mocznik-5-kg-ogrod-start/ HTTP/1.1" 200 58979 "-" "Mozilla/5.0 (Windows NT 10.0; Win64; x64) AppleWebKit/537.36 (KHTML, like Gecko) Chrome/126.0 Safari/537.36" sklep.plantis.app "PL"
65.108.78.33 - - [16/Jan/2026:17:05:42 +0100] "GET /kategoria-produktu/pielegnacja-i-nawozenie/?et_columns-count=3&filter_cat=nablyszczacze,nawozy-do-roz HTTP/1.1" 200 55408 "-" "Mozilla/5.0 (compatible; MJ12bot/v1.4.8; http://mj12bot.com/)" sklep.plantis.app "FI"
2a03:2880:f80e:34:: - - [16/Jan/2026:17:05:44 +0100] "GET /shop/?filter_cat=szkodniki%2Cnasiona-kwiatow&filter_brand=orion,legutko,grupa-orion-sp-z-o-o,space-star,botana HTTP/1.1" 403 787 "-" "meta-externalagent/1.1 (+https://developers.facebook.com/docs/sharing/webmasters/crawler)" sklep.plantis.app "US"
65.108.78.33 - - [16/Jan/2026:17:05:45 +0100] "GET /kategoria-produktu/pielegnacja-i-nawozenie/?et_columns-count=3&filter_cat=nablyszczacze,nawozy-do-truskawek HTTP/1.1" 200 55442 "-" "Mozilla/5.0 (compatible; MJ12bot/v1.4.8; http://mj12bot.com/)" sklep.plantis.app "FI"
2003:c7:bf26:2231:f143:358e:454a:391b - - [16/Jan/2026:17:05:46 +0100] "GET /wp-content/uploads/2025/06/20701-scaled-300x300.jpg.webp HTTP/1.1" 200 17066 "https://sklep.plantis.app/kategoria-produktu/nasiona-i-cebule/?login_token=1f0f2f4f-dad1-6d76-979f-fa163e5c2112" "Mozilla/5.0 (Linux; Android 13; 23108RN04Y Build/TP1A.220624.014; wv) AppleWebKit/537.36 (KHTML, like Gecko) Version/4.0 Chrome/143.0.7499.192 Mobile Safari/537.36" sklep.plantis.app "DE"
2a03:2880:f80e:2a:: - - [16/Jan/2026:17:05:46 +0100] "GET /shop/?filter_cat=inne%2Cwysiew%2Cpulapki-na-krety&filter_brand=lamela-sp-z-o-o,agrecol-sp-z-o-o,tin-tours,agropak,w-legutko HTTP/1.1" 403 787 "-" "meta-externalagent/1.1 (+https://developers.facebook.com/docs/sharing/webmasters/crawler)" sklep.plantis.app "US"
83.24.163.225 - - [16/Jan/2026:17:05:45 +0100] "GET /produkt/mocznik-5-kg-ogrod-start/ HTTP/1.1" 200 60478 "-" "Mozilla/5.0 (iPhone; CPU iPhone OS 17_0 like Mac OS X) AppleWebKit/605.1.15 (KHTML, like Gecko) Version/17.0 Mobile/15E148 Safari/604.1" sklep.plantis.app "PL"
2a03:2880:f80e:34:: - - [16/Jan/2026:17:05:48 +0100] "GET /shop/?filter_cat=wysiew%2Csrodki-na-mszyce&filter_brand=biogrod,ziemovit,lider-sp-z-o-o,zoigarden,biovita-sp-z-o-o,tin-tours HTTP/1.1" 403 787 "-" "meta-externalagent/1.1 (+https://developers.facebook.com/docs/sharing/webmasters/crawler)" sklep.plantis.app "US"
83.24.163.225 - - [16/Jan/2026:17:05:48 +0100] "GET /produkt/obornik-konski-w-plynie-wyciag-uniwersalny-1-l-target/ HTTP/1.1" 200 58383 "-" "Mozilla/5.0 (Windows NT 10.0; Win64; x64) AppleWebKit/537.36 (KHTML, like Gecko) Chrome/126.0 Safari/537.36" sklep.plantis.app "PL"
85.208.96.206 - - [16/Jan/2026:17:05:47 +0100] "GET /shop/?filter_cat=biegajace%2Cpily%2Cinne%2Cseeds HTTP/1.1" 200 56357 "-" "Mozilla/5.0 (compatible; SemrushBot/7~bl; +http://www.semrush.com/bot.html)" sklep.plantis.app "US"
65.108.78.33 - - [16/Jan/2026:17:05:47 +0100] "GET /kategoria-produktu/pielegnacja-i-nawozenie/?et_columns-count=3&filter_cat=nablyszczacze,nawozy-do-tui HTTP/1.1" 200 55369 "-" "Mozilla/5.0 (compatible; MJ12bot/v1.4.8; http://mj12bot.com/)" sklep.plantis.app "FI"
2003:c7:bf26:2231:f143:358e:454a:391b - - [16/Jan/2026:17:05:49 +0100] "GET /wp-content/uploads/2025/12/Bocwina-Bright-Lights-PowerSaat-przod-300x300.jpg HTTP/1.1" 200 14822 "https://sklep.plantis.app/kategoria-produktu/nasiona-i-cebule/?login_token=1f0f2f4f-dad1-6d76-979f-fa163e5c2112" "Mozilla/5.0 (Linux; Android 13; 23108RN04Y Build/TP1A.220624.014; wv) AppleWebKit/537.36 (KHTML, like Gecko) Version/4.0 Chrome/143.0.7499.192 Mobile Safari/537.36" sklep.plantis.app "DE"
83.24.163.225 - - [16/Jan/2026:17:05:49 +0100] "GET /produkt/obornik-konski-w-plynie-wyciag-uniwersalny-1-l-target/ HTTP/1.1" 200 60058 "-" "Mozilla/5.0 (iPhone; CPU iPhone OS 17_0 like Mac OS X) AppleWebKit/605.1.15 (KHTML, like Gecko) Version/17.0 Mobile/15E148 Safari/604.1" sklep.plantis.app "PL"
2a03:2880:f80e:5:: - - [16/Jan/2026:17:05:50 +0100] "GET /shop/?filter_cat=szkodniki%2Cdom&filter_brand=orion,protect-home,biosept,kwazar-corporation-sp-z-o-o,space-star,agro-jumal HTTP/1.1" 403 787 "-" "meta-externalagent/1.1 (+https://developers.facebook.com/docs/sharing/webmasters/crawler)" sklep.plantis.app "US"
65.108.78.33 - - [16/Jan/2026:17:05:50 +0100] "GET /kategoria-produktu/pielegnacja-i-nawozenie/?et_columns-count=3&filter_cat=nablyszczacze,nawozy-do-warzyw HTTP/1.1" 200 56104 "-" "Mozilla/5.0 (compatible; MJ12bot/v1.4.8; http://mj12bot.com/)" sklep.plantis.app "FI"
54.37.118.64 - - [16/Jan/2026:17:05:49 +0100] "GET /kategoria-produktu/wysiew/?stock_status=in_stock&filter_brand=chomik-m-swiezy-spolka-jawna,legutko,biovita HTTP/1.1" 200 55247 "-" "Mozilla/5.0 (compatible; AhrefsBot/7.0; +http://ahrefs.com/robot/)" sklep.plantis.app "FR"
83.24.163.225 - - [16/Jan/2026:17:05:51 +0100] "GET /produkt/wilec-blue-star-kiepenkerl/ HTTP/1.1" 200 58100 "-" "Mozilla/5.0 (Windows NT 10.0; Win64; x64) AppleWebKit/537.36 (KHTML, like Gecko) Chrome/126.0 Safari/537.36" sklep.plantis.app "PL"
2003:c7:bf26:2231:f143:358e:454a:391b - - [16/Jan/2026:17:05:52 +0100] "GET /wp-content/uploads/2025/06/18028-300x300.jpg.webp HTTP/1.1" 200 17004 "https://sklep.plantis.app/kategoria-produktu/nasiona-i-cebule/?login_token=1f0f2f4f-dad1-6d76-979f-fa163e5c2112" "Mozilla/5.0 (Linux; Android 13; 23108RN04Y Build/TP1A.220624.014; wv) AppleWebKit/537.36 (KHTML, like Gecko) Version/4.0 Chrome/143.0.7499.192 Mobile Safari/537.36" sklep.plantis.app "DE"
2a03:2880:f80e:3e:: - - [16/Jan/2026:17:05:52 +0100] "GET /shop/?filter_cat=szkodniki%2Cnawozy-do-wrzosow%2Cminiszklarenki%2Cpulapki-na-krety&filter_brand=orion,koppert,tin-tours,ekagro HTTP/1.1" 403 787 "-" "meta-externalagent/1.1 (+https://developers.facebook.com/docs/sharing/webmasters/crawler)" sklep.plantis.app "US"
83.24.163.225 - - [16/Jan/2026:17:05:52 +0100] "GET /produkt/wilec-blue-star-kiepenkerl/ HTTP/1.1" 200 59763 "-" "Mozilla/5.0 (iPhone; CPU iPhone OS 17_0 like Mac OS X) AppleWebKit/605.1.15 (KHTML, like Gecko) Version/17.0 Mobile/15E148 Safari/604.1" sklep.plantis.app "PL"
65.108.78.33 - - [16/Jan/2026:17:05:52 +0100] "GET /kategoria-produktu/pielegnacja-i-nawozenie/?et_columns-count=3&filter_cat=nablyszczacze,nawozy-do-wrzosow HTTP/1.1" 200 54953 "-" "Mozilla/5.0 (compatible; MJ12bot/v1.4.8; http://mj12bot.com/)" sklep.plantis.app "FI"
83.24.163.225 - - [16/Jan/2026:17:05:54 +0100] "GET /produkt/discus-500-wg-25-g-preparat-na-parcha-rdze-i-maczniaka-rzekomego-sumin/ HTTP/1.1" 200 59046 "-" "Mozilla/5.0 (Windows NT 10.0; Win64; x64) AppleWebKit/537.36 (KHTML, like Gecko) Chrome/126.0 Safari/537.36" sklep.plantis.app "PL"
2a03:2880:f80e:36:: - - [16/Jan/2026:17:05:54 +0100] "GET /shop/?filter_cat=szkodniki%2Cpistolety%2Cinne&filter_brand=orion,protect-garden,vegano,kwazar-corporation-sp-z-o-o,botana,symbivit HTTP/1.1" 403 787 "-" "meta-externalagent/1.1 (+https://developers.facebook.com/docs/sharing/webmasters/crawler)" sklep.plantis.app "US"
65.108.78.33 - - [16/Jan/2026:17:05:55 +0100] "GET /kategoria-produktu/pielegnacja-i-nawozenie/?et_columns-count=3&filter_cat=nablyszczacze,nawozy-jesienne HTTP/1.1" 200 55171 "-" "Mozilla/5.0 (compatible; MJ12bot/v1.4.8; http://mj12bot.com/)" sklep.plantis.app "FI"
83.24.163.225 - - [16/Jan/2026:17:05:55 +0100] "GET /produkt/discus-500-wg-25-g-preparat-na-parcha-rdze-i-maczniaka-rzekomego-sumin/ HTTP/1.1" 200 60584 "-" "Mozilla/5.0 (iPhone; CPU iPhone OS 17_0 like Mac OS X) AppleWebKit/605.1.15 (KHTML, like Gecko) Version/17.0 Mobile/15E148 Safari/604.1" sklep.plantis.app "PL"
2a03:2880:f80e:6a:: - - [16/Jan/2026:17:05:56 +0100] "GET /shop/?filter_cat=do-gleby%2Cnawozy-jesienne&filter_brand=koopman,biovita-sp-z-o-o,lider-sp-z-o-o,bioekspert,baterie HTTP/1.1" 403 787 "-" "meta-externalagent/1.1 (+https://developers.facebook.com/docs/sharing/webmasters/crawler)" sklep.plantis.app "US"
83.24.163.225 - - [16/Jan/2026:17:05:57 +0100] "GET /produkt/miotla-do-ulic-i-chodnikow-40-cm-multi-star-wolf-garten/ HTTP/1.1" 200 58101 "-" "Mozilla/5.0 (Windows NT 10.0; Win64; x64) AppleWebKit/537.36 (KHTML, like Gecko) Chrome/126.0 Safari/537.36" sklep.plantis.app "PL"
65.108.78.33 - - [16/Jan/2026:17:05:56 +0100] "GET /kategoria-produktu/pielegnacja-i-nawozenie/?et_columns-count=3&filter_cat=nablyszczacze,nawozy-jesienne-nawozy-do-roslin-iglastych HTTP/1.1" 200 55167 "-" "Mozilla/5.0 (compatible; MJ12bot/v1.4.8; http://mj12bot.com/)" sklep.plantis.app "FI"
83.24.163.225 - - [16/Jan/2026:17:05:58 +0100] "GET /produkt/miotla-do-ulic-i-chodnikow-40-cm-multi-star-wolf-garten/ HTTP/1.1" 200 59622 "-" "Mozilla/5.0 (iPhone; CPU iPhone OS 17_0 like Mac OS X) AppleWebKit/605.1.15 (KHTML, like Gecko) Version/17.0 Mobile/15E148 Safari/604.1" sklep.plantis.app "PL"
2a03:2880:f80e:d:: - - [16/Jan/2026:17:05:58 +0100] "GET /shop/?filter_cat=szkodniki%2Cnawozy-do-wrzosow%2Cinne%2Cnawozy-jesienne&filter_brand=orion,jiffy,biovita-sp-z-o-o,bioekspert,sumin HTTP/1.1" 403 787 "-" "meta-externalagent/1.1 (+https://developers.facebook.com/docs/sharing/webmasters/crawler)" sklep.plantis.app "US"
2003:c7:bf26:2231:f143:358e:454a:391b - - [16/Jan/2026:17:06:00 +0100] "GET /polityka-prywatnosci/ HTTP/1.1" 200 56875 "https://sklep.plantis.app/kategoria-produktu/nasiona-i-cebule/?login_token=1f0f2f4f-dad1-6d76-979f-fa163e5c2112" "Mozilla/5.0 (Linux; Android 13; 23108RN04Y Build/TP1A.220624.014; wv) AppleWebKit/537.36 (KHTML, like Gecko) Version/4.0 Chrome/143.0.7499.192 Mobile Safari/537.36" sklep.plantis.app "DE"
83.24.163.225 - - [16/Jan/2026:17:06:00 +0100] "GET /produkt/pokrywka-xl-do-tacy-wysiewowej-garland/ HTTP/1.1" 200 58152 "-" "Mozilla/5.0 (Windows NT 10.0; Win64; x64) AppleWebKit/537.36 (KHTML, like Gecko) Chrome/126.0 Safari/537.36" sklep.plantis.app "PL"
2003:c7:bf26:2231:f143:358e:454a:391b - - [16/Jan/2026:17:06:00 +0100] "GET /regulamin-sklepu/ HTTP/1.1" 200 50223 "https://sklep.plantis.app/kategoria-produktu/nasiona-i-cebule/?login_token=1f0f2f4f-dad1-6d76-979f-fa163e5c2112" "Mozilla/5.0 (Linux; Android 13; 23108RN04Y Build/TP1A.220624.014; wv) AppleWebKit/537.36 (KHTML, like Gecko) Version/4.0 Chrome/143.0.7499.192 Mobile Safari/537.36" sklep.plantis.app "DE"
2a03:2880:f80e:26:: - - [16/Jan/2026:17:06:00 +0100] "GET /shop/?filter_cat=wysiew%2Csrodki-na-mszyce%2Cchwasty-w-ogrodzie%2Cpulapki-na-krety&filter_brand=biogrod,bros-sp-z-o-o,alvanaeko,amma HTTP/1.1" 403 787 "-" "meta-externalagent/1.1 (+https://developers.facebook.com/docs/sharing/webmasters/crawler)" sklep.plantis.app "US"
65.108.78.33 - - [16/Jan/2026:17:06:00 +0100] "GET /kategoria-produktu/pielegnacja-i-nawozenie/?et_columns-count=3&filter_cat=nablyszczacze,nawozy-na-brazowienie-iglakow HTTP/1.1" 200 55434 "-" "Mozilla/5.0 (compatible; MJ12bot/v1.4.8; http://mj12bot.com/)" sklep.plantis.app "FI"
83.24.163.225 - - [16/Jan/2026:17:06:01 +0100] "GET /produkt/pokrywka-xl-do-tacy-wysiewowej-garland/ HTTP/1.1" 200 59736 "-" "Mozilla/5.0 (iPhone; CPU iPhone OS 17_0 like Mac OS X) AppleWebKit/605.1.15 (KHTML, like Gecko) Version/17.0 Mobile/15E148 Safari/604.1" sklep.plantis.app "PL"
2a03:2880:f80e:36:: - - [16/Jan/2026:17:06:02 +0100] "GET /shop/?filter_cat=gryzonie%2Csrodki-do-prania%2Cpodloza&filter_brand=gami,bioekspert-sp-z-o-o,kwazar-corporation-sp-z-o-o,botana,amma,kard-obara-kazimierz HTTP/1.1" 403 787 "-" "meta-externalagent/1.1 (+https://developers.facebook.com/docs/sharing/webmasters/crawler)" sklep.plantis.app "US"
83.24.163.225 - - [16/Jan/2026:17:06:03 +0100] "GET /produkt/wysokoazotowy-nawoz-do-trawnika-vegano-wspierany-natura-8-kg/ HTTP/1.1" 200 58619 "-" "Mozilla/5.0 (Windows NT 10.0; Win64; x64) AppleWebKit/537.36 (KHTML, like Gecko) Chrome/126.0 Safari/537.36" sklep.plantis.app "PL"
5.39.109.190 - - [16/Jan/2026:17:06:02 +0100] "GET /kategoria-produktu/wysiew/?stock_status=in_stock&filter_brand=chomik-m-swiezy-spolka-jawna,legutko,amma HTTP/1.1" 200 55258 "-" "Mozilla/5.0 (compatible; AhrefsBot/7.0; +http://ahrefs.com/robot/)" sklep.plantis.app "FR"
2a03:2880:f80e:5:: - - [16/Jan/2026:17:06:04 +0100] "GET /shop/?filter_cat=wysiew%2Csrodki-na-mszyce%2Cnawozy-do-lawendy%2Csrodki-na-mrowki&filter_brand=jiffy,hydrokompleks,biovita,bros-sp-z-o-o,tin-tours HTTP/1.1" 403 787 "-" "meta-externalagent/1.1 (+https://developers.facebook.com/docs/sharing/webmasters/crawler)" sklep.plantis.app "US"
83.24.163.225 - - [16/Jan/2026:17:06:04 +0100] "GET /produkt/wysokoazotowy-nawoz-do-trawnika-vegano-wspierany-natura-8-kg/ HTTP/1.1" 200 60106 "-" "Mozilla/5.0 (iPhone; CPU iPhone OS 17_0 like Mac OS X) AppleWebKit/605.1.15 (KHTML, like Gecko) Version/17.0 Mobile/15E148 Safari/604.1" sklep.plantis.app "PL"
65.108.78.33 - - [16/Jan/2026:17:06:02 +0100] "GET /kategoria-produktu/pielegnacja-i-nawozenie/?et_columns-count=3&filter_cat=nablyszczacze,nawozy-na-trawniki-z-chwastami HTTP/1.1" 200 55710 "-" "Mozilla/5.0 (compatible; MJ12bot/v1.4.8; http://mj12bot.com/)" sklep.plantis.app "FI"
83.24.163.225 - - [16/Jan/2026:17:06:06 +0100] "GET /kategoria-produktu/pielegnacja-i-nawozenie/nawozy-do-roslin-iglastych/nawozy-na-brazowienie-iglakow/ HTTP/1.1" 200 54243 "-" "Mozilla/5.0 (Windows NT 10.0; Win64; x64) AppleWebKit/537.36 (KHTML, like Gecko) Chrome/126.0 Safari/537.36" sklep.plantis.app "PL"
2a03:2880:f80e:58:: - - [16/Jan/2026:17:06:06 +0100] "GET /shop/?filter_cat=wysiew%2Csrodki-na-mszyce%2Cbiostymulator&filter_brand=poszwald,biosept,ogrod-start,hydrokompleks,megran HTTP/1.1" 403 787 "-" "meta-externalagent/1.1 (+https://developers.facebook.com/docs/sharing/webmasters/crawler)" sklep.plantis.app "US"
2003:c7:bf26:2231:f143:358e:454a:391b - - [16/Jan/2026:17:06:03 +0100] "GET /kategoria-produktu/nasiona-i-cebule/page/2/?login_token=1f0f2f4f-dad1-6d76-979f-fa163e5c2112 HTTP/1.1" 200 46376 "https://sklep.plantis.app/kategoria-produktu/nasiona-i-cebule/page/2/?login_token=1f0f2f4f-dad1-6d76-979f-fa163e5c2112" "Mozilla/5.0 (Linux; Android 13; 23108RN04Y Build/TP1A.220624.014; wv) AppleWebKit/537.36 (KHTML, like Gecko) Version/4.0 Chrome/143.0.7499.192 Mobile Safari/537.36" sklep.plantis.app "DE"
2003:c7:bf26:2231:f143:358e:454a:391b - - [16/Jan/2026:17:06:07 +0100] "GET /wp-content/uploads/2025/10/Group-228.png HTTP/1.1" 200 2924 "https://sklep.plantis.app/kategoria-produktu/nasiona-i-cebule/page/2/?login_token=1f0f2f4f-dad1-6d76-979f-fa163e5c2112" "Mozilla/5.0 (Linux; Android 13; 23108RN04Y Build/TP1A.220624.014; wv) AppleWebKit/537.36 (KHTML, like Gecko) Version/4.0 Chrome/143.0.7499.192 Mobile Safari/537.36" sklep.plantis.app "DE"
2003:c7:bf26:2231:f143:358e:454a:391b - - [16/Jan/2026:17:06:07 +0100] "GET /wp-content/uploads/xstore/xstore-placeholder-1x1.png HTTP/1.1" 200 44 "https://sklep.plantis.app/kategoria-produktu/nasiona-i-cebule/page/2/?login_token=1f0f2f4f-dad1-6d76-979f-fa163e5c2112" "Mozilla/5.0 (Linux; Android 13; 23108RN04Y Build/TP1A.220624.014; wv) AppleWebKit/537.36 (KHTML, like Gecko) Version/4.0 Chrome/143.0.7499.192 Mobile Safari/537.36" sklep.plantis.app "DE"
2003:c7:bf26:2231:f143:358e:454a:391b - - [16/Jan/2026:17:06:07 +0100] "GET /wp-content/uploads/2025/06/20719-scaled-300x300.jpg HTTP/1.1" 200 15065 "https://sklep.plantis.app/kategoria-produktu/nasiona-i-cebule/page/2/?login_token=1f0f2f4f-dad1-6d76-979f-fa163e5c2112" "Mozilla/5.0 (Linux; Android 13; 23108RN04Y Build/TP1A.220624.014; wv) AppleWebKit/537.36 (KHTML, like Gecko) Version/4.0 Chrome/143.0.7499.192 Mobile Safari/537.36" sklep.plantis.app "DE"
2003:c7:bf26:2231:f143:358e:454a:391b - - [16/Jan/2026:17:06:07 +0100] "GET /wp-content/uploads/2025/12/Cykoria-przod-300x300.jpg HTTP/1.1" 200 11954 "https://sklep.plantis.app/kategoria-produktu/nasiona-i-cebule/page/2/?login_token=1f0f2f4f-dad1-6d76-979f-fa163e5c2112" "Mozilla/5.0 (Linux; Android 13; 23108RN04Y Build/TP1A.220624.014; wv) AppleWebKit/537.36 (KHTML, like Gecko) Version/4.0 Chrome/143.0.7499.192 Mobile Safari/537.36" sklep.plantis.app "DE"
83.24.163.225 - - [16/Jan/2026:17:06:07 +0100] "GET /kategoria-produktu/pielegnacja-i-nawozenie/nawozy-do-roslin-iglastych/nawozy-na-brazowienie-iglakow/ HTTP/1.1" 200 55029 "-" "Mozilla/5.0 (iPhone; CPU iPhone OS 17_0 like Mac OS X) AppleWebKit/605.1.15 (KHTML, like Gecko) Version/17.0 Mobile/15E148 Safari/604.1" sklep.plantis.app "PL"
65.108.78.33 - - [16/Jan/2026:17:06:06 +0100] "GET /kategoria-produktu/pielegnacja-i-nawozenie/?et_columns-count=3&filter_cat=nablyszczacze,nawozy-na-trawniki-z-mchem HTTP/1.1" 200 55640 "-" "Mozilla/5.0 (compatible; MJ12bot/v1.4.8; http://mj12bot.com/)" sklep.plantis.app "FI"
2a03:2880:f80e:41:: - - [16/Jan/2026:17:06:08 +0100] "GET /shop/?et_columns-count=1&filter_cat=nasiona-traw%2Cdo-gleby%2Cnasiona-kwiatow%2Cpozostale&filter_brand=biogrod-tomasz-jonak,ogrod-start,kard-obara-kazimierz,poltops-sp-z-o-o,hydrouprawa HTTP/1.1" 403 787 "-" "meta-externalagent/1.1 (+https://developers.facebook.com/docs/sharing/webmasters/crawler)" sklep.plantis.app "US"
83.24.163.225 - - [16/Jan/2026:17:06:08 +0100] "GET /produkt/mikoryza-symbivit-pomidor-i-papryka-750-g-symbiom/ HTTP/1.1" 200 59479 "-" "Mozilla/5.0 (Windows NT 10.0; Win64; x64) AppleWebKit/537.36 (KHTML, like Gecko) Chrome/126.0 Safari/537.36" sklep.plantis.app "PL"
2003:c7:bf26:2231:f143:358e:454a:391b - - [16/Jan/2026:17:06:09 +0100] "GET /wp-content/uploads/2025/06/21678-scaled-300x300.jpg HTTP/1.1" 200 16667 "https://sklep.plantis.app/kategoria-produktu/nasiona-i-cebule/page/2/?login_token=1f0f2f4f-dad1-6d76-979f-fa163e5c2112" "Mozilla/5.0 (Linux; Android 13; 23108RN04Y Build/TP1A.220624.014; wv) AppleWebKit/537.36 (KHTML, like Gecko) Version/4.0 Chrome/143.0.7499.192 Mobile Safari/537.36" sklep.plantis.app "DE"
65.108.78.33 - - [16/Jan/2026:17:06:09 +0100] "GET /kategoria-produktu/pielegnacja-i-nawozenie/?et_columns-count=3&filter_cat=nablyszczacze,nawozy-uniwersalne HTTP/1.1" 200 55463 "-" "Mozilla/5.0 (compatible; MJ12bot/v1.4.8; http://mj12bot.com/)" sklep.plantis.app "FI"
2a03:2880:f80e:4b:: - - [16/Jan/2026:17:06:10 +0100] "GET /shop/?filter_cat=szkodniki%2Cnasiona-kwiatow%2Csrodki-na-mrowki&filter_brand=orion,panasonic,bros-sp-z-o-o,ogrod-start,bioekspert HTTP/1.1" 403 787 "-" "meta-externalagent/1.1 (+https://developers.facebook.com/docs/sharing/webmasters/crawler)" sklep.plantis.app "US"
83.24.163.225 - - [16/Jan/2026:17:06:10 +0100] "GET /produkt/mikoryza-symbivit-pomidor-i-papryka-750-g-symbiom/ HTTP/1.1" 200 60975 "-" "Mozilla/5.0 (iPhone; CPU iPhone OS 17_0 like Mac OS X) AppleWebKit/605.1.15 (KHTML, like Gecko) Version/17.0 Mobile/15E148 Safari/604.1" sklep.plantis.app "PL"
5.173.192.1 - - [16/Jan/2026:17:06:08 +0100] "GET /?external_email=MjUwOTIzNTQyOTcwNDQwOTJAZmFjZWJvb2suemllbG9uZXBvZ290b3dpZS5hcHA%3D&login_token=1f0ed2f1-f33e-669e-98c9-fa163e5c2112 HTTP/1.1" 200 57806 "-" "Mozilla/5.0 (Linux; Android 15; motorola edge 40 neo Build/V1TMS35H.3-45-3; wv) AppleWebKit/537.36 (KHTML, like Gecko) Version/4.0 Chrome/143.0.7499.192 Mobile Safari/537.36" sklep.plantis.app "PL"
83.24.163.225 - - [16/Jan/2026:17:06:11 +0100] "GET /produkt/szybkozlacze-przelot-abs-pc-ideal-1-2-5-8-cellfast/ HTTP/1.1" 200 57890 "-" "Mozilla/5.0 (Windows NT 10.0; Win64; x64) AppleWebKit/537.36 (KHTML, like Gecko) Chrome/126.0 Safari/537.36" sklep.plantis.app "PL"
5.173.192.1 - - [16/Jan/2026:17:06:12 +0100] "GET /wp-content/uploads/2025/10/Group-228.png.webp HTTP/1.1" 200 2876 "https://sklep.plantis.app/?external_email=MjUwOTIzNTQyOTcwNDQwOTJAZmFjZWJvb2suemllbG9uZXBvZ290b3dpZS5hcHA%3D&login_token=1f0ed2f1-f33e-669e-98c9-fa163e5c2112" "Mozilla/5.0 (Linux; Android 15; motorola edge 40 neo Build/V1TMS35H.3-45-3; wv) AppleWebKit/537.36 (KHTML, like Gecko) Version/4.0 Chrome/143.0.7499.192 Mobile Safari/537.36" sklep.plantis.app "PL"
5.173.192.1 - - [16/Jan/2026:17:06:12 +0100] "POST /wp-content/plugins/litespeed-cache/guest.vary.php HTTP/1.1" 200 20 "https://sklep.plantis.app/?external_email=MjUwOTIzNTQyOTcwNDQwOTJAZmFjZWJvb2suemllbG9uZXBvZ290b3dpZS5hcHA%3D&login_token=1f0ed2f1-f33e-669e-98c9-fa163e5c2112" "Mozilla/5.0 (Linux; Android 15; motorola edge 40 neo Build/V1TMS35H.3-45-3; wv) AppleWebKit/537.36 (KHTML, like Gecko) Version/4.0 Chrome/143.0.7499.192 Mobile Safari/537.36" sklep.plantis.app "PL"
2a03:2880:f80e:25:: - - [16/Jan/2026:17:06:12 +0100] "GET /shop/?filter_cat=inne%2Ckruszywa%2Czima%2Cpulapki-na-krety&filter_brand=biogrod-tomasz-jonak,lamela-sp-z-o-o,legutko,welkut HTTP/1.1" 403 787 "-" "meta-externalagent/1.1 (+https://developers.facebook.com/docs/sharing/webmasters/crawler)" sklep.plantis.app "US"
83.24.163.225 - - [16/Jan/2026:17:06:13 +0100] "GET /produkt/szybkozlacze-przelot-abs-pc-ideal-1-2-5-8-cellfast/ HTTP/1.1" 200 59392 "-" "Mozilla/5.0 (iPhone; CPU iPhone OS 17_0 like Mac OS X) AppleWebKit/605.1.15 (KHTML, like Gecko) Version/17.0 Mobile/15E148 Safari/604.1" sklep.plantis.app "PL"
65.108.78.33 - - [16/Jan/2026:17:06:11 +0100] "GET /kategoria-produktu/pielegnacja-i-nawozenie/?et_columns-count=3&filter_cat=nablyszczacze,pielegnacja-i-nawozenie HTTP/1.1" 200 55933 "-" "Mozilla/5.0 (compatible; MJ12bot/v1.4.8; http://mj12bot.com/)" sklep.plantis.app "FI"
2003:c7:bf26:2231:f143:358e:454a:391b - - [16/Jan/2026:17:06:13 +0100] "GET /wp-content/uploads/2025/06/20767-scaled-300x300.jpg HTTP/1.1" 200 14533 "https://sklep.plantis.app/kategoria-produktu/nasiona-i-cebule/page/2/?login_token=1f0f2f4f-dad1-6d76-979f-fa163e5c2112" "Mozilla/5.0 (Linux; Android 13; 23108RN04Y Build/TP1A.220624.014; wv) AppleWebKit/537.36 (KHTML, like Gecko) Version/4.0 Chrome/143.0.7499.192 Mobile Safari/537.36" sklep.plantis.app "DE"
2a03:2880:f80e:1e:: - - [16/Jan/2026:17:06:13 +0100] "GET /shop/?filter_cat=srodki-na-mszyce%2Cminiszklarenki-doniczki-i-pojemniki&filter_brand=inne,prosperplast-sp-z-o-o,bradas,bioekspert HTTP/1.1" 403 787 "-" "meta-externalagent/1.1 (+https://developers.facebook.com/docs/sharing/webmasters/crawler)" sklep.plantis.app "US"
83.24.163.225 - - [16/Jan/2026:17:06:14 +0100] "GET /produkt/laka-kwietna-mieszanka-nasion-na-tasmie-laka-pozytecznych-owadow/ HTTP/1.1" 200 58333 "-" "Mozilla/5.0 (Windows NT 10.0; Win64; x64) AppleWebKit/537.36 (KHTML, like Gecko) Chrome/126.0 Safari/537.36" sklep.plantis.app "PL"
5.173.192.1 - - [16/Jan/2026:17:06:12 +0100] "GET /?external_email=MjUwOTIzNTQyOTcwNDQwOTJAZmFjZWJvb2suemllbG9uZXBvZ290b3dpZS5hcHA%3D&login_token=1f0ed2f1-f33e-669e-98c9-fa163e5c2112 HTTP/1.1" 200 47948 "-" "Mozilla/5.0 (Linux; Android 15; motorola edge 40 neo Build/V1TMS35H.3-45-3; wv) AppleWebKit/537.36 (KHTML, like Gecko) Version/4.0 Chrome/143.0.7499.192 Mobile Safari/537.36" sklep.plantis.app "PL"
83.24.163.225 - - [16/Jan/2026:17:06:15 +0100] "GET /produkt/laka-kwietna-mieszanka-nasion-na-tasmie-laka-pozytecznych-owadow/ HTTP/1.1" 200 60006 "-" "Mozilla/5.0 (iPhone; CPU iPhone OS 17_0 like Mac OS X) AppleWebKit/605.1.15 (KHTML, like Gecko) Version/17.0 Mobile/15E148 Safari/604.1" sklep.plantis.app "PL"
51.75.236.135 - - [16/Jan/2026:17:06:14 +0100] "GET /shop/brand/target-spolka-akcyjna/?min_price=1000&max_price=1500&filter_cat=akcesoria-basenowe%2Cnawozy-do-pomidorow&filter_brand=target-spolka-akcyjna HTTP/1.1" 200 52879 "-" "Mozilla/5.0 (compatible; AhrefsBot/7.0; +http://ahrefs.com/robot/)" sklep.plantis.app "FR"
65.108.78.33 - - [16/Jan/2026:17:06:14 +0100] "GET /kategoria-produktu/pielegnacja-i-nawozenie/?et_columns-count=3&filter_cat=nablyszczacze,podloza HTTP/1.1" 200 55797 "-" "Mozilla/5.0 (compatible; MJ12bot/v1.4.8; http://mj12bot.com/)" sklep.plantis.app "FI"
2a03:2880:f80e:5d:: - - [16/Jan/2026:17:06:16 +0100] "GET /shop/?filter_cat=inne%2Cdom-i-ogrod%2Cnawozy-ekologiczne%2Cnawozy-na-trawniki-z-chwastami&filter_brand=lamela-sp-z-o-o,bioekspert,biovita-sp-z-o-o,cell-fast HTTP/1.1" 403 787 "-" "meta-externalagent/1.1 (+https://developers.facebook.com/docs/sharing/webmasters/crawler)" sklep.plantis.app "US"
5.173.192.1 - - [16/Jan/2026:17:06:16 +0100] "GET /wp-content/uploads/2025/06/Group-7.png.webp HTTP/1.1" 200 7294 "https://sklep.plantis.app/?external_email=MjUwOTIzNTQyOTcwNDQwOTJAZmFjZWJvb2suemllbG9uZXBvZ290b3dpZS5hcHA%3D&login_token=1f0ed2f1-f33e-669e-98c9-fa163e5c2112" "Mozilla/5.0 (Linux; Android 15; motorola edge 40 neo Build/V1TMS35H.3-45-3; wv) AppleWebKit/537.36 (KHTML, like Gecko) Version/4.0 Chrome/143.0.7499.192 Mobile Safari/537.36" sklep.plantis.app "PL"
2003:c7:bf26:2231:f143:358e:454a:391b - - [16/Jan/2026:17:06:16 +0100] "GET /wp-content/uploads/2025/06/20735-300x300.jpg HTTP/1.1" 200 11773 "https://sklep.plantis.app/kategoria-produktu/nasiona-i-cebule/page/2/?login_token=1f0f2f4f-dad1-6d76-979f-fa163e5c2112" "Mozilla/5.0 (Linux; Android 13; 23108RN04Y Build/TP1A.220624.014; wv) AppleWebKit/537.36 (KHTML, like Gecko) Version/4.0 Chrome/143.0.7499.192 Mobile Safari/537.36" sklep.plantis.app "DE"
83.24.163.225 - - [16/Jan/2026:17:06:17 +0100] "GET /kategoria-produktu/pielegnacja-i-nawozenie/nawozy-do-kwiatow-balkonowych-i-domowych/nawozy-do-pielegnacji-roslin-zielonych/ HTTP/1.1" 200 54968 "-" "Mozilla/5.0 (Windows NT 10.0; Win64; x64) AppleWebKit/537.36 (KHTML, like Gecko) Chrome/126.0 Safari/537.36" sklep.plantis.app "PL"
5.173.192.1 - - [16/Jan/2026:17:06:16 +0100] "POST /?wc-ajax=get_refreshed_fragments HTTP/1.1" 200 889 "https://sklep.plantis.app/?external_email=MjUwOTIzNTQyOTcwNDQwOTJAZmFjZWJvb2suemllbG9uZXBvZ290b3dpZS5hcHA%3D&login_token=1f0ed2f1-f33e-669e-98c9-fa163e5c2112" "Mozilla/5.0 (Linux; Android 15; motorola edge 40 neo Build/V1TMS35H.3-45-3; wv) AppleWebKit/537.36 (KHTML, like Gecko) Version/4.0 Chrome/143.0.7499.192 Mobile Safari/537.36" sklep.plantis.app "PL"
2a03:2880:f80e:58:: - - [16/Jan/2026:17:06:17 +0100] "GET /shop/?filter_cat=wysiew%2Csrodki-na-mszyce%2Cnawozy-do-hortensji%2Cnarzedzia&filter_brand=chlortix,kard-obara-kazimierz,bioekspert,hydrokompleks HTTP/1.1" 403 787 "-" "meta-externalagent/1.1 (+https://developers.facebook.com/docs/sharing/webmasters/crawler)" sklep.plantis.app "US"
83.24.163.225 - - [16/Jan/2026:17:06:18 +0100] "GET /kategoria-produktu/pielegnacja-i-nawozenie/nawozy-do-kwiatow-balkonowych-i-domowych/nawozy-do-pielegnacji-roslin-zielonych/ HTTP/1.1" 200 55725 "-" "Mozilla/5.0 (iPhone; CPU iPhone OS 17_0 like Mac OS X) AppleWebKit/605.1.15 (KHTML, like Gecko) Version/17.0 Mobile/15E148 Safari/604.1" sklep.plantis.app "PL"
65.108.78.33 - - [16/Jan/2026:17:06:18 +0100] "GET /kategoria-produktu/pielegnacja-i-nawozenie/?et_columns-count=3&filter_cat=nablyszczacze,pozostale HTTP/1.1" 200 55854 "-" "Mozilla/5.0 (compatible; MJ12bot/v1.4.8; http://mj12bot.com/)" sklep.plantis.app "FI"
2a03:2880:f80e:20:: - - [16/Jan/2026:17:06:20 +0100] "GET /shop/?filter_cat=wysiew%2Csrodki-do-prania%2Cpozostale&filter_brand=biogrod-tomasz-jonak,garland,cadac,kard-obara-kazimierz,ogrod-start,grupa-orion-sp-z-o-o HTTP/1.1" 403 787 "-" "meta-externalagent/1.1 (+https://developers.facebook.com/docs/sharing/webmasters/crawler)" sklep.plantis.app "US"
83.24.163.225 - - [16/Jan/2026:17:06:20 +0100] "GET /produkt/pierwiosnek-wyniosly-prymula-mix-03-g-legutko/ HTTP/1.1" 200 58645 "-" "Mozilla/5.0 (Windows NT 10.0; Win64; x64) AppleWebKit/537.36 (KHTML, like Gecko) Chrome/126.0 Safari/537.36" sklep.plantis.app "PL"
83.24.163.225 - - [16/Jan/2026:17:06:22 +0100] "GET /produkt/pierwiosnek-wyniosly-prymula-mix-03-g-legutko/ HTTP/1.1" 200 60268 "-" "Mozilla/5.0 (iPhone; CPU iPhone OS 17_0 like Mac OS X) AppleWebKit/605.1.15 (KHTML, like Gecko) Version/17.0 Mobile/15E148 Safari/604.1" sklep.plantis.app "PL"
2a03:2880:f80e:1f:: - - [16/Jan/2026:17:06:22 +0100] "GET /shop/?filter_cat=inne%2Cdom-i-ogrod&filter_brand=koppert,himal,agropak-sp-j-brzezinski-i-wspolnicy,bros-sp-z-o-o,amma,inne HTTP/1.1" 403 787 "-" "meta-externalagent/1.1 (+https://developers.facebook.com/docs/sharing/webmasters/crawler)" sklep.plantis.app "US"
2003:c7:bf26:2231:f143:358e:454a:391b - - [16/Jan/2026:17:06:22 +0100] "GET /wp-content/uploads/2025/06/21680-scaled-300x300.jpg HTTP/1.1" 200 14298 "https://sklep.plantis.app/kategoria-produktu/nasiona-i-cebule/page/2/?login_token=1f0f2f4f-dad1-6d76-979f-fa163e5c2112" "Mozilla/5.0 (Linux; Android 13; 23108RN04Y Build/TP1A.220624.014; wv) AppleWebKit/537.36 (KHTML, like Gecko) Version/4.0 Chrome/143.0.7499.192 Mobile Safari/537.36" sklep.plantis.app "DE"
65.108.78.33 - - [16/Jan/2026:17:06:21 +0100] "GET /kategoria-produktu/pielegnacja-i-nawozenie/?et_columns-count=3&filter_cat=nablyszczacze,sciolkowanie-pielegnacja-i-nawozenie HTTP/1.1" 200 55857 "-" "Mozilla/5.0 (compatible; MJ12bot/v1.4.8; http://mj12bot.com/)" sklep.plantis.app "FI"
185.191.171.17 - - [16/Jan/2026:17:06:23 +0100] "GET /shop/?filter_brand=rolimpex%2Cbiovita%2Csumin%2Cbros HTTP/1.1" 403 787 "-" "Mozilla/5.0 (compatible; SemrushBot/7~bl; +http://www.semrush.com/bot.html)" sklep.plantis.app "GB"
83.24.163.225 - - [16/Jan/2026:17:06:23 +0100] "GET /produkt/siltac-ec-zwalcza-przedziorki-mszyce-miseczniki-20-ml-sumin/ HTTP/1.1" 200 58126 "-" "Mozilla/5.0 (Windows NT 10.0; Win64; x64) AppleWebKit/537.36 (KHTML, like Gecko) Chrome/126.0 Safari/537.36" sklep.plantis.app "PL"
2a03:2880:f80e:43:: - - [16/Jan/2026:17:06:23 +0100] "GET /shop/?filter_cat=szkodniki%2Cpistolety%2Ctrutki-na-gryzonie&filter_brand=orion,protect-garden,bioekspert,bros-sp-z-o-o,zestaw,agrecol HTTP/1.1" 403 787 "-" "meta-externalagent/1.1 (+https://developers.facebook.com/docs/sharing/webmasters/crawler)" sklep.plantis.app "US"
83.24.163.225 - - [16/Jan/2026:17:06:25 +0100] "GET /produkt/siltac-ec-zwalcza-przedziorki-mszyce-miseczniki-20-ml-sumin/ HTTP/1.1" 200 59667 "-" "Mozilla/5.0 (iPhone; CPU iPhone OS 17_0 like Mac OS X) AppleWebKit/605.1.15 (KHTML, like Gecko) Version/17.0 Mobile/15E148 Safari/604.1" sklep.plantis.app "PL"
2a03:2880:f80e:49:: - - [16/Jan/2026:17:06:25 +0100] "GET /shop/?filter_cat=sosny%2Cdom-i-ogrod%2Cdo-gleby%2Csekatory&filter_brand=twoj-ogrod,biovita-sp-z-o-o,alvanaeko,poltops-sp-z-o-o,bioekspert HTTP/1.1" 403 787 "-" "meta-externalagent/1.1 (+https://developers.facebook.com/docs/sharing/webmasters/crawler)" sklep.plantis.app "US"
83.24.163.225 - - [16/Jan/2026:17:06:24 +0100] "POST /wp-admin/admin-ajax.php HTTP/1.1" 200 51 "https://sklep.plantis.app/wp-admin/admin.php?page=litespeed-cache" "Mozilla/5.0 (Windows NT 10.0; Win64; x64) AppleWebKit/537.36 (KHTML, like Gecko) Chrome/143.0.0.0 Safari/537.36" sklep.plantis.app "PL"
65.108.78.33 - - [16/Jan/2026:17:06:24 +0100] "GET /kategoria-produktu/pielegnacja-i-nawozenie/?et_columns-count=3&filter_cat=nablyszczacze,szpilki-do-mocowania HTTP/1.1" 200 55618 "-" "Mozilla/5.0 (compatible; MJ12bot/v1.4.8; http://mj12bot.com/)" sklep.plantis.app "FI"
