2003:c7:bf26:2231:f143:358e:454a:391b - - [16/Jan/2026:17:04:19 +0100] "GET /wp-content/uploads/2025/06/kat7.png.webp HTTP/1.1" 200 14302 "https://sklep.plantis.app/?external_email=MTAyMjQ0MDg2MDU0ODI5MjdAZmFjZWJvb2suemllbG9uZXBvZ290b3dpZS5hcHA%3D&login_token=1f0f2f4f-dad1-6d76-979f-fa163e5c2112" "Mozilla/5.0 (Linux; Android 13; 23108RN04Y Build/TP1A.220624.014; wv) AppleWebKit/537.36 (KHTML, like Gecko) Version/4.0 Chrome/143.0.7499.192 Mobile Safari/537.36" sklep.plantis.app "DE"
2003:c7:bf26:2231:f143:358e:454a:391b - - [16/Jan/2026:17:04:19 +0100] "GET /wp-content/uploads/2025/06/kat8.png.webp HTTP/1.1" 200 15282 "https://sklep.plantis.app/?external_email=MTAyMjQ0MDg2MDU0ODI5MjdAZmFjZWJvb2suemllbG9uZXBvZ290b3dpZS5hcHA%3D&login_token=1f0f2f4f-dad1-6d76-979f-fa163e5c2112" "Mozilla/5.0 (Linux; Android 13; 23108RN04Y Build/TP1A.220624.014; wv) AppleWebKit/537.36 (KHTML, like Gecko) Version/4.0 Chrome/143.0.7499.192 Mobile Safari/537.36" sklep.plantis.app "DE"
2003:c7:bf26:2231:f143:358e:454a:391b - - [16/Jan/2026:17:04:19 +0100] "GET /wp-content/uploads/2025/06/Group-7.png.webp HTTP/1.1" 200 7294 "https://sklep.plantis.app/?external_email=MTAyMjQ0MDg2MDU0ODI5MjdAZmFjZWJvb2suemllbG9uZXBvZ290b3dpZS5hcHA%3D&login_token=1f0f2f4f-dad1-6d76-979f-fa163e5c2112" "Mozilla/5.0 (Linux; Android 13; 23108RN04Y Build/TP1A.220624.014; wv) AppleWebKit/537.36 (KHTML, like Gecko) Version/4.0 Chrome/143.0.7499.192 Mobile Safari/537.36" sklep.plantis.app "DE"
2a03:2880:f80e:12:: - - [16/Jan/2026:17:04:20 +0100] "GET /shop/?filter_cat=sosny%2Cdom-i-ogrod&filter_brand=4gardens-sp-z-o-o,tin-tours-sp-z-o-o,panasonic,gardena-sp-z-o-o,poszwald HTTP/1.1" 403 787 "-" "meta-externalagent/1.1 (+https://developers.facebook.com/docs/sharing/webmasters/crawler)" sklep.plantis.app "US"
2003:c7:bf26:2231:f143:358e:454a:391b - - [16/Jan/2026:17:04:19 +0100] "POST /?wc-ajax=get_refreshed_fragments HTTP/1.1" 200 889 "https://sklep.plantis.app/?external_email=MTAyMjQ0MDg2MDU0ODI5MjdAZmFjZWJvb2suemllbG9uZXBvZ290b3dpZS5hcHA%3D&login_token=1f0f2f4f-dad1-6d76-979f-fa163e5c2112" "Mozilla/5.0 (Linux; Android 13; 23108RN04Y Build/TP1A.220624.014; wv) AppleWebKit/537.36 (KHTML, like Gecko) Version/4.0 Chrome/143.0.7499.192 Mobile Safari/537.36" sklep.plantis.app "DE"
65.108.78.33 - - [16/Jan/2026:17:04:19 +0100] "GET /kategoria-produktu/pielegnacja-i-nawozenie/?et_columns-count=3&filter_cat=nablyszczacze&min_price=1500&max_price=2000 HTTP/1.1" 200 52659 "-" "Mozilla/5.0 (compatible; MJ12bot/v1.4.8; http://mj12bot.com/)" sklep.plantis.app "FI"
2a03:2880:f80e:6c:: - - [16/Jan/2026:17:04:22 +0100] "GET /shop/?filter_cat=wysiew%2Csrodki-na-mszyce%2Cnawozy-jesienne&filter_brand=zestaw,agrimpex-sp-z-o-o,poltops-sp-z-o-o,doniczki-torfowe HTTP/1.1" 403 787 "-" "meta-externalagent/1.1 (+https://developers.facebook.com/docs/sharing/webmasters/crawler)" sklep.plantis.app "US"
83.24.163.225 - - [16/Jan/2026:17:04:22 +0100] "GET /wp-content/litespeed/crawler/meta.data?_=1768579134270 HTTP/1.1" 200 559 "https://sklep.plantis.app/wp-admin/admin.php?page=litespeed-crawler" "Mozilla/5.0 (Windows NT 10.0; Win64; x64) AppleWebKit/537.36 (KHTML, like Gecko) Chrome/143.0.0.0 Safari/537.36" sklep.plantis.app "PL"
195.116.154.142 - - [16/Jan/2026:17:04:19 +0100] "GET /?external_email=MTE0OTE0NDExNjcyNjE0N0BmYWNlYm9vay56aWVsb25lcG9nb3Rvd2llLmFwcA%3D%3D&login_token=1f0b037d-00ea-6024-802d-fa163e5c2112 HTTP/1.1" 200 47801 "-" "Mozilla/5.0 (Linux; Android 15; RMX3710 Build/AP3A.240617.008; wv) AppleWebKit/537.36 (KHTML, like Gecko) Version/4.0 Chrome/143.0.7499.146 Mobile Safari/537.36" sklep.plantis.app "PL"
51.75.236.159 - - [16/Jan/2026:17:04:21 +0100] "GET /kategoria-produktu/wysiew/?stock_status=in_stock&filter_brand=chomik-m-swiezy-spolka-jawna,legutko,kiepenkerl HTTP/1.1" 200 55354 "-" "Mozilla/5.0 (compatible; AhrefsBot/7.0; +http://ahrefs.com/robot/)" sklep.plantis.app "FR"
2a03:2880:f80e:50:: - - [16/Jan/2026:17:04:23 +0100] "GET /shop/?filter_cat=srodki-na-mszyce%2Cminiszklarenki-doniczki-i-pojemniki&filter_brand=inne,biosept,cell-fast,hydrokompleks HTTP/1.1" 403 787 "-" "meta-externalagent/1.1 (+https://developers.facebook.com/docs/sharing/webmasters/crawler)" sklep.plantis.app "US"
83.24.163.225 - - [16/Jan/2026:17:04:23 +0100] "POST /wp-admin/admin-ajax.php HTTP/1.1" 200 51 "https://sklep.plantis.app/wp-admin/admin.php?page=litespeed-cache" "Mozilla/5.0 (Windows NT 10.0; Win64; x64) AppleWebKit/537.36 (KHTML, like Gecko) Chrome/143.0.0.0 Safari/537.36" sklep.plantis.app "PL"
195.116.154.142 - - [16/Jan/2026:17:04:24 +0100] "GET /wp-content/uploads/2025/06/Group-7.png.webp HTTP/1.1" 200 7294 "https://sklep.plantis.app/?external_email=MTE0OTE0NDExNjcyNjE0N0BmYWNlYm9vay56aWVsb25lcG9nb3Rvd2llLmFwcA%3D%3D&login_token=1f0b037d-00ea-6024-802d-fa163e5c2112" "Mozilla/5.0 (Linux; Android 15; RMX3710 Build/AP3A.240617.008; wv) AppleWebKit/537.36 (KHTML, like Gecko) Version/4.0 Chrome/143.0.7499.146 Mobile Safari/537.36" sklep.plantis.app "PL"
65.108.78.33 - - [16/Jan/2026:17:04:23 +0100] "GET /kategoria-produktu/pielegnacja-i-nawozenie/?et_columns-count=3&filter_cat=nablyszczacze&min_price=500&max_price=1000 HTTP/1.1" 200 52670 "-" "Mozilla/5.0 (compatible; MJ12bot/v1.4.8; http://mj12bot.com/)" sklep.plantis.app "FI"
195.116.154.142 - - [16/Jan/2026:17:04:24 +0100] "POST /?wc-ajax=get_refreshed_fragments HTTP/1.1" 200 889 "https://sklep.plantis.app/?external_email=MTE0OTE0NDExNjcyNjE0N0BmYWNlYm9vay56aWVsb25lcG9nb3Rvd2llLmFwcA%3D%3D&login_token=1f0b037d-00ea-6024-802d-fa163e5c2112" "Mozilla/5.0 (Linux; Android 15; RMX3710 Build/AP3A.240617.008; wv) AppleWebKit/537.36 (KHTML, like Gecko) Version/4.0 Chrome/143.0.7499.146 Mobile Safari/537.36" sklep.plantis.app "PL"
2a03:2880:f80e:18:: - - [16/Jan/2026:17:04:26 +0100] "GET /shop/?filter_cat=sosny%2Cdom-i-ogrod&filter_brand=chlortix,jiffy,agro-nas,biogrod-tomasz-jonak,biovita,agrecol HTTP/1.1" 403 787 "-" "meta-externalagent/1.1 (+https://developers.facebook.com/docs/sharing/webmasters/crawler)" sklep.plantis.app "US"
83.24.163.225 - - [16/Jan/2026:17:04:26 +0100] "HEAD /wp-sitemap.xml HTTP/1.1" 200 0 "-" "LSCache-Probe/1.0" sklep.plantis.app "PL"
83.24.163.225 - - [16/Jan/2026:17:04:26 +0100] "GET /wp-sitemap.xml HTTP/1.1" 200 240 "-" "LSCache-Probe/1.0" sklep.plantis.app "PL"
83.24.163.225 - - [16/Jan/2026:17:04:27 +0100] "GET /wp-content/litespeed/crawler/meta.data?_=1768579377224 HTTP/1.1" 200 559 "https://sklep.plantis.app/wp-admin/admin.php?page=litespeed-crawler&promo_tag=new_version" "Mozilla/5.0 (Windows NT 10.0; Win64; x64) AppleWebKit/537.36 (KHTML, like Gecko) Chrome/143.0.0.0 Safari/537.36" sklep.plantis.app "PL"
83.24.163.225 - - [16/Jan/2026:17:04:27 +0100] "GET /wp-sitemap-posts-page-1.xml HTTP/1.1" 200 628 "-" "LSCache-Probe/1.0" sklep.plantis.app "PL"
83.24.163.225 - - [16/Jan/2026:17:04:27 +0100] "GET /wp-sitemap-posts-etheme_mega_menus-1.xml HTTP/1.1" 200 329 "-" "LSCache-Probe/1.0" sklep.plantis.app "PL"
83.24.163.225 - - [16/Jan/2026:17:04:27 +0100] "GET /wp-sitemap-posts-product-1.xml HTTP/1.1" 200 35298 "-" "LSCache-Probe/1.0" sklep.plantis.app "PL"
65.108.78.33 - - [16/Jan/2026:17:04:26 +0100] "GET /kategoria-produktu/pielegnacja-i-nawozenie/?et_columns-count=3&filter_cat=nablyszczacze&sale_status=1 HTTP/1.1" 200 52641 "-" "Mozilla/5.0 (compatible; MJ12bot/v1.4.8; http://mj12bot.com/)" sklep.plantis.app "FI"
2a03:2880:f80e:2:: - - [16/Jan/2026:17:04:28 +0100] "GET /shop/?filter_cat=srodki-na-mszyce%2Cminiszklarenki-doniczki-i-pojemniki&filter_brand=inne,koppert,alvanaeko,poltops-sp-z-o-o HTTP/1.1" 403 787 "-" "meta-externalagent/1.1 (+https://developers.facebook.com/docs/sharing/webmasters/crawler)" sklep.plantis.app "US"
83.24.163.225 - - [16/Jan/2026:17:04:28 +0100] "GET /wp-sitemap-posts-product-2.xml HTTP/1.1" 404 5700 "-" "LSCache-Probe/1.0" sklep.plantis.app "PL"
83.24.163.225 - - [16/Jan/2026:17:04:28 +0100] "GET /wp-sitemap-taxonomies-brand-1.xml HTTP/1.1" 200 1320 "-" "LSCache-Probe/1.0" sklep.plantis.app "PL"
83.24.163.225 - - [16/Jan/2026:17:04:28 +0100] "GET /wp-sitemap-taxonomies-product_brand-1.xml HTTP/1.1" 200 174 "-" "LSCache-Probe/1.0" sklep.plantis.app "PL"
83.24.163.225 - - [16/Jan/2026:17:04:29 +0100] "GET /wp-sitemap-taxonomies-product_cat-1.xml HTTP/1.1" 200 1731 "-" "LSCache-Probe/1.0" sklep.plantis.app "PL"
83.24.163.225 - - [16/Jan/2026:17:04:29 +0100] "GET /wp-sitemap-taxonomies-product_shipping_class-1.xml HTTP/1.1" 200 185 "-" "LSCache-Probe/1.0" sklep.plantis.app "PL"
83.24.163.225 - - [16/Jan/2026:17:04:29 +0100] "GET /wp-sitemap-taxonomies-pa_producent-1.xml HTTP/1.1" 200 1512 "-" "LSCache-Probe/1.0" sklep.plantis.app "PL"
83.24.163.225 - - [16/Jan/2026:17:04:30 +0100] "GET /produkt/treol-770-ec-100-ml/ HTTP/1.1" 200 58522 "-" "Mozilla/5.0 (Windows NT 10.0; Win64; x64) AppleWebKit/537.36 (KHTML, like Gecko) Chrome/126.0 Safari/537.36" sklep.plantis.app "PL"
2a03:2880:f80e:37:: - - [16/Jan/2026:17:04:30 +0100] "GET /shop/?filter_cat=insekty%2Cpily%2Cpulapki-na-krety&filter_brand=biogrod-tomasz-jonak,agronas,protect-garden,biosept,legutko HTTP/1.1" 403 787 "-" "meta-externalagent/1.1 (+https://developers.facebook.com/docs/sharing/webmasters/crawler)" sklep.plantis.app "US"
65.108.78.33 - - [16/Jan/2026:17:04:29 +0100] "GET /kategoria-produktu/pielegnacja-i-nawozenie/?et_columns-count=3&filter_cat=nablyszczacze&stock_status=in_stock HTTP/1.1" 200 53913 "-" "Mozilla/5.0 (compatible; MJ12bot/v1.4.8; http://mj12bot.com/)" sklep.plantis.app "FI"
2a03:2880:f80e:3b:: - - [16/Jan/2026:17:04:31 +0100] "GET /shop/?filter_cat=inne%2Cwysiew%2Cpulapki-na-krety&filter_brand=lamela-sp-z-o-o,agrecol-sp-z-o-o,target-spolka-akcyjna,botana,browin-sp-z-o-o-sp-k HTTP/1.1" 403 787 "-" "meta-externalagent/1.1 (+https://developers.facebook.com/docs/sharing/webmasters/crawler)" sklep.plantis.app "US"
83.24.163.225 - - [16/Jan/2026:17:04:31 +0100] "GET /produkt/treol-770-ec-100-ml/ HTTP/1.1" 200 59975 "-" "Mozilla/5.0 (iPhone; CPU iPhone OS 17_0 like Mac OS X) AppleWebKit/605.1.15 (KHTML, like Gecko) Version/17.0 Mobile/15E148 Safari/604.1" sklep.plantis.app "PL"
83.24.163.225 - - [16/Jan/2026:17:04:33 +0100] "GET /produkt/urzadzenie-kretolap-pulapka-na-kreta-target/ HTTP/1.1" 200 58756 "-" "Mozilla/5.0 (Windows NT 10.0; Win64; x64) AppleWebKit/537.36 (KHTML, like Gecko) Chrome/126.0 Safari/537.36" sklep.plantis.app "PL"
83.24.163.225 - - [16/Jan/2026:17:04:32 +0100] "POST /wp-admin/admin-ajax.php HTTP/1.1" 200 51 "https://sklep.plantis.app/wp-admin/admin.php?page=litespeed-cache" "Mozilla/5.0 (Windows NT 10.0; Win64; x64) AppleWebKit/537.36 (KHTML, like Gecko) Chrome/143.0.0.0 Safari/537.36" sklep.plantis.app "PL"
2a03:2880:f80e:37:: - - [16/Jan/2026:17:04:33 +0100] "GET /shop/?filter_cat=hydrozel-ogrodniczy%2Csrodki-na-mszyce&filter_brand=botana,lamela-sp-z-o-o,inne,gardena-sp-z-o-o,amma HTTP/1.1" 403 787 "-" "meta-externalagent/1.1 (+https://developers.facebook.com/docs/sharing/webmasters/crawler)" sklep.plantis.app "US"
83.24.163.225 - - [16/Jan/2026:17:04:34 +0100] "GET /produkt/urzadzenie-kretolap-pulapka-na-kreta-target/ HTTP/1.1" 200 60494 "-" "Mozilla/5.0 (iPhone; CPU iPhone OS 17_0 like Mac OS X) AppleWebKit/605.1.15 (KHTML, like Gecko) Version/17.0 Mobile/15E148 Safari/604.1" sklep.plantis.app "PL"
83.24.163.225 - - [16/Jan/2026:17:04:33 +0100] "POST /wp-admin/admin-ajax.php HTTP/1.1" 200 51 "https://sklep.plantis.app/wp-admin/admin.php?page=litespeed-cdn" "Mozilla/5.0 (Windows NT 10.0; Win64; x64) AppleWebKit/537.36 (KHTML, like Gecko) Chrome/143.0.0.0 Safari/537.36" sklep.plantis.app "PL"
83.24.163.225 - - [16/Jan/2026:17:04:35 +0100] "GET /produkt/skrzynka-balkonowa-bona-80-cm-ceglasty-lamela/ HTTP/1.1" 200 58303 "-" "Mozilla/5.0 (Windows NT 10.0; Win64; x64) AppleWebKit/537.36 (KHTML, like Gecko) Chrome/126.0 Safari/537.36" sklep.plantis.app "PL"
83.24.163.225 - - [16/Jan/2026:17:04:33 +0100] "POST /wp-admin/admin-ajax.php HTTP/1.1" 200 51 "https://sklep.plantis.app/wp-admin/admin.php?page=litespeed-general" "Mozilla/5.0 (Windows NT 10.0; Win64; x64) AppleWebKit/537.36 (KHTML, like Gecko) Chrome/143.0.0.0 Safari/537.36" sklep.plantis.app "PL"
65.108.78.33 - - [16/Jan/2026:17:04:33 +0100] "GET /kategoria-produktu/pielegnacja-i-nawozenie/?et_columns-count=3&filter_cat=nablyszczacze&stock_status=out_of_stock HTTP/1.1" 200 52241 "-" "Mozilla/5.0 (compatible; MJ12bot/v1.4.8; http://mj12bot.com/)" sklep.plantis.app "FI"
83.24.163.225 - - [16/Jan/2026:17:04:34 +0100] "POST /wp-admin/admin-ajax.php HTTP/1.1" 200 51 "https://sklep.plantis.app/wp-admin/admin.php?page=litespeed-page_optm" "Mozilla/5.0 (Windows NT 10.0; Win64; x64) AppleWebKit/537.36 (KHTML, like Gecko) Chrome/143.0.0.0 Safari/537.36" sklep.plantis.app "PL"
83.24.163.225 - - [16/Jan/2026:17:04:34 +0100] "POST /wp-admin/admin-ajax.php HTTP/1.1" 200 51 "https://sklep.plantis.app/wp-admin/admin.php?page=litespeed-presets" "Mozilla/5.0 (Windows NT 10.0; Win64; x64) AppleWebKit/537.36 (KHTML, like Gecko) Chrome/143.0.0.0 Safari/537.36" sklep.plantis.app "PL"
83.24.163.225 - - [16/Jan/2026:17:04:36 +0100] "GET /produkt/skrzynka-balkonowa-bona-80-cm-ceglasty-lamela/ HTTP/1.1" 200 59893 "-" "Mozilla/5.0 (iPhone; CPU iPhone OS 17_0 like Mac OS X) AppleWebKit/605.1.15 (KHTML, like Gecko) Version/17.0 Mobile/15E148 Safari/604.1" sklep.plantis.app "PL"
2a03:2880:f80e:43:: - - [16/Jan/2026:17:04:36 +0100] "GET /shop/?filter_brand=biogrod-tomasz-jonak,proven,protect-home,lamela-sp-z-o-o,legutko,botana,grupa-orion-sp-z-o-o HTTP/1.1" 403 787 "-" "meta-externalagent/1.1 (+https://developers.facebook.com/docs/sharing/webmasters/crawler)" sklep.plantis.app "US"
92.222.104.205 - - [16/Jan/2026:17:04:34 +0100] "GET /kategoria-produktu/wysiew/?stock_status=in_stock&filter_brand=chomik-m-swiezy-spolka-jawna,legutko,kard-obara-kazimierz HTTP/1.1" 200 55251 "-" "Mozilla/5.0 (compatible; AhrefsBot/7.0; +http://ahrefs.com/robot/)" sklep.plantis.app "FR"
83.24.163.225 - - [16/Jan/2026:17:04:37 +0100] "GET /produkt/poziomka-zolta-yellow-wonder-01-g-legutko/ HTTP/1.1" 200 58684 "-" "Mozilla/5.0 (Windows NT 10.0; Win64; x64) AppleWebKit/537.36 (KHTML, like Gecko) Chrome/126.0 Safari/537.36" sklep.plantis.app "PL"
83.24.163.225 - - [16/Jan/2026:17:04:36 +0100] "POST /wp-admin/admin-ajax.php HTTP/1.1" 200 51 "https://sklep.plantis.app/wp-admin/admin.php?page=litespeed-db_optm" "Mozilla/5.0 (Windows NT 10.0; Win64; x64) AppleWebKit/537.36 (KHTML, like Gecko) Chrome/143.0.0.0 Safari/537.36" sklep.plantis.app "PL"
83.24.163.225 - - [16/Jan/2026:17:04:38 +0100] "GET /produkt/poziomka-zolta-yellow-wonder-01-g-legutko/ HTTP/1.1" 200 60280 "-" "Mozilla/5.0 (iPhone; CPU iPhone OS 17_0 like Mac OS X) AppleWebKit/605.1.15 (KHTML, like Gecko) Version/17.0 Mobile/15E148 Safari/604.1" sklep.plantis.app "PL"
2a03:2880:f80e:20:: - - [16/Jan/2026:17:04:38 +0100] "GET /shop/?filter_cat=do-gleby%2Cobrzeza-i-palisady%2Cfolie&filter_brand=biogrod,4gardens-sp-z-o-o,browin-sp-z-o-o-sp-k,kwazar-corporation-sp-z-o-o,kenar HTTP/1.1" 403 787 "-" "meta-externalagent/1.1 (+https://developers.facebook.com/docs/sharing/webmasters/crawler)" sklep.plantis.app "US"
65.108.78.33 - - [16/Jan/2026:17:04:36 +0100] "GET /kategoria-produktu/pielegnacja-i-nawozenie/?et_columns-count=3&filter_cat=nablyszczacze,agrowlokniny-sciolkowanie-pielegnacja-i-nawozenie HTTP/1.1" 200 55657 "-" "Mozilla/5.0 (compatible; MJ12bot/v1.4.8; http://mj12bot.com/)" sklep.plantis.app "FI"
83.24.163.225 - - [16/Jan/2026:17:04:39 +0100] "GET /producent/zbigniew-zubala-p-p-h-ekodarpol/ HTTP/1.1" 200 54428 "-" "Mozilla/5.0 (Windows NT 10.0; Win64; x64) AppleWebKit/537.36 (KHTML, like Gecko) Chrome/126.0 Safari/537.36" sklep.plantis.app "PL"
83.24.163.225 - - [16/Jan/2026:17:04:40 +0100] "GET /wp-content/litespeed/crawler/meta.data?_=1768579134271 HTTP/1.1" 200 559 "https://sklep.plantis.app/wp-admin/admin.php?page=litespeed-crawler" "Mozilla/5.0 (Windows NT 10.0; Win64; x64) AppleWebKit/537.36 (KHTML, like Gecko) Chrome/143.0.0.0 Safari/537.36" sklep.plantis.app "PL"
83.24.163.225 - - [16/Jan/2026:17:04:40 +0100] "GET /producent/zbigniew-zubala-p-p-h-ekodarpol/ HTTP/1.1" 200 55397 "-" "Mozilla/5.0 (iPhone; CPU iPhone OS 17_0 like Mac OS X) AppleWebKit/605.1.15 (KHTML, like Gecko) Version/17.0 Mobile/15E148 Safari/604.1" sklep.plantis.app "PL"
2a03:2880:f80e:58:: - - [16/Jan/2026:17:04:40 +0100] "GET /shop/?filter_cat=nawozy-do-roz%2Csrodki-na-mszyce%2Cdom-i-ogrod&filter_brand=browin,alvanaeko-sp-z-o-o,poltops-sp-z-o-o,biovita-sp-z-o-o,kard-obara-kazimierz,compo HTTP/1.1" 403 787 "-" "meta-externalagent/1.1 (+https://developers.facebook.com/docs/sharing/webmasters/crawler)" sklep.plantis.app "US"
83.24.163.225 - - [16/Jan/2026:17:04:41 +0100] "GET /wp-content/litespeed/crawler/meta.data?_=1768579377225 HTTP/1.1" 200 559 "https://sklep.plantis.app/wp-admin/admin.php?page=litespeed-crawler&promo_tag=new_version" "Mozilla/5.0 (Windows NT 10.0; Win64; x64) AppleWebKit/537.36 (KHTML, like Gecko) Chrome/143.0.0.0 Safari/537.36" sklep.plantis.app "PL"
83.24.163.225 - - [16/Jan/2026:17:04:41 +0100] "GET /produkt/brokul-calabrese-natalino-tradycyjny-kiepenkerl/ HTTP/1.1" 200 58424 "-" "Mozilla/5.0 (Windows NT 10.0; Win64; x64) AppleWebKit/537.36 (KHTML, like Gecko) Chrome/126.0 Safari/537.36" sklep.plantis.app "PL"
2a03:2880:f80e:60:: - - [16/Jan/2026:17:04:41 +0100] "GET /shop/?filter_cat=nawozy-do-tui%2Cdo-gleby&filter_brand=lamela-sp-z-o-o,jiffy,biovita,panasonic,kwazar-corporation-sp-z-o-o,botana HTTP/1.1" 403 787 "-" "meta-externalagent/1.1 (+https://developers.facebook.com/docs/sharing/webmasters/crawler)" sklep.plantis.app "US"
83.24.163.225 - - [16/Jan/2026:17:04:41 +0100] "GET /produkt/brokul-calabrese-natalino-tradycyjny-kiepenkerl/ HTTP/1.1" 200 59943 "-" "Mozilla/5.0 (iPhone; CPU iPhone OS 17_0 like Mac OS X) AppleWebKit/605.1.15 (KHTML, like Gecko) Version/17.0 Mobile/15E148 Safari/604.1" sklep.plantis.app "PL"
65.108.78.33 - - [16/Jan/2026:17:04:40 +0100] "GET /kategoria-produktu/pielegnacja-i-nawozenie/?et_columns-count=3&filter_cat=nablyszczacze,biohumusy HTTP/1.1" 200 55526 "-" "Mozilla/5.0 (compatible; MJ12bot/v1.4.8; http://mj12bot.com/)" sklep.plantis.app "FI"
83.24.163.225 - - [16/Jan/2026:17:04:43 +0100] "GET /produkt/starane-trawniki-zwalcza-chwasty-na-trawniku-20-ml-target/ HTTP/1.1" 200 58432 "-" "Mozilla/5.0 (Windows NT 10.0; Win64; x64) AppleWebKit/537.36 (KHTML, like Gecko) Chrome/126.0 Safari/537.36" sklep.plantis.app "PL"
83.24.163.225 - - [16/Jan/2026:17:04:44 +0100] "GET /produkt/starane-trawniki-zwalcza-chwasty-na-trawniku-20-ml-target/ HTTP/1.1" 200 60125 "-" "Mozilla/5.0 (iPhone; CPU iPhone OS 17_0 like Mac OS X) AppleWebKit/605.1.15 (KHTML, like Gecko) Version/17.0 Mobile/15E148 Safari/604.1" sklep.plantis.app "PL"
2a03:2880:f80e:5:: - - [16/Jan/2026:17:04:44 +0100] "GET /shop/?filter_cat=hydrozel-ogrodniczy%2Csrodki-na-mszyce%2Cdom-i-ogrod&filter_brand=target,biosept,protect-garden,biovita-sp-z-o-o,botana,kronen-sp-z-o-o HTTP/1.1" 403 787 "-" "meta-externalagent/1.1 (+https://developers.facebook.com/docs/sharing/webmasters/crawler)" sklep.plantis.app "US"
176.31.139.30 - - [16/Jan/2026:17:04:42 +0100] "GET /kategoria-produktu/wysiew/?stock_status=in_stock&filter_brand=chomik-m-swiezy-spolka-jawna,legutko,jrk-roman-korzeniewski HTTP/1.1" 200 55336 "-" "Mozilla/5.0 (compatible; AhrefsBot/7.0; +http://ahrefs.com/robot/)" sklep.plantis.app "FR"
83.24.163.225 - - [16/Jan/2026:17:04:45 +0100] "GET /produkt/nawoz-do-trawnika-regenerator-60-dni-5-kg-substral/ HTTP/1.1" 200 57618 "-" "Mozilla/5.0 (Windows NT 10.0; Win64; x64) AppleWebKit/537.36 (KHTML, like Gecko) Chrome/126.0 Safari/537.36" sklep.plantis.app "PL"
65.108.78.33 - - [16/Jan/2026:17:04:43 +0100] "GET /kategoria-produktu/pielegnacja-i-nawozenie/?et_columns-count=3&filter_cat=nablyszczacze,biostymulator HTTP/1.1" 200 55114 "-" "Mozilla/5.0 (compatible; MJ12bot/v1.4.8; http://mj12bot.com/)" sklep.plantis.app "FI"
2a03:2880:f80e:69:: - - [16/Jan/2026:17:04:46 +0100] "GET /shop/?filter_cat=srodki-na-mszyce%2Cminiszklarenki-doniczki-i-pojemniki&filter_brand=inne,bros-sp-z-o-o,biogrod,kenar HTTP/1.1" 403 787 "-" "meta-externalagent/1.1 (+https://developers.facebook.com/docs/sharing/webmasters/crawler)" sklep.plantis.app "US"
83.24.163.225 - - [16/Jan/2026:17:04:46 +0100] "GET /produkt/nawoz-do-trawnika-regenerator-60-dni-5-kg-substral/ HTTP/1.1" 200 59178 "-" "Mozilla/5.0 (iPhone; CPU iPhone OS 17_0 like Mac OS X) AppleWebKit/605.1.15 (KHTML, like Gecko) Version/17.0 Mobile/15E148 Safari/604.1" sklep.plantis.app "PL"
185.191.171.4 - - [16/Jan/2026:17:04:46 +0100] "GET /shop/?filter_cat=szczury%2Czima%2Czestawy%2Cpily HTTP/1.1" 403 787 "-" "Mozilla/5.0 (compatible; SemrushBot/7~bl; +http://www.semrush.com/bot.html)" sklep.plantis.app "GB"
2003:c7:bf26:2231:f143:358e:454a:391b - - [16/Jan/2026:17:04:47 +0100] "GET /wp-content/uploads/2025/06/17177-300x300.jpg.webp HTTP/1.1" 200 20762 "https://sklep.plantis.app/?external_email=MTAyMjQ0MDg2MDU0ODI5MjdAZmFjZWJvb2suemllbG9uZXBvZ290b3dpZS5hcHA%3D&login_token=1f0f2f4f-dad1-6d76-979f-fa163e5c2112" "Mozilla/5.0 (Linux; Android 13; 23108RN04Y Build/TP1A.220624.014; wv) AppleWebKit/537.36 (KHTML, like Gecko) Version/4.0 Chrome/143.0.7499.192 Mobile Safari/537.36" sklep.plantis.app "DE"
2003:c7:bf26:2231:f143:358e:454a:391b - - [16/Jan/2026:17:04:47 +0100] "GET /wp-content/uploads/2025/06/17647-600x600.png.webp HTTP/1.1" 200 56876 "https://sklep.plantis.app/?external_email=MTAyMjQ0MDg2MDU0ODI5MjdAZmFjZWJvb2suemllbG9uZXBvZ290b3dpZS5hcHA%3D&login_token=1f0f2f4f-dad1-6d76-979f-fa163e5c2112" "Mozilla/5.0 (Linux; Android 13; 23108RN04Y Build/TP1A.220624.014; wv) AppleWebKit/537.36 (KHTML, like Gecko) Version/4.0 Chrome/143.0.7499.192 Mobile Safari/537.36" sklep.plantis.app "DE"
2003:c7:bf26:2231:f143:358e:454a:391b - - [16/Jan/2026:17:04:47 +0100] "GET /wp-content/uploads/2025/06/17074-scaled-600x600.jpg.webp HTTP/1.1" 200 25364 "https://sklep.plantis.app/?external_email=MTAyMjQ0MDg2MDU0ODI5MjdAZmFjZWJvb2suemllbG9uZXBvZ290b3dpZS5hcHA%3D&login_token=1f0f2f4f-dad1-6d76-979f-fa163e5c2112" "Mozilla/5.0 (Linux; Android 13; 23108RN04Y Build/TP1A.220624.014; wv) AppleWebKit/537.36 (KHTML, like Gecko) Version/4.0 Chrome/143.0.7499.192 Mobile Safari/537.36" sklep.plantis.app "DE"
2003:c7:bf26:2231:f143:358e:454a:391b - - [16/Jan/2026:17:04:47 +0100] "GET /wp-content/uploads/2025/06/17376-600x600.png.webp HTTP/1.1" 200 47094 "https://sklep.plantis.app/?external_email=MTAyMjQ0MDg2MDU0ODI5MjdAZmFjZWJvb2suemllbG9uZXBvZ290b3dpZS5hcHA%3D&login_token=1f0f2f4f-dad1-6d76-979f-fa163e5c2112" "Mozilla/5.0 (Linux; Android 13; 23108RN04Y Build/TP1A.220624.014; wv) AppleWebKit/537.36 (KHTML, like Gecko) Version/4.0 Chrome/143.0.7499.192 Mobile Safari/537.36" sklep.plantis.app "DE"
2a03:2880:f80e:3b:: - - [16/Jan/2026:17:04:47 +0100] "GET /shop/?filter_cat=pozostale%2Csekatory&filter_brand=target,protect-home,biovita-sp-z-o-o,chlortix,cell-fast,amma HTTP/1.1" 403 787 "-" "meta-externalagent/1.1 (+https://developers.facebook.com/docs/sharing/webmasters/crawler)" sklep.plantis.app "US"
65.108.78.33 - - [16/Jan/2026:17:04:46 +0100] "GET /kategoria-produktu/pielegnacja-i-nawozenie/?et_columns-count=3&filter_cat=nablyszczacze,dolomit HTTP/1.1" 200 55195 "-" "Mozilla/5.0 (compatible; MJ12bot/v1.4.8; http://mj12bot.com/)" sklep.plantis.app "FI"
83.24.163.225 - - [16/Jan/2026:17:04:47 +0100] "GET /produkt/podstawka-do-skrzynki-balkonowej-bona-50-cm-antracyt-lamela/ HTTP/1.1" 200 57867 "-" "Mozilla/5.0 (Windows NT 10.0; Win64; x64) AppleWebKit/537.36 (KHTML, like Gecko) Chrome/126.0 Safari/537.36" sklep.plantis.app "PL"
2a03:2880:f80e:36:: - - [16/Jan/2026:17:04:49 +0100] "GET /shop/?filter_cat=inne%2Cdom-i-ogrod%2Cbez-kategorii&filter_brand=ziemovit,alvanaeko-sp-z-o-o,agro-jumal,agropak,bioekspert HTTP/1.1" 403 787 "-" "meta-externalagent/1.1 (+https://developers.facebook.com/docs/sharing/webmasters/crawler)" sklep.plantis.app "US"
83.24.163.225 - - [16/Jan/2026:17:04:50 +0100] "GET /produkt/podstawka-do-skrzynki-balkonowej-bona-50-cm-antracyt-lamela/ HTTP/1.1" 200 59376 "-" "Mozilla/5.0 (iPhone; CPU iPhone OS 17_0 like Mac OS X) AppleWebKit/605.1.15 (KHTML, like Gecko) Version/17.0 Mobile/15E148 Safari/604.1" sklep.plantis.app "PL"
83.24.163.225 - - [16/Jan/2026:17:04:50 +0100] "GET /produkt/gladiolus-mieczyk-yellow-frans-7-szt/ HTTP/1.1" 200 57556 "-" "Mozilla/5.0 (Windows NT 10.0; Win64; x64) AppleWebKit/537.36 (KHTML, like Gecko) Chrome/126.0 Safari/537.36" sklep.plantis.app "PL"
83.24.163.225 - - [16/Jan/2026:17:04:51 +0100] "GET /produkt/gladiolus-mieczyk-yellow-frans-7-szt/ HTTP/1.1" 200 58971 "-" "Mozilla/5.0 (iPhone; CPU iPhone OS 17_0 like Mac OS X) AppleWebKit/605.1.15 (KHTML, like Gecko) Version/17.0 Mobile/15E148 Safari/604.1" sklep.plantis.app "PL"
2a03:2880:f80e:4e:: - - [16/Jan/2026:17:04:51 +0100] "GET /shop/?filter_cat=wysiew%2Csrodki-na-mszyce%2Cnozyce-do-zywoplotow&filter_brand=biogrod,jiffy,panasonic,biovita-sp-z-o-o,p-p-h-ekodarpol,lamela-sp-z-o-o HTTP/1.1" 403 787 "-" "meta-externalagent/1.1 (+https://developers.facebook.com/docs/sharing/webmasters/crawler)" sklep.plantis.app "US"
65.108.78.33 - - [16/Jan/2026:17:04:50 +0100] "GET /kategoria-produktu/pielegnacja-i-nawozenie/?et_columns-count=3&filter_cat=nablyszczacze,folie HTTP/1.1" 200 55395 "-" "Mozilla/5.0 (compatible; MJ12bot/v1.4.8; http://mj12bot.com/)" sklep.plantis.app "FI"
2003:c7:bf26:2231:f143:358e:454a:391b - - [16/Jan/2026:17:04:52 +0100] "GET /kategoria-produktu/okazje/ HTTP/1.1" 200 45831 "https://sklep.plantis.app/?external_email=MTAyMjQ0MDg2MDU0ODI5MjdAZmFjZWJvb2suemllbG9uZXBvZ290b3dpZS5hcHA%3D&login_token=1f0f2f4f-dad1-6d76-979f-fa163e5c2112" "Mozilla/5.0 (Linux; Android 13; 23108RN04Y Build/TP1A.220624.014; wv) AppleWebKit/537.36 (KHTML, like Gecko) Version/4.0 Chrome/143.0.7499.192 Mobile Safari/537.36" sklep.plantis.app "DE"
83.24.163.225 - - [16/Jan/2026:17:04:52 +0100] "GET /produkt/nawoz-do-tui-z-mikroelementami-4-kg-target/ HTTP/1.1" 200 57400 "-" "Mozilla/5.0 (Windows NT 10.0; Win64; x64) AppleWebKit/537.36 (KHTML, like Gecko) Chrome/126.0 Safari/537.36" sklep.plantis.app "PL"
65.108.78.33 - - [16/Jan/2026:17:04:53 +0100] "GET /kategoria-produktu/pielegnacja-i-nawozenie/?et_columns-count=3&filter_cat=nablyszczacze,hydrozel-ogrodniczy HTTP/1.1" 200 55960 "-" "Mozilla/5.0 (compatible; MJ12bot/v1.4.8; http://mj12bot.com/)" sklep.plantis.app "FI"
83.24.163.225 - - [16/Jan/2026:17:04:53 +0100] "GET /produkt/nawoz-do-tui-z-mikroelementami-4-kg-target/ HTTP/1.1" 200 58938 "-" "Mozilla/5.0 (iPhone; CPU iPhone OS 17_0 like Mac OS X) AppleWebKit/605.1.15 (KHTML, like Gecko) Version/17.0 Mobile/15E148 Safari/604.1" sklep.plantis.app "PL"
2a03:2880:f80e:47:: - - [16/Jan/2026:17:04:54 +0100] "GET /shop/?filter_cat=wysiew%2Csrodki-na-mszyce%2Cnawozy-ekologiczne%2Cnowe-produkty&filter_brand=cell-fast-sp-z-o-o,protect-home,ekagro,zielony-dom HTTP/1.1" 403 787 "-" "meta-externalagent/1.1 (+https://developers.facebook.com/docs/sharing/webmasters/crawler)" sklep.plantis.app "US"
83.24.163.225 - - [16/Jan/2026:17:04:54 +0100] "GET /produkt/sciagaczka-do-podlog-z-listwa-szorujaca-fs-450-m-45-cm-multi-star-wolf-garten/ HTTP/1.1" 200 58956 "-" "Mozilla/5.0 (Windows NT 10.0; Win64; x64) AppleWebKit/537.36 (KHTML, like Gecko) Chrome/126.0 Safari/537.36" sklep.plantis.app "PL"
2a03:2880:f80e:48:: - - [16/Jan/2026:17:04:55 +0100] "GET /shop/?filter_cat=sosny%2Cdom-i-ogrod%2Cmuchy-i-meszki&filter_brand=biovita-sp-z-o-o,twoj-ogrod,chlortix,lider-sp-z-o-o,koppert HTTP/1.1" 403 787 "-" "meta-externalagent/1.1 (+https://developers.facebook.com/docs/sharing/webmasters/crawler)" sklep.plantis.app "US"
83.24.163.225 - - [16/Jan/2026:17:04:55 +0100] "GET /produkt/sciagaczka-do-podlog-z-listwa-szorujaca-fs-450-m-45-cm-multi-star-wolf-garten/ HTTP/1.1" 200 60695 "-" "Mozilla/5.0 (iPhone; CPU iPhone OS 17_0 like Mac OS X) AppleWebKit/605.1.15 (KHTML, like Gecko) Version/17.0 Mobile/15E148 Safari/604.1" sklep.plantis.app "PL"
83.24.163.225 - - [16/Jan/2026:17:04:56 +0100] "GET /wp-content/litespeed/crawler/meta.data?_=1768579377226 HTTP/1.1" 200 559 "https://sklep.plantis.app/wp-admin/admin.php?page=litespeed-crawler&promo_tag=new_version" "Mozilla/5.0 (Windows NT 10.0; Win64; x64) AppleWebKit/537.36 (KHTML, like Gecko) Chrome/143.0.0.0 Safari/537.36" sklep.plantis.app "PL"
65.108.78.33 - - [16/Jan/2026:17:04:55 +0100] "GET /kategoria-produktu/pielegnacja-i-nawozenie/?et_columns-count=3&filter_cat=nablyszczacze,kompostowanie HTTP/1.1" 200 55455 "-" "Mozilla/5.0 (compatible; MJ12bot/v1.4.8; http://mj12bot.com/)" sklep.plantis.app "FI"
83.24.163.225 - - [16/Jan/2026:17:04:57 +0100] "GET /produkt/wklad-feromonowy-do-pulapki-na-cme-bukszpanowa-target/ HTTP/1.1" 200 58670 "-" "Mozilla/5.0 (Windows NT 10.0; Win64; x64) AppleWebKit/537.36 (KHTML, like Gecko) Chrome/126.0 Safari/537.36" sklep.plantis.app "PL"
2a03:2880:f80e:60:: - - [16/Jan/2026:17:04:57 +0100] "GET /shop/?filter_cat=trutki-na-gryzonie%2Cpozostale%2Cinne-produkty-ekologiczne%2Ckompostowanie&filter_brand=zdzislaw-krym-m-e-g-r-a-n,agrobios,kwazar-corporation-sp-z-o-o,zoigarden,botana HTTP/1.1" 403 787 "-" "meta-externalagent/1.1 (+https://developers.facebook.com/docs/sharing/webmasters/crawler)" sklep.plantis.app "US"
83.24.163.225 - - [16/Jan/2026:17:04:58 +0100] "GET /produkt/wklad-feromonowy-do-pulapki-na-cme-bukszpanowa-target/ HTTP/1.1" 200 60211 "-" "Mozilla/5.0 (iPhone; CPU iPhone OS 17_0 like Mac OS X) AppleWebKit/605.1.15 (KHTML, like Gecko) Version/17.0 Mobile/15E148 Safari/604.1" sklep.plantis.app "PL"
51.68.247.208 - - [16/Jan/2026:17:04:56 +0100] "GET /kategoria-produktu/wysiew/?stock_status=in_stock&filter_brand=chomik-m-swiezy-spolka-jawna,legutko,green-star-sp-z-o-o HTTP/1.1" 200 55283 "-" "Mozilla/5.0 (compatible; AhrefsBot/7.0; +http://ahrefs.com/robot/)" sklep.plantis.app "FR"
83.24.163.225 - - [16/Jan/2026:17:04:59 +0100] "GET /wp-content/litespeed/crawler/meta.data?_=1768579134272 HTTP/1.1" 200 559 "https://sklep.plantis.app/wp-admin/admin.php?page=litespeed-crawler" "Mozilla/5.0 (Windows NT 10.0; Win64; x64) AppleWebKit/537.36 (KHTML, like Gecko) Chrome/143.0.0.0 Safari/537.36" sklep.plantis.app "PL"
83.24.163.225 - - [16/Jan/2026:17:04:59 +0100] "GET /kategoria-produktu/inne/odstraszacze-i-trutki/trutki-na-gryzonie/ HTTP/1.1" 200 54483 "-" "Mozilla/5.0 (Windows NT 10.0; Win64; x64) AppleWebKit/537.36 (KHTML, like Gecko) Chrome/126.0 Safari/537.36" sklep.plantis.app "PL"
2a03:2880:f80e:63:: - - [16/Jan/2026:17:04:59 +0100] "GET /shop/?filter_cat=wysiew%2Csrodki-na-mszyce%2Cnawozy-do-lawendy%2Csrodki-na-mrowki&filter_brand=jiffy,hydrokompleks,vegano,biovita,ekagro HTTP/1.1" 403 787 "-" "meta-externalagent/1.1 (+https://developers.facebook.com/docs/sharing/webmasters/crawler)" sklep.plantis.app "US"
2003:c7:bf26:2231:f143:358e:454a:391b - - [16/Jan/2026:17:04:56 +0100] "GET /kategoria-produktu/okazje/?login_token=1f0f2f4f-dad1-6d76-979f-fa163e5c2112 HTTP/1.1" 200 45873 "-" "Mozilla/5.0 (Linux; Android 13; 23108RN04Y Build/TP1A.220624.014; wv) AppleWebKit/537.36 (KHTML, like Gecko) Version/4.0 Chrome/143.0.7499.192 Mobile Safari/537.36" sklep.plantis.app "DE"
2003:c7:bf26:2231:f143:358e:454a:391b - - [16/Jan/2026:17:04:59 +0100] "GET /wp-content/uploads/elementor/css/post-2746.css HTTP/1.1" 200 2002 "https://sklep.plantis.app/kategoria-produktu/okazje/?login_token=1f0f2f4f-dad1-6d76-979f-fa163e5c2112" "Mozilla/5.0 (Linux; Android 13; 23108RN04Y Build/TP1A.220624.014; wv) AppleWebKit/537.36 (KHTML, like Gecko) Version/4.0 Chrome/143.0.7499.192 Mobile Safari/537.36" sklep.plantis.app "DE"
2003:c7:bf26:2231:f143:358e:454a:391b - - [16/Jan/2026:17:04:59 +0100] "GET /wp-content/themes/xstore/css/modules/woocommerce/shop-full-width.min.css HTTP/1.1" 200 742 "https://sklep.plantis.app/kategoria-produktu/okazje/?login_token=1f0f2f4f-dad1-6d76-979f-fa163e5c2112" "Mozilla/5.0 (Linux; Android 13; 23108RN04Y Build/TP1A.220624.014; wv) AppleWebKit/537.36 (KHTML, like Gecko) Version/4.0 Chrome/143.0.7499.192 Mobile Safari/537.36" sklep.plantis.app "DE"
2003:c7:bf26:2231:f143:358e:454a:391b - - [16/Jan/2026:17:04:59 +0100] "GET /wp-includes/js/jquery/ui/mouse.min.js HTTP/1.1" 200 1012 "https://sklep.plantis.app/kategoria-produktu/okazje/?login_token=1f0f2f4f-dad1-6d76-979f-fa163e5c2112" "Mozilla/5.0 (Linux; Android 13; 23108RN04Y Build/TP1A.220624.014; wv) AppleWebKit/537.36 (KHTML, like Gecko) Version/4.0 Chrome/143.0.7499.192 Mobile Safari/537.36" sklep.plantis.app "DE"
2003:c7:bf26:2231:f143:358e:454a:391b - - [16/Jan/2026:17:04:59 +0100] "GET /wp-includes/js/jquery/ui/slider.min.js HTTP/1.1" 200 3010 "https://sklep.plantis.app/kategoria-produktu/okazje/?login_token=1f0f2f4f-dad1-6d76-979f-fa163e5c2112" "Mozilla/5.0 (Linux; Android 13; 23108RN04Y Build/TP1A.220624.014; wv) AppleWebKit/537.36 (KHTML, like Gecko) Version/4.0 Chrome/143.0.7499.192 Mobile Safari/537.36" sklep.plantis.app "DE"
2003:c7:bf26:2231:f143:358e:454a:391b - - [16/Jan/2026:17:04:59 +0100] "GET /wp-content/plugins/woocommerce/assets/js/jquery-ui-touch-punch/jquery-ui-touch-punch.min.js HTTP/1.1" 200 529 "https://sklep.plantis.app/kategoria-produktu/okazje/?login_token=1f0f2f4f-dad1-6d76-979f-fa163e5c2112" "Mozilla/5.0 (Linux; Android 13; 23108RN04Y Build/TP1A.220624.014; wv) AppleWebKit/537.36 (KHTML, like Gecko) Version/4.0 Chrome/143.0.7499.192 Mobile Safari/537.36" sklep.plantis.app "DE"
2003:c7:bf26:2231:f143:358e:454a:391b - - [16/Jan/2026:17:04:59 +0100] "GET /wp-content/plugins/woocommerce/assets/js/accounting/accounting.min.js HTTP/1.1" 200 1321 "https://sklep.plantis.app/kategoria-produktu/okazje/?login_token=1f0f2f4f-dad1-6d76-979f-fa163e5c2112" "Mozilla/5.0 (Linux; Android 13; 23108RN04Y Build/TP1A.220624.014; wv) AppleWebKit/537.36 (KHTML, like Gecko) Version/4.0 Chrome/143.0.7499.192 Mobile Safari/537.36" sklep.plantis.app "DE"
2003:c7:bf26:2231:f143:358e:454a:391b - - [16/Jan/2026:17:04:59 +0100] "GET /wp-content/plugins/woocommerce/assets/js/frontend/price-slider.min.js HTTP/1.1" 200 538 "https://sklep.plantis.app/kategoria-produktu/okazje/?login_token=1f0f2f4f-dad1-6d76-979f-fa163e5c2112" "Mozilla/5.0 (Linux; Android 13; 23108RN04Y Build/TP1A.220624.014; wv) AppleWebKit/537.36 (KHTML, like Gecko) Version/4.0 Chrome/143.0.7499.192 Mobile Safari/537.36" sklep.plantis.app "DE"
2003:c7:bf26:2231:f143:358e:454a:391b - - [16/Jan/2026:17:04:59 +0100] "GET /wp-content/uploads/custom-fonts/2025/05/RethinkSans-Bold.ttf HTTP/1.1" 200 30473 "https://sklep.plantis.app/kategoria-produktu/okazje/?login_token=1f0f2f4f-dad1-6d76-979f-fa163e5c2112" "Mozilla/5.0 (Linux; Android 13; 23108RN04Y Build/TP1A.220624.014; wv) AppleWebKit/537.36 (KHTML, like Gecko) Version/4.0 Chrome/143.0.7499.192 Mobile Safari/537.36" sklep.plantis.app "DE"
83.24.163.225 - - [16/Jan/2026:17:05:00 +0100] "GET /kategoria-produktu/inne/odstraszacze-i-trutki/trutki-na-gryzonie/ HTTP/1.1" 200 55470 "-" "Mozilla/5.0 (iPhone; CPU iPhone OS 17_0 like Mac OS X) AppleWebKit/605.1.15 (KHTML, like Gecko) Version/17.0 Mobile/15E148 Safari/604.1" sklep.plantis.app "PL"
65.108.78.33 - - [16/Jan/2026:17:04:58 +0100] "GET /kategoria-produktu/pielegnacja-i-nawozenie/?et_columns-count=3&filter_cat=nablyszczacze,kruszywa HTTP/1.1" 200 55775 "-" "Mozilla/5.0 (compatible; MJ12bot/v1.4.8; http://mj12bot.com/)" sklep.plantis.app "FI"
2003:c7:bf26:2231:f143:358e:454a:391b - - [16/Jan/2026:17:05:00 +0100] "GET /wp-content/uploads/2025/06/17010-scaled-300x300.jpg.webp HTTP/1.1" 200 8750 "https://sklep.plantis.app/kategoria-produktu/okazje/?login_token=1f0f2f4f-dad1-6d76-979f-fa163e5c2112" "Mozilla/5.0 (Linux; Android 13; 23108RN04Y Build/TP1A.220624.014; wv) AppleWebKit/537.36 (KHTML, like Gecko) Version/4.0 Chrome/143.0.7499.192 Mobile Safari/537.36" sklep.plantis.app "DE"
2003:c7:bf26:2231:f143:358e:454a:391b - - [16/Jan/2026:17:05:00 +0100] "GET /wp-content/uploads/2025/06/16950-scaled-600x600.jpg.webp HTTP/1.1" 200 30248 "https://sklep.plantis.app/kategoria-produktu/okazje/?login_token=1f0f2f4f-dad1-6d76-979f-fa163e5c2112" "Mozilla/5.0 (Linux; Android 13; 23108RN04Y Build/TP1A.220624.014; wv) AppleWebKit/537.36 (KHTML, like Gecko) Version/4.0 Chrome/143.0.7499.192 Mobile Safari/537.36" sklep.plantis.app "DE"
2003:c7:bf26:2231:f143:358e:454a:391b - - [16/Jan/2026:17:05:00 +0100] "GET /wp-content/uploads/2025/06/18466-scaled-600x600.png.webp HTTP/1.1" 200 49690 "https://sklep.plantis.app/kategoria-produktu/okazje/?login_token=1f0f2f4f-dad1-6d76-979f-fa163e5c2112" "Mozilla/5.0 (Linux; Android 13; 23108RN04Y Build/TP1A.220624.014; wv) AppleWebKit/537.36 (KHTML, like Gecko) Version/4.0 Chrome/143.0.7499.192 Mobile Safari/537.36" sklep.plantis.app "DE"
83.24.163.225 - - [16/Jan/2026:17:05:01 +0100] "GET /produkt/grabie-do-lisci-4w1-multi-star-wolf-garten/ HTTP/1.1" 200 59092 "-" "Mozilla/5.0 (Windows NT 10.0; Win64; x64) AppleWebKit/537.36 (KHTML, like Gecko) Chrome/126.0 Safari/537.36" sklep.plantis.app "PL"
2a03:2880:f80e:2a:: - - [16/Jan/2026:17:05:01 +0100] "GET /shop/?filter_cat=pozostale%2Cminiszklarenki&filter_brand=target,protect-home,alvanaeko-sp-z-o-o,lamela-sp-z-o-o,torseed,biovita-sp-z-o-o HTTP/1.1" 403 787 "-" "meta-externalagent/1.1 (+https://developers.facebook.com/docs/sharing/webmasters/crawler)" sklep.plantis.app "US"
65.108.78.33 - - [16/Jan/2026:17:05:01 +0100] "GET /kategoria-produktu/pielegnacja-i-nawozenie/?et_columns-count=3&filter_cat=nablyszczacze,nawoz-do-trawy HTTP/1.1" 200 55909 "-" "Mozilla/5.0 (compatible; MJ12bot/v1.4.8; http://mj12bot.com/)" sklep.plantis.app "FI"
83.24.163.225 - - [16/Jan/2026:17:05:02 +0100] "GET /produkt/grabie-do-lisci-4w1-multi-star-wolf-garten/ HTTP/1.1" 200 60693 "-" "Mozilla/5.0 (iPhone; CPU iPhone OS 17_0 like Mac OS X) AppleWebKit/605.1.15 (KHTML, like Gecko) Version/17.0 Mobile/15E148 Safari/604.1" sklep.plantis.app "PL"
83.24.163.225 - - [16/Jan/2026:17:05:03 +0100] "GET /produkt/kompost-granulowany-10-l/ HTTP/1.1" 200 57677 "-" "Mozilla/5.0 (Windows NT 10.0; Win64; x64) AppleWebKit/537.36 (KHTML, like Gecko) Chrome/126.0 Safari/537.36" sklep.plantis.app "PL"
2a03:2880:f80e:10:: - - [16/Jan/2026:17:05:03 +0100] "GET /shop/?filter_cat=wysiew%2Csrodki-na-mszyce%2Cszkodniki-drzew%2Cdom-i-ogrod&filter_brand=chlortix,s-f-c-jardibric,kenar,kwazar-corporation-sp-z-o-o,lamela-sp-z-o-o HTTP/1.1" 403 787 "-" "meta-externalagent/1.1 (+https://developers.facebook.com/docs/sharing/webmasters/crawler)" sklep.plantis.app "US"
83.24.163.225 - - [16/Jan/2026:17:05:04 +0100] "GET /produkt/kompost-granulowany-10-l/ HTTP/1.1" 200 59305 "-" "Mozilla/5.0 (iPhone; CPU iPhone OS 17_0 like Mac OS X) AppleWebKit/605.1.15 (KHTML, like Gecko) Version/17.0 Mobile/15E148 Safari/604.1" sklep.plantis.app "PL"
83.24.163.225 - - [16/Jan/2026:17:05:05 +0100] "GET /produkt/skalnica-mix-01-g-legutko/ HTTP/1.1" 200 58519 "-" "Mozilla/5.0 (Windows NT 10.0; Win64; x64) AppleWebKit/537.36 (KHTML, like Gecko) Chrome/126.0 Safari/537.36" sklep.plantis.app "PL"
65.108.78.33 - - [16/Jan/2026:17:05:03 +0100] "GET /kategoria-produktu/pielegnacja-i-nawozenie/?et_columns-count=3&filter_cat=nablyszczacze,nawozy-do-borowek HTTP/1.1" 200 55188 "-" "Mozilla/5.0 (compatible; MJ12bot/v1.4.8; http://mj12bot.com/)" sklep.plantis.app "FI"
2003:c7:bf26:2231:f143:358e:454a:391b - - [16/Jan/2026:17:05:05 +0100] "GET /produkt/dolomit-nawoz-odkwaszajacy-glebe-10-kg-target/ HTTP/1.1" 200 50364 "https://sklep.plantis.app/kategoria-produktu/okazje/?login_token=1f0f2f4f-dad1-6d76-979f-fa163e5c2112" "Mozilla/5.0 (Linux; Android 13; 23108RN04Y Build/TP1A.220624.014; wv) AppleWebKit/537.36 (KHTML, like Gecko) Version/4.0 Chrome/143.0.7499.192 Mobile Safari/537.36" sklep.plantis.app "DE"
2a03:2880:f80e:9:: - - [16/Jan/2026:17:05:05 +0100] "GET /shop/?filter_brand=chomik-m-swiezy-spolka-jawna,agro-nas,alvanaeko-sp-z-o-o,gardena-sp-z-o-o,botana,lider-sp-z-o-o,garland HTTP/1.1" 403 787 "-" "meta-externalagent/1.1 (+https://developers.facebook.com/docs/sharing/webmasters/crawler)" sklep.plantis.app "US"
83.24.163.225 - - [16/Jan/2026:17:05:06 +0100] "GET /produkt/skalnica-mix-01-g-legutko/ HTTP/1.1" 200 60255 "-" "Mozilla/5.0 (iPhone; CPU iPhone OS 17_0 like Mac OS X) AppleWebKit/605.1.15 (KHTML, like Gecko) Version/17.0 Mobile/15E148 Safari/604.1" sklep.plantis.app "PL"
65.108.78.33 - - [16/Jan/2026:17:05:06 +0100] "GET /kategoria-produktu/pielegnacja-i-nawozenie/?et_columns-count=3&filter_cat=nablyszczacze,nawozy-do-hortensji HTTP/1.1" 200 55410 "-" "Mozilla/5.0 (compatible; MJ12bot/v1.4.8; http://mj12bot.com/)" sklep.plantis.app "FI"
2003:c7:bf26:2231:f143:358e:454a:391b - - [16/Jan/2026:17:05:07 +0100] "GET /produkt/neemazal-zwalcza-ziemiorki-i-inne-szkodniki-10-ml-target/ HTTP/1.1" 200 51232 "https://sklep.plantis.app/kategoria-produktu/okazje/?login_token=1f0f2f4f-dad1-6d76-979f-fa163e5c2112" "Mozilla/5.0 (Linux; Android 13; 23108RN04Y Build/TP1A.220624.014; wv) AppleWebKit/537.36 (KHTML, like Gecko) Version/4.0 Chrome/143.0.7499.192 Mobile Safari/537.36" sklep.plantis.app "DE"
83.24.163.225 - - [16/Jan/2026:17:05:07 +0100] "GET /produkt/pomidor-donna-f1-koktajlowy-kiepenkerl/ HTTP/1.1" 200 58281 "-" "Mozilla/5.0 (Windows NT 10.0; Win64; x64) AppleWebKit/537.36 (KHTML, like Gecko) Chrome/126.0 Safari/537.36" sklep.plantis.app "PL"
2a03:2880:f80e:2c:: - - [16/Jan/2026:17:05:07 +0100] "GET /shop/?et_columns-count=1&filter_cat=nasiona-traw%2Cdo-gleby%2Cnasiona-kwiatow%2Cpozostale&filter_brand=biogrod-tomasz-jonak,browin-sp-z-o-o-sp-k,kronen-sp-z-o-o,protect-garden HTTP/1.1" 403 787 "-" "meta-externalagent/1.1 (+https://developers.facebook.com/docs/sharing/webmasters/crawler)" sklep.plantis.app "US"
51.68.247.217 - - [16/Jan/2026:17:05:06 +0100] "GET /kategoria-produktu/wysiew/?stock_status=in_stock&filter_brand=chomik-m-swiezy-spolka-jawna,legutko,garland-products-ltd HTTP/1.1" 200 55322 "-" "Mozilla/5.0 (compatible; AhrefsBot/7.0; +http://ahrefs.com/robot/)" sklep.plantis.app "FR"
83.24.163.225 - - [16/Jan/2026:17:05:08 +0100] "GET /produkt/pomidor-donna-f1-koktajlowy-kiepenkerl/ HTTP/1.1" 200 59840 "-" "Mozilla/5.0 (iPhone; CPU iPhone OS 17_0 like Mac OS X) AppleWebKit/605.1.15 (KHTML, like Gecko) Version/17.0 Mobile/15E148 Safari/604.1" sklep.plantis.app "PL"
176.113.194.54 - - [16/Jan/2026:17:05:04 +0100] "GET /?external_email=a293YWxjenlrZXdhQHdwLnBs&login_token=1f0af1e4-6a2a-65d4-8be5-fa163e5c2112 HTTP/1.1" 200 57760 "-" "Mozilla/5.0 (Linux; Android 11; Redmi Note 8 Pro Build/RP1A.200720.011; wv) AppleWebKit/537.36 (KHTML, like Gecko) Version/4.0 Chrome/143.0.7499.192 Mobile Safari/537.36" sklep.plantis.app "PL"
176.113.194.54 - - [16/Jan/2026:17:05:08 +0100] "GET /wp-content/uploads/2025/10/Group-228.png.webp HTTP/1.1" 200 2876 "https://sklep.plantis.app/?external_email=a293YWxjenlrZXdhQHdwLnBs&login_token=1f0af1e4-6a2a-65d4-8be5-fa163e5c2112" "Mozilla/5.0 (Linux; Android 11; Redmi Note 8 Pro Build/RP1A.200720.011; wv) AppleWebKit/537.36 (KHTML, like Gecko) Version/4.0 Chrome/143.0.7499.192 Mobile Safari/537.36" sklep.plantis.app "PL"
176.113.194.54 - - [16/Jan/2026:17:05:08 +0100] "POST /wp-content/plugins/litespeed-cache/guest.vary.php HTTP/1.1" 200 20 "https://sklep.plantis.app/?external_email=a293YWxjenlrZXdhQHdwLnBs&login_token=1f0af1e4-6a2a-65d4-8be5-fa163e5c2112" "Mozilla/5.0 (Linux; Android 11; Redmi Note 8 Pro Build/RP1A.200720.011; wv) AppleWebKit/537.36 (KHTML, like Gecko) Version/4.0 Chrome/143.0.7499.192 Mobile Safari/537.36" sklep.plantis.app "PL"
83.24.163.225 - - [16/Jan/2026:17:05:09 +0100] "GET /kategoria-produktu/pielegnacja-i-nawozenie/nawozy-do-kwiatow-balkonowych-i-domowych/nawozy-do-pielegnacji-pelargonii/ HTTP/1.1" 200 53976 "-" "Mozilla/5.0 (Windows NT 10.0; Win64; x64) AppleWebKit/537.36 (KHTML, like Gecko) Chrome/126.0 Safari/537.36" sklep.plantis.app "PL"
2a03:2880:f80e:2a:: - - [16/Jan/2026:17:05:09 +0100] "GET /shop/?filter_cat=wysiew%2Csrodki-na-mszyce%2Cnawozy-ekologiczne%2Cnowe-produkty&filter_brand=cell-fast-sp-z-o-o,agrobios,lider-sp-z-o-o,bros-sp-z-o-o HTTP/1.1" 403 787 "-" "meta-externalagent/1.1 (+https://developers.facebook.com/docs/sharing/webmasters/crawler)" sklep.plantis.app "US"
83.24.163.225 - - [16/Jan/2026:17:05:10 +0100] "GET /kategoria-produktu/pielegnacja-i-nawozenie/nawozy-do-kwiatow-balkonowych-i-domowych/nawozy-do-pielegnacji-pelargonii/ HTTP/1.1" 200 54656 "-" "Mozilla/5.0 (iPhone; CPU iPhone OS 17_0 like Mac OS X) AppleWebKit/605.1.15 (KHTML, like Gecko) Version/17.0 Mobile/15E148 Safari/604.1" sklep.plantis.app "PL"
65.108.78.33 - - [16/Jan/2026:17:05:08 +0100] "GET /kategoria-produktu/pielegnacja-i-nawozenie/?et_columns-count=3&filter_cat=nablyszczacze,nawozy-do-kwiatow-balkonowych-i-domowych HTTP/1.1" 200 56015 "-" "Mozilla/5.0 (compatible; MJ12bot/v1.4.8; http://mj12bot.com/)" sklep.plantis.app "FI"
109.95.157.167 - - [16/Jan/2026:17:05:10 +0100] "GET /wp-cron.php?doing_wp_cron HTTP/1.1" 200 0 "-" "Wget/1.19.5 (linux-gnu)" sklep.plantis.app "PL"
83.24.163.225 - - [16/Jan/2026:17:05:10 +0100] "GET /kategoria-produktu/narzedzia/narzedzia-tnace/sekatory/ HTTP/1.1" 200 54935 "-" "Mozilla/5.0 (Windows NT 10.0; Win64; x64) AppleWebKit/537.36 (KHTML, like Gecko) Chrome/126.0 Safari/537.36" sklep.plantis.app "PL"
2003:c7:bf26:2231:f143:358e:454a:391b - - [16/Jan/2026:17:05:11 +0100] "GET /wp-content/uploads/2025/06/18005-600x600.jpg.webp HTTP/1.1" 200 47356 "https://sklep.plantis.app/kategoria-produktu/okazje/?login_token=1f0f2f4f-dad1-6d76-979f-fa163e5c2112" "Mozilla/5.0 (Linux; Android 13; 23108RN04Y Build/TP1A.220624.014; wv) AppleWebKit/537.36 (KHTML, like Gecko) Version/4.0 Chrome/143.0.7499.192 Mobile Safari/537.36" sklep.plantis.app "DE"
2a03:2880:f80e:25:: - - [16/Jan/2026:17:05:11 +0100] "GET /shop/?filter_cat=inne%2Cdom-i-ogrod&filter_brand=koppert,himal,agropak-sp-j-brzezinski-i-wspolnicy,gardena-sp-z-o-o,kiepenkerl,ekagro HTTP/1.1" 403 787 "-" "meta-externalagent/1.1 (+https://developers.facebook.com/docs/sharing/webmasters/crawler)" sklep.plantis.app "US"
83.24.163.225 - - [16/Jan/2026:17:05:11 +0100] "GET /kategoria-produktu/narzedzia/narzedzia-tnace/sekatory/ HTTP/1.1" 200 55737 "-" "Mozilla/5.0 (iPhone; CPU iPhone OS 17_0 like Mac OS X) AppleWebKit/605.1.15 (KHTML, like Gecko) Version/17.0 Mobile/15E148 Safari/604.1" sklep.plantis.app "PL"
83.24.163.225 - - [16/Jan/2026:17:05:12 +0100] "GET /wp-content/litespeed/crawler/meta.data?_=1768579377227 HTTP/1.1" 200 559 "https://sklep.plantis.app/wp-admin/admin.php?page=litespeed-crawler&promo_tag=new_version" "Mozilla/5.0 (Windows NT 10.0; Win64; x64) AppleWebKit/537.36 (KHTML, like Gecko) Chrome/143.0.0.0 Safari/537.36" sklep.plantis.app "PL"
176.113.194.54 - - [16/Jan/2026:17:05:09 +0100] "GET /?external_email=a293YWxjenlrZXdhQHdwLnBs&login_token=1f0af1e4-6a2a-65d4-8be5-fa163e5c2112 HTTP/1.1" 200 47788 "-" "Mozilla/5.0 (Linux; Android 11; Redmi Note 8 Pro Build/RP1A.200720.011; wv) AppleWebKit/537.36 (KHTML, like Gecko) Version/4.0 Chrome/143.0.7499.192 Mobile Safari/537.36" sklep.plantis.app "PL"
83.24.163.225 - - [16/Jan/2026:17:05:13 +0100] "GET /produkt/kalendarz-siewu-kwiatow-i-warzyw/ HTTP/1.1" 200 57231 "-" "Mozilla/5.0 (Windows NT 10.0; Win64; x64) AppleWebKit/537.36 (KHTML, like Gecko) Chrome/126.0 Safari/537.36" sklep.plantis.app "PL"
176.113.194.54 - - [16/Jan/2026:17:05:13 +0100] "GET /wp-content/uploads/2025/06/Group-7.png.webp HTTP/1.1" 200 7294 "https://sklep.plantis.app/?external_email=a293YWxjenlrZXdhQHdwLnBs&login_token=1f0af1e4-6a2a-65d4-8be5-fa163e5c2112" "Mozilla/5.0 (Linux; Android 11; Redmi Note 8 Pro Build/RP1A.200720.011; wv) AppleWebKit/537.36 (KHTML, like Gecko) Version/4.0 Chrome/143.0.7499.192 Mobile Safari/537.36" sklep.plantis.app "PL"
2a03:2880:f80e:46:: - - [16/Jan/2026:17:05:13 +0100] "GET /shop/?filter_cat=biostymulator%2Cminiszklarenki-doniczki-i-pojemniki&filter_brand=biogrod-tomasz-jonak,p-p-h-ekodarpol,lamela-sp-z-o-o HTTP/1.1" 403 787 "-" "meta-externalagent/1.1 (+https://developers.facebook.com/docs/sharing/webmasters/crawler)" sklep.plantis.app "US"
65.108.78.33 - - [16/Jan/2026:17:05:12 +0100] "GET /kategoria-produktu/pielegnacja-i-nawozenie/?et_columns-count=3&filter_cat=nablyszczacze,nawozy-do-lawendy HTTP/1.1" 200 54890 "-" "Mozilla/5.0 (compatible; MJ12bot/v1.4.8; http://mj12bot.com/)" sklep.plantis.app "FI"
109.95.157.167 - - [16/Jan/2026:17:05:12 +0100] "GET /produkt/dziwaczek-wielobarwny-marbles-nasiona-kiepenkerl/?LSCWP_CTRL=before_optm HTTP/1.1" 200 42191 "http://sklep.plantis.app/wp-cron.php?doing_wp_cron" "lscache_runner Mobile iPhone" sklep.plantis.app "PL"
176.113.194.54 - - [16/Jan/2026:17:05:13 +0100] "POST /?wc-ajax=get_refreshed_fragments HTTP/1.1" 200 889 "https://sklep.plantis.app/?external_email=a293YWxjenlrZXdhQHdwLnBs&login_token=1f0af1e4-6a2a-65d4-8be5-fa163e5c2112" "Mozilla/5.0 (Linux; Android 11; Redmi Note 8 Pro Build/RP1A.200720.011; wv) AppleWebKit/537.36 (KHTML, like Gecko) Version/4.0 Chrome/143.0.7499.192 Mobile Safari/537.36" sklep.plantis.app "PL"
65.108.78.33 - - [16/Jan/2026:17:05:15 +0100] "GET /kategoria-produktu/pielegnacja-i-nawozenie/?et_columns-count=3&filter_cat=nablyszczacze,nawozy-do-owocowych HTTP/1.1" 200 56084 "-" "Mozilla/5.0 (compatible; MJ12bot/v1.4.8; http://mj12bot.com/)" sklep.plantis.app "FI"
2a03:2880:f80e:37:: - - [16/Jan/2026:17:05:15 +0100] "GET /shop/?filter_brand=poltops,chomik-m-swiezy-spolka-jawna,inne,alvanaeko-sp-z-o-o,tomasz-szostak-z-ogrodem-na-ty,browin,biogrod HTTP/1.1" 403 787 "-" "meta-externalagent/1.1 (+https://developers.facebook.com/docs/sharing/webmasters/crawler)" sklep.plantis.app "US"
83.24.163.225 - - [16/Jan/2026:17:05:14 +0100] "GET /produkt/kalendarz-siewu-kwiatow-i-warzyw/ HTTP/1.1" 200 58827 "-" "Mozilla/5.0 (iPhone; CPU iPhone OS 17_0 like Mac OS X) AppleWebKit/605.1.15 (KHTML, like Gecko) Version/17.0 Mobile/15E148 Safari/604.1" sklep.plantis.app "PL"
83.24.163.225 - - [16/Jan/2026:17:05:15 +0100] "POST /wp-admin/admin-ajax.php HTTP/1.1" 200 51 "https://sklep.plantis.app/wp-admin/admin.php?page=litespeed" "Mozilla/5.0 (Windows NT 10.0; Win64; x64) AppleWebKit/537.36 (KHTML, like Gecko) Chrome/143.0.0.0 Safari/537.36" sklep.plantis.app "PL"
