109.95.157.167 - - [16/Jan/2026:17:01:53 +0100] "GET /producent/tomasz-szostak-z-ogrodem-na-ty/ HTTP/1.1" 201 0 "http://sklep.plantis.app/wp-admin/admin-ajax.php?action=async_litespeed&nonce=vgFL9r3qn7ZBTKqwfoMvukNxIaKrltEX&litespeed_type=crawler" "lscache_runner Mobile iPhone" sklep.plantis.app "PL"
109.95.157.167 - - [16/Jan/2026:17:01:53 +0100] "GET /producent/zoigarden-marta-piotrowska/ HTTP/1.1" 201 0 "http://sklep.plantis.app/wp-admin/admin-ajax.php?action=async_litespeed&nonce=vgFL9r3qn7ZBTKqwfoMvukNxIaKrltEX&litespeed_type=crawler" "lscache_runner Mobile iPhone" sklep.plantis.app "PL"
109.95.157.167 - - [16/Jan/2026:17:01:53 +0100] "GET /producent/lustan-spolka-z-ograniczona-odpowiedzialnoscia/ HTTP/1.1" 201 0 "http://sklep.plantis.app/wp-admin/admin-ajax.php?action=async_litespeed&nonce=vgFL9r3qn7ZBTKqwfoMvukNxIaKrltEX&litespeed_type=crawler" "lscache_runner Mobile iPhone" sklep.plantis.app "PL"
109.95.157.167 - - [16/Jan/2026:17:01:53 +0100] "GET /producent/bioekspert-sp-z-o-o/ HTTP/1.1" 201 0 "http://sklep.plantis.app/wp-admin/admin-ajax.php?action=async_litespeed&nonce=vgFL9r3qn7ZBTKqwfoMvukNxIaKrltEX&litespeed_type=crawler" "lscache_runner Mobile iPhone" sklep.plantis.app "PL"
109.95.157.167 - - [16/Jan/2026:17:01:53 +0100] "GET /producent/twoj-ogrod/ HTTP/1.1" 201 0 "http://sklep.plantis.app/wp-admin/admin-ajax.php?action=async_litespeed&nonce=vgFL9r3qn7ZBTKqwfoMvukNxIaKrltEX&litespeed_type=crawler" "lscache_runner Mobile iPhone" sklep.plantis.app "PL"
109.95.157.167 - - [16/Jan/2026:17:01:53 +0100] "GET /producent/p-p-h-u-dolpol-maria-radawska/ HTTP/1.1" 201 0 "http://sklep.plantis.app/wp-admin/admin-ajax.php?action=async_litespeed&nonce=vgFL9r3qn7ZBTKqwfoMvukNxIaKrltEX&litespeed_type=crawler" "lscache_runner Mobile iPhone" sklep.plantis.app "PL"
109.95.157.167 - - [16/Jan/2026:17:01:53 +0100] "GET /producent/tin-tours-sp-z-o-o/ HTTP/1.1" 201 0 "http://sklep.plantis.app/wp-admin/admin-ajax.php?action=async_litespeed&nonce=vgFL9r3qn7ZBTKqwfoMvukNxIaKrltEX&litespeed_type=crawler" "lscache_runner Mobile iPhone" sklep.plantis.app "PL"
109.95.157.167 - - [16/Jan/2026:17:01:53 +0100] "GET /producent/biovita-sp-z-o-o/ HTTP/1.1" 201 0 "http://sklep.plantis.app/wp-admin/admin-ajax.php?action=async_litespeed&nonce=vgFL9r3qn7ZBTKqwfoMvukNxIaKrltEX&litespeed_type=crawler" "lscache_runner Mobile iPhone" sklep.plantis.app "PL"
109.95.157.167 - - [16/Jan/2026:17:01:53 +0100] "GET /producent/agro-jumal-sp-z-o-o/ HTTP/1.1" 201 0 "http://sklep.plantis.app/wp-admin/admin-ajax.php?action=async_litespeed&nonce=vgFL9r3qn7ZBTKqwfoMvukNxIaKrltEX&litespeed_type=crawler" "lscache_runner Mobile iPhone" sklep.plantis.app "PL"
109.95.157.167 - - [16/Jan/2026:17:01:53 +0100] "GET /producent/przedsiebiorstwo-solidarnosc-sp-z-o-o/ HTTP/1.1" 201 0 "http://sklep.plantis.app/wp-admin/admin-ajax.php?action=async_litespeed&nonce=vgFL9r3qn7ZBTKqwfoMvukNxIaKrltEX&litespeed_type=crawler" "lscache_runner Mobile iPhone" sklep.plantis.app "PL"
109.95.157.167 - - [16/Jan/2026:17:01:53 +0100] "GET /producent/himal-ar-agnieszka-roganowicz/ HTTP/1.1" 201 0 "http://sklep.plantis.app/wp-admin/admin-ajax.php?action=async_litespeed&nonce=vgFL9r3qn7ZBTKqwfoMvukNxIaKrltEX&litespeed_type=crawler" "lscache_runner Mobile iPhone" sklep.plantis.app "PL"
109.95.157.167 - - [16/Jan/2026:17:01:53 +0100] "GET /producent/gardena-sp-z-o-o/ HTTP/1.1" 201 0 "http://sklep.plantis.app/wp-admin/admin-ajax.php?action=async_litespeed&nonce=vgFL9r3qn7ZBTKqwfoMvukNxIaKrltEX&litespeed_type=crawler" "lscache_runner Mobile iPhone" sklep.plantis.app "PL"
109.95.157.167 - - [16/Jan/2026:17:01:53 +0100] "GET /producent/w-legutko-przedsiebiorstwo-hodowlano-nasienne-spolka-z-ograniczona-odpowiedzialnoscia/ HTTP/1.1" 201 0 "http://sklep.plantis.app/wp-admin/admin-ajax.php?action=async_litespeed&nonce=vgFL9r3qn7ZBTKqwfoMvukNxIaKrltEX&litespeed_type=crawler" "lscache_runner Mobile iPhone" sklep.plantis.app "PL"
109.95.157.167 - - [16/Jan/2026:17:01:53 +0100] "GET /producent/torseed-przedsiebiorstwo-nasiennictwa-ogrodniczego-i-szkolkarstwa-s-a/ HTTP/1.1" 201 0 "http://sklep.plantis.app/wp-admin/admin-ajax.php?action=async_litespeed&nonce=vgFL9r3qn7ZBTKqwfoMvukNxIaKrltEX&litespeed_type=crawler" "lscache_runner Mobile iPhone" sklep.plantis.app "PL"
109.95.157.167 - - [16/Jan/2026:17:01:53 +0100] "GET /producent/cell-fast-sp-z-o-o/ HTTP/1.1" 201 0 "http://sklep.plantis.app/wp-admin/admin-ajax.php?action=async_litespeed&nonce=vgFL9r3qn7ZBTKqwfoMvukNxIaKrltEX&litespeed_type=crawler" "lscache_runner Mobile iPhone" sklep.plantis.app "PL"
109.95.157.167 - - [16/Jan/2026:17:01:53 +0100] "GET /producent/garland-products-ltd/ HTTP/1.1" 201 0 "http://sklep.plantis.app/wp-admin/admin-ajax.php?action=async_litespeed&nonce=vgFL9r3qn7ZBTKqwfoMvukNxIaKrltEX&litespeed_type=crawler" "lscache_runner Mobile iPhone" sklep.plantis.app "PL"
109.95.157.167 - - [16/Jan/2026:17:01:53 +0100] "GET /producent/alvanaeko-sp-z-o-o/ HTTP/1.1" 201 0 "http://sklep.plantis.app/wp-admin/admin-ajax.php?action=async_litespeed&nonce=vgFL9r3qn7ZBTKqwfoMvukNxIaKrltEX&litespeed_type=crawler" "lscache_runner Mobile iPhone" sklep.plantis.app "PL"
109.95.157.167 - - [16/Jan/2026:17:01:53 +0100] "GET /producent/botana/ HTTP/1.1" 201 0 "http://sklep.plantis.app/wp-admin/admin-ajax.php?action=async_litespeed&nonce=vgFL9r3qn7ZBTKqwfoMvukNxIaKrltEX&litespeed_type=crawler" "lscache_runner Mobile iPhone" sklep.plantis.app "PL"
109.95.157.167 - - [16/Jan/2026:17:01:53 +0100] "GET /producent/kronen-sp-z-o-o/ HTTP/1.1" 201 0 "http://sklep.plantis.app/wp-admin/admin-ajax.php?action=async_litespeed&nonce=vgFL9r3qn7ZBTKqwfoMvukNxIaKrltEX&litespeed_type=crawler" "lscache_runner Mobile iPhone" sklep.plantis.app "PL"
109.95.157.167 - - [16/Jan/2026:17:01:53 +0100] "GET /producent/bros-sp-z-o-o-sp-k/ HTTP/1.1" 201 0 "http://sklep.plantis.app/wp-admin/admin-ajax.php?action=async_litespeed&nonce=vgFL9r3qn7ZBTKqwfoMvukNxIaKrltEX&litespeed_type=crawler" "lscache_runner Mobile iPhone" sklep.plantis.app "PL"
109.95.157.167 - - [16/Jan/2026:17:01:53 +0100] "GET /producent/przedsiebiorstwo-badawczo-wdrozeniowe-acrylmed-dr-ludwika-wlasinska-sp-z-o-o/ HTTP/1.1" 201 0 "http://sklep.plantis.app/wp-admin/admin-ajax.php?action=async_litespeed&nonce=vgFL9r3qn7ZBTKqwfoMvukNxIaKrltEX&litespeed_type=crawler" "lscache_runner Mobile iPhone" sklep.plantis.app "PL"
109.95.157.167 - - [16/Jan/2026:17:01:53 +0100] "GET /producent/sklep-internetowy-katarzyna-weczerek/ HTTP/1.1" 201 0 "http://sklep.plantis.app/wp-admin/admin-ajax.php?action=async_litespeed&nonce=vgFL9r3qn7ZBTKqwfoMvukNxIaKrltEX&litespeed_type=crawler" "lscache_runner Mobile iPhone" sklep.plantis.app "PL"
109.95.157.167 - - [16/Jan/2026:17:01:53 +0100] "GET /producent/granit-ip-michalski-piotr/ HTTP/1.1" 201 0 "http://sklep.plantis.app/wp-admin/admin-ajax.php?action=async_litespeed&nonce=vgFL9r3qn7ZBTKqwfoMvukNxIaKrltEX&litespeed_type=crawler" "lscache_runner Mobile iPhone" sklep.plantis.app "PL"
109.95.157.167 - - [16/Jan/2026:17:01:53 +0100] "GET /producent/lider-sp-z-o-o/ HTTP/1.1" 201 0 "http://sklep.plantis.app/wp-admin/admin-ajax.php?action=async_litespeed&nonce=vgFL9r3qn7ZBTKqwfoMvukNxIaKrltEX&litespeed_type=crawler" "lscache_runner Mobile iPhone" sklep.plantis.app "PL"
109.95.157.167 - - [16/Jan/2026:17:01:53 +0100] "GET /producent/inne/ HTTP/1.1" 201 0 "http://sklep.plantis.app/wp-admin/admin-ajax.php?action=async_litespeed&nonce=vgFL9r3qn7ZBTKqwfoMvukNxIaKrltEX&litespeed_type=crawler" "lscache_runner Mobile iPhone" sklep.plantis.app "PL"
109.95.157.167 - - [16/Jan/2026:17:01:53 +0100] "GET /producent/firma-handlowo-uslugowa-pro-dent-jacek-kuzniar/ HTTP/1.1" 201 0 "http://sklep.plantis.app/wp-admin/admin-ajax.php?action=async_litespeed&nonce=vgFL9r3qn7ZBTKqwfoMvukNxIaKrltEX&litespeed_type=crawler" "lscache_runner Mobile iPhone" sklep.plantis.app "PL"
109.95.157.167 - - [16/Jan/2026:17:01:53 +0100] "GET /producent/ekagro/ HTTP/1.1" 201 0 "http://sklep.plantis.app/wp-admin/admin-ajax.php?action=async_litespeed&nonce=vgFL9r3qn7ZBTKqwfoMvukNxIaKrltEX&litespeed_type=crawler" "lscache_runner Mobile iPhone" sklep.plantis.app "PL"
109.95.157.167 - - [16/Jan/2026:17:01:53 +0100] "GET /producent/icb-pharma-tomasz-swietoslawski-pawel-swietoslawski-sp-jawna/ HTTP/1.1" 201 0 "http://sklep.plantis.app/wp-admin/admin-ajax.php?action=async_litespeed&nonce=vgFL9r3qn7ZBTKqwfoMvukNxIaKrltEX&litespeed_type=crawler" "lscache_runner Mobile iPhone" sklep.plantis.app "PL"
109.95.157.167 - - [16/Jan/2026:17:01:53 +0100] "GET /producent/specjalistyczne-przedsiebiorstwo-gonicze-gortech-sp-z-o-o/ HTTP/1.1" 201 0 "http://sklep.plantis.app/wp-admin/admin-ajax.php?action=async_litespeed&nonce=vgFL9r3qn7ZBTKqwfoMvukNxIaKrltEX&litespeed_type=crawler" "lscache_runner Mobile iPhone" sklep.plantis.app "PL"
109.95.157.167 - - [16/Jan/2026:17:01:53 +0100] "GET /producent/benex/ HTTP/1.1" 201 0 "http://sklep.plantis.app/wp-admin/admin-ajax.php?action=async_litespeed&nonce=vgFL9r3qn7ZBTKqwfoMvukNxIaKrltEX&litespeed_type=crawler" "lscache_runner Mobile iPhone" sklep.plantis.app "PL"
109.95.157.167 - - [16/Jan/2026:17:01:53 +0100] "GET /producent/himal/ HTTP/1.1" 201 0 "http://sklep.plantis.app/wp-admin/admin-ajax.php?action=async_litespeed&nonce=vgFL9r3qn7ZBTKqwfoMvukNxIaKrltEX&litespeed_type=crawler" "lscache_runner Mobile iPhone" sklep.plantis.app "PL"
109.95.157.167 - - [16/Jan/2026:17:01:53 +0100] "GET /producent/lider/ HTTP/1.1" 201 0 "http://sklep.plantis.app/wp-admin/admin-ajax.php?action=async_litespeed&nonce=vgFL9r3qn7ZBTKqwfoMvukNxIaKrltEX&litespeed_type=crawler" "lscache_runner Mobile iPhone" sklep.plantis.app "PL"
109.95.157.167 - - [16/Jan/2026:17:01:53 +0100] "GET /producent/browin/ HTTP/1.1" 201 0 "http://sklep.plantis.app/wp-admin/admin-ajax.php?action=async_litespeed&nonce=vgFL9r3qn7ZBTKqwfoMvukNxIaKrltEX&litespeed_type=crawler" "lscache_runner Mobile iPhone" sklep.plantis.app "PL"
109.95.157.167 - - [16/Jan/2026:17:01:53 +0100] "GET /producent/koopman/ HTTP/1.1" 201 0 "http://sklep.plantis.app/wp-admin/admin-ajax.php?action=async_litespeed&nonce=vgFL9r3qn7ZBTKqwfoMvukNxIaKrltEX&litespeed_type=crawler" "lscache_runner Mobile iPhone" sklep.plantis.app "PL"
109.95.157.167 - - [16/Jan/2026:17:01:53 +0100] "GET /producent/gami/ HTTP/1.1" 201 0 "http://sklep.plantis.app/wp-admin/admin-ajax.php?action=async_litespeed&nonce=vgFL9r3qn7ZBTKqwfoMvukNxIaKrltEX&litespeed_type=crawler" "lscache_runner Mobile iPhone" sklep.plantis.app "PL"
109.95.157.167 - - [16/Jan/2026:17:01:53 +0100] "GET /producent/kenar/ HTTP/1.1" 201 0 "http://sklep.plantis.app/wp-admin/admin-ajax.php?action=async_litespeed&nonce=vgFL9r3qn7ZBTKqwfoMvukNxIaKrltEX&litespeed_type=crawler" "lscache_runner Mobile iPhone" sklep.plantis.app "PL"
109.95.157.167 - - [16/Jan/2026:17:01:53 +0100] "GET /producent/agronas/ HTTP/1.1" 201 0 "http://sklep.plantis.app/wp-admin/admin-ajax.php?action=async_litespeed&nonce=vgFL9r3qn7ZBTKqwfoMvukNxIaKrltEX&litespeed_type=crawler" "lscache_runner Mobile iPhone" sklep.plantis.app "PL"
109.95.157.167 - - [16/Jan/2026:17:01:53 +0100] "GET /producent/biovita/ HTTP/1.1" 201 0 "http://sklep.plantis.app/wp-admin/admin-ajax.php?action=async_litespeed&nonce=vgFL9r3qn7ZBTKqwfoMvukNxIaKrltEX&litespeed_type=crawler" "lscache_runner Mobile iPhone" sklep.plantis.app "PL"
109.95.157.167 - - [16/Jan/2026:17:01:53 +0100] "GET /producent/rolimpex/ HTTP/1.1" 201 0 "http://sklep.plantis.app/wp-admin/admin-ajax.php?action=async_litespeed&nonce=vgFL9r3qn7ZBTKqwfoMvukNxIaKrltEX&litespeed_type=crawler" "lscache_runner Mobile iPhone" sklep.plantis.app "PL"
109.95.157.167 - - [16/Jan/2026:17:01:53 +0100] "GET /producent/kronen/ HTTP/1.1" 201 0 "http://sklep.plantis.app/wp-admin/admin-ajax.php?action=async_litespeed&nonce=vgFL9r3qn7ZBTKqwfoMvukNxIaKrltEX&litespeed_type=crawler" "lscache_runner Mobile iPhone" sklep.plantis.app "PL"
109.95.157.167 - - [16/Jan/2026:17:01:53 +0100] "GET /producent/legutko/ HTTP/1.1" 201 0 "http://sklep.plantis.app/wp-admin/admin-ajax.php?action=async_litespeed&nonce=vgFL9r3qn7ZBTKqwfoMvukNxIaKrltEX&litespeed_type=crawler" "lscache_runner Mobile iPhone" sklep.plantis.app "PL"
109.95.157.167 - - [16/Jan/2026:17:01:53 +0100] "GET /producent/panasonic/ HTTP/1.1" 201 0 "http://sklep.plantis.app/wp-admin/admin-ajax.php?action=async_litespeed&nonce=vgFL9r3qn7ZBTKqwfoMvukNxIaKrltEX&litespeed_type=crawler" "lscache_runner Mobile iPhone" sklep.plantis.app "PL"
109.95.157.167 - - [16/Jan/2026:17:01:53 +0100] "GET /producent/jiffy/ HTTP/1.1" 201 0 "http://sklep.plantis.app/wp-admin/admin-ajax.php?action=async_litespeed&nonce=vgFL9r3qn7ZBTKqwfoMvukNxIaKrltEX&litespeed_type=crawler" "lscache_runner Mobile iPhone" sklep.plantis.app "PL"
109.95.157.167 - - [16/Jan/2026:17:01:53 +0100] "GET /producent/koppert/ HTTP/1.1" 201 0 "http://sklep.plantis.app/wp-admin/admin-ajax.php?action=async_litespeed&nonce=vgFL9r3qn7ZBTKqwfoMvukNxIaKrltEX&litespeed_type=crawler" "lscache_runner Mobile iPhone" sklep.plantis.app "PL"
109.95.157.167 - - [16/Jan/2026:17:01:53 +0100] "GET /producent/space-star/ HTTP/1.1" 201 0 "http://sklep.plantis.app/wp-admin/admin-ajax.php?action=async_litespeed&nonce=vgFL9r3qn7ZBTKqwfoMvukNxIaKrltEX&litespeed_type=crawler" "lscache_runner Mobile iPhone" sklep.plantis.app "PL"
109.95.157.167 - - [16/Jan/2026:17:01:53 +0100] "GET /producent/compo/ HTTP/1.1" 201 0 "http://sklep.plantis.app/wp-admin/admin-ajax.php?action=async_litespeed&nonce=vgFL9r3qn7ZBTKqwfoMvukNxIaKrltEX&litespeed_type=crawler" "lscache_runner Mobile iPhone" sklep.plantis.app "PL"
109.95.157.167 - - [16/Jan/2026:17:01:53 +0100] "GET /producent/cellfast/ HTTP/1.1" 201 0 "http://sklep.plantis.app/wp-admin/admin-ajax.php?action=async_litespeed&nonce=vgFL9r3qn7ZBTKqwfoMvukNxIaKrltEX&litespeed_type=crawler" "lscache_runner Mobile iPhone" sklep.plantis.app "PL"
109.95.157.167 - - [16/Jan/2026:17:01:53 +0100] "GET /producent/urban-jungle/ HTTP/1.1" 201 0 "http://sklep.plantis.app/wp-admin/admin-ajax.php?action=async_litespeed&nonce=vgFL9r3qn7ZBTKqwfoMvukNxIaKrltEX&litespeed_type=crawler" "lscache_runner Mobile iPhone" sklep.plantis.app "PL"
109.95.157.167 - - [16/Jan/2026:17:01:53 +0100] "GET /producent/poltops/ HTTP/1.1" 201 0 "http://sklep.plantis.app/wp-admin/admin-ajax.php?action=async_litespeed&nonce=vgFL9r3qn7ZBTKqwfoMvukNxIaKrltEX&litespeed_type=crawler" "lscache_runner Mobile iPhone" sklep.plantis.app "PL"
109.95.157.167 - - [16/Jan/2026:17:01:53 +0100] "GET /producent/biosept/ HTTP/1.1" 201 0 "http://sklep.plantis.app/wp-admin/admin-ajax.php?action=async_litespeed&nonce=vgFL9r3qn7ZBTKqwfoMvukNxIaKrltEX&litespeed_type=crawler" "lscache_runner Mobile iPhone" sklep.plantis.app "PL"
109.95.157.167 - - [16/Jan/2026:17:01:53 +0100] "GET /producent/lamela/ HTTP/1.1" 201 0 "http://sklep.plantis.app/wp-admin/admin-ajax.php?action=async_litespeed&nonce=vgFL9r3qn7ZBTKqwfoMvukNxIaKrltEX&litespeed_type=crawler" "lscache_runner Mobile iPhone" sklep.plantis.app "PL"
109.95.157.167 - - [16/Jan/2026:17:01:53 +0100] "GET /producent/cadac/ HTTP/1.1" 201 0 "http://sklep.plantis.app/wp-admin/admin-ajax.php?action=async_litespeed&nonce=vgFL9r3qn7ZBTKqwfoMvukNxIaKrltEX&litespeed_type=crawler" "lscache_runner Mobile iPhone" sklep.plantis.app "PL"
109.95.157.167 - - [16/Jan/2026:17:01:53 +0100] "GET /producent/biogrod/ HTTP/1.1" 201 0 "http://sklep.plantis.app/wp-admin/admin-ajax.php?action=async_litespeed&nonce=vgFL9r3qn7ZBTKqwfoMvukNxIaKrltEX&litespeed_type=crawler" "lscache_runner Mobile iPhone" sklep.plantis.app "PL"
109.95.157.167 - - [16/Jan/2026:17:01:53 +0100] "GET /producent/orion/ HTTP/1.1" 201 0 "http://sklep.plantis.app/wp-admin/admin-ajax.php?action=async_litespeed&nonce=vgFL9r3qn7ZBTKqwfoMvukNxIaKrltEX&litespeed_type=crawler" "lscache_runner Mobile iPhone" sklep.plantis.app "PL"
109.95.157.167 - - [16/Jan/2026:17:01:53 +0100] "GET /producent/protect-home/ HTTP/1.1" 201 0 "http://sklep.plantis.app/wp-admin/admin-ajax.php?action=async_litespeed&nonce=vgFL9r3qn7ZBTKqwfoMvukNxIaKrltEX&litespeed_type=crawler" "lscache_runner Mobile iPhone" sklep.plantis.app "PL"
65.108.78.33 - - [16/Jan/2026:17:01:52 +0100] "GET /kategoria-produktu/pielegnacja-i-nawozenie/?et_columns-count=3&filter_cat=kompostowanie,szpilki-do-mocowania HTTP/1.1" 200 55815 "-" "Mozilla/5.0 (compatible; MJ12bot/v1.4.8; http://mj12bot.com/)" sklep.plantis.app "FI"
2a03:2880:f80e:53:: - - [16/Jan/2026:17:01:54 +0100] "GET /shop/?filter_cat=wysiew%2Csrodki-na-mszyce%2Cchwasty-w-ogrodzie%2Csrodki-na-mrowki-w-domu&filter_brand=compo,legutko,bioekspert,kard-obara-kazimierz,cell-fast HTTP/1.1" 403 787 "-" "meta-externalagent/1.1 (+https://developers.facebook.com/docs/sharing/webmasters/crawler)" sklep.plantis.app "US"
83.24.163.225 - - [16/Jan/2026:17:01:55 +0100] "GET /wp-content/litespeed/crawler/meta.data?_=1768579134256 HTTP/1.1" 200 559 "https://sklep.plantis.app/wp-admin/admin.php?page=litespeed-crawler" "Mozilla/5.0 (Windows NT 10.0; Win64; x64) AppleWebKit/537.36 (KHTML, like Gecko) Chrome/143.0.0.0 Safari/537.36" sklep.plantis.app "PL"
65.108.78.33 - - [16/Jan/2026:17:01:55 +0100] "GET /kategoria-produktu/pielegnacja-i-nawozenie/?et_columns-count=3&filter_cat=kompostowanie,wapno-do-bielenia HTTP/1.1" 200 55728 "-" "Mozilla/5.0 (compatible; MJ12bot/v1.4.8; http://mj12bot.com/)" sklep.plantis.app "FI"
2a03:2880:f80e:50:: - - [16/Jan/2026:17:01:56 +0100] "GET /shop/?filter_cat=wysiew%2Csrodki-na-mszyce&filter_brand=biogrod,ziemovit,lider-sp-z-o-o,zoigarden,grupa-inco-sp-akcyjna,p-p-h-agronas-sp-z-o-o HTTP/1.1" 403 787 "-" "meta-externalagent/1.1 (+https://developers.facebook.com/docs/sharing/webmasters/crawler)" sklep.plantis.app "US"
83.24.163.225 - - [16/Jan/2026:17:01:57 +0100] "POST /wp-admin/admin-ajax.php HTTP/1.1" 200 51 "https://sklep.plantis.app/wp-admin/admin.php?page=litespeed-crawler" "Mozilla/5.0 (Windows NT 10.0; Win64; x64) AppleWebKit/537.36 (KHTML, like Gecko) Chrome/143.0.0.0 Safari/537.36" sklep.plantis.app "PL"
65.108.78.33 - - [16/Jan/2026:17:01:57 +0100] "GET /kategoria-produktu/pielegnacja-i-nawozenie/?et_columns-count=3&filter_cat=kruszywa&filter_brand=granit-ip-michalski-piotr HTTP/1.1" 200 54686 "-" "Mozilla/5.0 (compatible; MJ12bot/v1.4.8; http://mj12bot.com/)" sklep.plantis.app "FI"
83.24.163.225 - - [16/Jan/2026:17:01:59 +0100] "GET /wp-content/litespeed/crawler/meta.data?_=1768579134257 HTTP/1.1" 200 559 "https://sklep.plantis.app/wp-admin/admin.php?page=litespeed-crawler" "Mozilla/5.0 (Windows NT 10.0; Win64; x64) AppleWebKit/537.36 (KHTML, like Gecko) Chrome/143.0.0.0 Safari/537.36" sklep.plantis.app "PL"
2a03:2880:f80e:30:: - - [16/Jan/2026:17:01:59 +0100] "GET /shop/?filter_cat=sosny%2Cagrowlokniny&filter_brand=biogrod-tomasz-jonak,legutko,agrimpex,kwazar-corporation-sp-z-o-o,amma HTTP/1.1" 403 787 "-" "meta-externalagent/1.1 (+https://developers.facebook.com/docs/sharing/webmasters/crawler)" sklep.plantis.app "US"
109.95.157.167 - - [16/Jan/2026:17:01:54 +0100] "POST /wp-admin/admin-ajax.php?action=as_async_request_queue_runner&nonce=6031a51404 HTTP/1.1" 200 0 "-" "WordPress/6.9; https://sklep.plantis.app" sklep.plantis.app "PL"
2a03:2880:f80e:4a:: - - [16/Jan/2026:17:02:00 +0100] "GET /shop/?filter_cat=szkodniki%2Cpistolety%2Ctrutki-na-gryzonie&filter_brand=orion,protect-garden,bioekspert,kwazar-corporation-sp-z-o-o,spaceforgarden-sp-z-o-o,grupa-orion-sp-z-o-o HTTP/1.1" 403 787 "-" "meta-externalagent/1.1 (+https://developers.facebook.com/docs/sharing/webmasters/crawler)" sklep.plantis.app "US"
20.101.166.13 - ck_bb6fc163f5a6460799c5ce64371c0ff4815fe123 [16/Jan/2026:17:02:00 +0100] "GET /wp-json/wc/v3/orders?per_page=100&modified_after=2026-01-09T20%3a40%3a16.16&modified_before=2026-01-16T16%3a02%3a00.00&status=cancelled&dates_are_gmt=True HTTP/1.1" 200 6 "-" "RestSharp/112.0.0.0" sklep.plantis.app "NL"
83.24.163.225 - - [16/Jan/2026:17:02:01 +0100] "POST /wp-admin/admin-ajax.php HTTP/1.1" 200 51 "https://sklep.plantis.app/wp-admin/admin.php?page=litespeed-toolbox" "Mozilla/5.0 (Windows NT 10.0; Win64; x64) AppleWebKit/537.36 (KHTML, like Gecko) Chrome/143.0.0.0 Safari/537.36" sklep.plantis.app "PL"
65.108.78.33 - - [16/Jan/2026:17:02:00 +0100] "GET /kategoria-produktu/pielegnacja-i-nawozenie/?et_columns-count=3&filter_cat=kruszywa&min_price=0&max_price=500 HTTP/1.1" 200 54740 "-" "Mozilla/5.0 (compatible; MJ12bot/v1.4.8; http://mj12bot.com/)" sklep.plantis.app "FI"
2a03:2880:f80e:48:: - - [16/Jan/2026:17:02:03 +0100] "GET /shop/?filter_cat=nawozy-jesienne%2Csrodki-na-mrowki-w-domu&filter_brand=biogrod,lamela-sp-z-o-o,poszwald,agropak,vegano,jrk-roman-korzeniewski HTTP/1.1" 403 787 "-" "meta-externalagent/1.1 (+https://developers.facebook.com/docs/sharing/webmasters/crawler)" sklep.plantis.app "US"
83.24.163.225 - - [16/Jan/2026:17:02:04 +0100] "GET /wp-content/litespeed/crawler/meta.data?_=1768579134258 HTTP/1.1" 200 559 "https://sklep.plantis.app/wp-admin/admin.php?page=litespeed-crawler" "Mozilla/5.0 (Windows NT 10.0; Win64; x64) AppleWebKit/537.36 (KHTML, like Gecko) Chrome/143.0.0.0 Safari/537.36" sklep.plantis.app "PL"
2a03:2880:f80e:41:: - - [16/Jan/2026:17:02:04 +0100] "GET /shop/?et_columns-count=3&filter_cat=dom%2Cnawozy-do-wrzosow%2Czima&filter_brand=koopman,agrimpex-sp-z-o-o,biovita-sp-z-o-o,jrk-roman-korzeniewski,bioekspert,vegano HTTP/1.1" 403 787 "-" "meta-externalagent/1.1 (+https://developers.facebook.com/docs/sharing/webmasters/crawler)" sklep.plantis.app "US"
65.108.78.33 - - [16/Jan/2026:17:02:03 +0100] "GET /kategoria-produktu/pielegnacja-i-nawozenie/?et_columns-count=3&filter_cat=kruszywa&min_price=1000&max_price=1500 HTTP/1.1" 200 52688 "-" "Mozilla/5.0 (compatible; MJ12bot/v1.4.8; http://mj12bot.com/)" sklep.plantis.app "FI"
2a03:2880:f80e:2c:: - - [16/Jan/2026:17:02:06 +0100] "GET /produkt/grys-granitowy-dalmatynczyk-16-22-mm-20-kg/ HTTP/1.1" 403 787 "-" "meta-externalagent/1.1 (+https://developers.facebook.com/docs/sharing/webmasters/crawler)" sklep.plantis.app "US"
2a03:2880:f80e:9:: - - [16/Jan/2026:17:02:08 +0100] "GET /shop/?filter_cat=szkodniki%2Cpistolety%2Cinne&filter_brand=orion,protect-garden,p-p-h-agronas-sp-z-o-o,gardena-sp-z-o-o,bros-sp-z-o-o,chlortix HTTP/1.1" 403 787 "-" "meta-externalagent/1.1 (+https://developers.facebook.com/docs/sharing/webmasters/crawler)" sklep.plantis.app "US"
65.108.78.33 - - [16/Jan/2026:17:02:07 +0100] "GET /kategoria-produktu/pielegnacja-i-nawozenie/?et_columns-count=3&filter_cat=kruszywa&min_price=1500&max_price=2000 HTTP/1.1" 200 52748 "-" "Mozilla/5.0 (compatible; MJ12bot/v1.4.8; http://mj12bot.com/)" sklep.plantis.app "FI"
83.24.163.225 - - [16/Jan/2026:17:02:10 +0100] "GET /wp-content/litespeed/crawler/meta.data?_=1768579134259 HTTP/1.1" 200 559 "https://sklep.plantis.app/wp-admin/admin.php?page=litespeed-crawler" "Mozilla/5.0 (Windows NT 10.0; Win64; x64) AppleWebKit/537.36 (KHTML, like Gecko) Chrome/143.0.0.0 Safari/537.36" sklep.plantis.app "PL"
2a03:2880:f80e:41:: - - [16/Jan/2026:17:02:10 +0100] "GET /shop/?filter_cat=inne%2Cdom-i-ogrod&filter_brand=koppert,himal,agropak-sp-j-brzezinski-i-wspolnicy,kiepenkerl,biogrod,compo HTTP/1.1" 403 787 "-" "meta-externalagent/1.1 (+https://developers.facebook.com/docs/sharing/webmasters/crawler)" sklep.plantis.app "US"
83.24.163.225 - - [16/Jan/2026:17:02:11 +0100] "POST /wp-admin/admin-ajax.php HTTP/1.1" 200 51 "https://sklep.plantis.app/wp-admin/admin.php?page=litespeed-general" "Mozilla/5.0 (Windows NT 10.0; Win64; x64) AppleWebKit/537.36 (KHTML, like Gecko) Chrome/143.0.0.0 Safari/537.36" sklep.plantis.app "PL"
2a03:2880:f80e:30:: - - [16/Jan/2026:17:02:12 +0100] "GET /shop/?filter_cat=inne%2Cdom-i-ogrod%2Cbez-kategorii&filter_brand=ziemovit,alvanaeko-sp-z-o-o,kwazar-corporation-sp-z-o-o,browin-sp-z-o-o-sp-k,agrecol HTTP/1.1" 403 787 "-" "meta-externalagent/1.1 (+https://developers.facebook.com/docs/sharing/webmasters/crawler)" sklep.plantis.app "US"
65.108.78.33 - - [16/Jan/2026:17:02:11 +0100] "GET /kategoria-produktu/pielegnacja-i-nawozenie/?et_columns-count=3&filter_cat=kruszywa&sale_status=1 HTTP/1.1" 200 52770 "-" "Mozilla/5.0 (compatible; MJ12bot/v1.4.8; http://mj12bot.com/)" sklep.plantis.app "FI"
5.39.1.227 - - [16/Jan/2026:17:02:12 +0100] "GET /kategoria-produktu/wysiew/?stock_status=in_stock&filter_brand=chomik-m-swiezy-spolka-jawna,legutko,zoigarden HTTP/1.1" 200 55314 "-" "Mozilla/5.0 (compatible; AhrefsBot/7.0; +http://ahrefs.com/robot/)" sklep.plantis.app "FR"
2a03:2880:f80e:15:: - - [16/Jan/2026:17:02:14 +0100] "GET /shop/?filter_cat=nawozy-do-tui%2Cdo-gleby&filter_brand=lamela-sp-z-o-o,jiffy,biovita,alvanaeko,planto-jacek-sledziewski,biovita-sp-z-o-o HTTP/1.1" 403 787 "-" "meta-externalagent/1.1 (+https://developers.facebook.com/docs/sharing/webmasters/crawler)" sklep.plantis.app "US"
2a03:2880:f80e:3c:: - - [16/Jan/2026:17:02:16 +0100] "GET /shop/?filter_cat=sosny%2Cdom-i-ogrod%2Cnawozy-do-pomidorow&filter_brand=twoj-ogrod,cell-fast-sp-z-o-o,biovita-sp-z-o-o,zoigarden,ogrod-start HTTP/1.1" 403 787 "-" "meta-externalagent/1.1 (+https://developers.facebook.com/docs/sharing/webmasters/crawler)" sklep.plantis.app "US"
65.108.78.33 - - [16/Jan/2026:17:02:15 +0100] "GET /kategoria-produktu/pielegnacja-i-nawozenie/?et_columns-count=3&filter_cat=kruszywa&stock_status=in_stock HTTP/1.1" 200 54706 "-" "Mozilla/5.0 (compatible; MJ12bot/v1.4.8; http://mj12bot.com/)" sklep.plantis.app "FI"
83.24.163.225 - - [16/Jan/2026:17:02:17 +0100] "GET /wp-content/litespeed/crawler/meta.data?_=1768579134260 HTTP/1.1" 200 559 "https://sklep.plantis.app/wp-admin/admin.php?page=litespeed-crawler" "Mozilla/5.0 (Windows NT 10.0; Win64; x64) AppleWebKit/537.36 (KHTML, like Gecko) Chrome/143.0.0.0 Safari/537.36" sklep.plantis.app "PL"
2a03:2880:f80e:5c:: - - [16/Jan/2026:17:02:18 +0100] "GET /shop/?filter_cat=wysiew%2Csrodki-na-mszyce%2Cnawozy-do-hortensji%2Cnarzedzia&filter_brand=chlortix,cell-fast,planto-jacek-sledziewski,agrecol HTTP/1.1" 403 787 "-" "meta-externalagent/1.1 (+https://developers.facebook.com/docs/sharing/webmasters/crawler)" sklep.plantis.app "US"
65.108.78.33 - - [16/Jan/2026:17:02:18 +0100] "GET /kategoria-produktu/pielegnacja-i-nawozenie/?et_columns-count=3&filter_cat=kruszywa&stock_status=out_of_stock HTTP/1.1" 200 52252 "-" "Mozilla/5.0 (compatible; MJ12bot/v1.4.8; http://mj12bot.com/)" sklep.plantis.app "FI"
2a03:2880:f80e:3b:: - - [16/Jan/2026:17:02:20 +0100] "GET /shop/?filter_brand=poltops-sp-z-o-o,baterie,agrobios-elzbieta-halasz,biovita,biogrod,ogrod-start,terracottem HTTP/1.1" 403 787 "-" "meta-externalagent/1.1 (+https://developers.facebook.com/docs/sharing/webmasters/crawler)" sklep.plantis.app "US"
2a03:2880:f80e:70:: - - [16/Jan/2026:17:02:22 +0100] "GET /shop/?filter_cat=wysiew%2Csrodki-na-mszyce&filter_brand=compo,vaco,lider,twoj-ogrod,kard-obara-kazimierz,cell-fast HTTP/1.1" 403 787 "-" "meta-externalagent/1.1 (+https://developers.facebook.com/docs/sharing/webmasters/crawler)" sklep.plantis.app "US"
83.24.163.225 - - [16/Jan/2026:17:02:22 +0100] "POST /wp-admin/admin-ajax.php HTTP/1.1" 200 51 "https://sklep.plantis.app/wp-admin/admin.php?page=litespeed-cache" "Mozilla/5.0 (Windows NT 10.0; Win64; x64) AppleWebKit/537.36 (KHTML, like Gecko) Chrome/143.0.0.0 Safari/537.36" sklep.plantis.app "PL"
65.108.78.33 - - [16/Jan/2026:17:02:22 +0100] "GET /kategoria-produktu/pielegnacja-i-nawozenie/?et_columns-count=3&filter_cat=kruszywa,agrowlokniny-sciolkowanie-pielegnacja-i-nawozenie HTTP/1.1" 200 55650 "-" "Mozilla/5.0 (compatible; MJ12bot/v1.4.8; http://mj12bot.com/)" sklep.plantis.app "FI"
2a03:2880:f80e:60:: - - [16/Jan/2026:17:02:24 +0100] "GET /shop/?filter_cat=pozostale%2Cminiszklarenki&filter_brand=target,alvanaeko-sp-z-o-o,kronen-sp-z-o-o,koppert,bioekspert HTTP/1.1" 403 787 "-" "meta-externalagent/1.1 (+https://developers.facebook.com/docs/sharing/webmasters/crawler)" sklep.plantis.app "US"
83.24.163.225 - - [16/Jan/2026:17:02:25 +0100] "GET /wp-content/litespeed/crawler/meta.data?_=1768579134261 HTTP/1.1" 200 559 "https://sklep.plantis.app/wp-admin/admin.php?page=litespeed-crawler" "Mozilla/5.0 (Windows NT 10.0; Win64; x64) AppleWebKit/537.36 (KHTML, like Gecko) Chrome/143.0.0.0 Safari/537.36" sklep.plantis.app "PL"
2a03:2880:f80e:45:: - - [16/Jan/2026:17:02:26 +0100] "GET /shop/?filter_cat=pozostale%2Csekatory&filter_brand=target,protect-home,biovita-sp-z-o-o,bros-sp-z-o-o,bradas,alvanaeko HTTP/1.1" 403 787 "-" "meta-externalagent/1.1 (+https://developers.facebook.com/docs/sharing/webmasters/crawler)" sklep.plantis.app "US"
65.108.78.33 - - [16/Jan/2026:17:02:25 +0100] "GET /kategoria-produktu/pielegnacja-i-nawozenie/?et_columns-count=3&filter_cat=kruszywa,biohumusy HTTP/1.1" 200 55442 "-" "Mozilla/5.0 (compatible; MJ12bot/v1.4.8; http://mj12bot.com/)" sklep.plantis.app "FI"
2a03:2880:f80e:f:: - - [16/Jan/2026:17:02:28 +0100] "GET /shop/?filter_cat=wysiew%2Csrodki-na-mszyce&filter_brand=compo,vaco,lider,lider-sp-z-o-o,agronas,twoj-ogrod HTTP/1.1" 403 787 "-" "meta-externalagent/1.1 (+https://developers.facebook.com/docs/sharing/webmasters/crawler)" sklep.plantis.app "US"
176.31.139.1 - - [16/Jan/2026:17:02:27 +0100] "GET /kategoria-produktu/wysiew/?stock_status=in_stock&filter_brand=chomik-m-swiezy-spolka-jawna,legutko,w-legutko HTTP/1.1" 200 55439 "-" "Mozilla/5.0 (compatible; AhrefsBot/7.0; +http://ahrefs.com/robot/)" sklep.plantis.app "FR"
83.24.163.225 - - [16/Jan/2026:17:02:29 +0100] "POST /wp-admin/admin-ajax.php HTTP/1.1" 200 51 "https://sklep.plantis.app/wp-admin/admin.php?page=litespeed-crawler&promo_tag=new_version" "Mozilla/5.0 (Windows NT 10.0; Win64; x64) AppleWebKit/537.36 (KHTML, like Gecko) Chrome/143.0.0.0 Safari/537.36" sklep.plantis.app "PL"
2a03:2880:f80e:35:: - - [16/Jan/2026:17:02:30 +0100] "GET /shop/?filter_cat=pulapki-na-krety%2Cinsekty%2Czestawy&filter_brand=target,proven,biosept,kard-obara-kazimierz,cell-fast,lider-sp-z-o-o HTTP/1.1" 403 787 "-" "meta-externalagent/1.1 (+https://developers.facebook.com/docs/sharing/webmasters/crawler)" sklep.plantis.app "US"
65.108.78.33 - - [16/Jan/2026:17:02:30 +0100] "GET /kategoria-produktu/pielegnacja-i-nawozenie/?et_columns-count=3&filter_cat=kruszywa,dolomit HTTP/1.1" 200 55681 "-" "Mozilla/5.0 (compatible; MJ12bot/v1.4.8; http://mj12bot.com/)" sklep.plantis.app "FI"
83.24.163.225 - - [16/Jan/2026:17:02:31 +0100] "POST /wp-admin/admin-ajax.php HTTP/1.1" 200 51 "https://sklep.plantis.app/wp-admin/admin.php?page=litespeed-cache" "Mozilla/5.0 (Windows NT 10.0; Win64; x64) AppleWebKit/537.36 (KHTML, like Gecko) Chrome/143.0.0.0 Safari/537.36" sklep.plantis.app "PL"
2a03:2880:f80e:31:: - - [16/Jan/2026:17:02:32 +0100] "GET /shop/?filter_cat=wysiew%2Csrodki-do-prania%2Cpozostale&filter_brand=biogrod-tomasz-jonak,garland,lider-sp-z-o-o,bioekspert,gardena-sp-z-o-o HTTP/1.1" 403 787 "-" "meta-externalagent/1.1 (+https://developers.facebook.com/docs/sharing/webmasters/crawler)" sklep.plantis.app "US"
83.24.163.225 - - [16/Jan/2026:17:02:32 +0100] "POST /wp-admin/admin-ajax.php HTTP/1.1" 200 51 "https://sklep.plantis.app/wp-admin/admin.php?page=litespeed-cdn" "Mozilla/5.0 (Windows NT 10.0; Win64; x64) AppleWebKit/537.36 (KHTML, like Gecko) Chrome/143.0.0.0 Safari/537.36" sklep.plantis.app "PL"
83.24.163.225 - - [16/Jan/2026:17:02:34 +0100] "GET /wp-content/litespeed/crawler/meta.data?_=1768579134262 HTTP/1.1" 200 559 "https://sklep.plantis.app/wp-admin/admin.php?page=litespeed-crawler" "Mozilla/5.0 (Windows NT 10.0; Win64; x64) AppleWebKit/537.36 (KHTML, like Gecko) Chrome/143.0.0.0 Safari/537.36" sklep.plantis.app "PL"
83.24.163.225 - - [16/Jan/2026:17:02:33 +0100] "POST /wp-admin/admin-ajax.php HTTP/1.1" 200 51 "https://sklep.plantis.app/wp-admin/admin.php?page=litespeed-presets" "Mozilla/5.0 (Windows NT 10.0; Win64; x64) AppleWebKit/537.36 (KHTML, like Gecko) Chrome/143.0.0.0 Safari/537.36" sklep.plantis.app "PL"
83.24.163.225 - - [16/Jan/2026:17:02:33 +0100] "POST /wp-admin/admin-ajax.php HTTP/1.1" 200 51 "https://sklep.plantis.app/wp-admin/admin.php?page=litespeed-general" "Mozilla/5.0 (Windows NT 10.0; Win64; x64) AppleWebKit/537.36 (KHTML, like Gecko) Chrome/143.0.0.0 Safari/537.36" sklep.plantis.app "PL"
2a03:2880:f80e:2a:: - - [16/Jan/2026:17:02:34 +0100] "GET /shop/?filter_brand=biogrod-tomasz-jonak,proven,protect-home,lamela-sp-z-o-o,gami,p-p-h-ekodarpol,tomasz-szostak-z-ogrodem-na-ty HTTP/1.1" 403 787 "-" "meta-externalagent/1.1 (+https://developers.facebook.com/docs/sharing/webmasters/crawler)" sklep.plantis.app "US"
65.108.78.33 - - [16/Jan/2026:17:02:34 +0100] "GET /kategoria-produktu/pielegnacja-i-nawozenie/?et_columns-count=3&filter_cat=kruszywa,hydrozel-ogrodniczy HTTP/1.1" 200 55898 "-" "Mozilla/5.0 (compatible; MJ12bot/v1.4.8; http://mj12bot.com/)" sklep.plantis.app "FI"
83.24.163.225 - - [16/Jan/2026:17:02:34 +0100] "POST /wp-admin/admin-ajax.php HTTP/1.1" 200 51 "https://sklep.plantis.app/wp-admin/admin.php?page=litespeed-page_optm" "Mozilla/5.0 (Windows NT 10.0; Win64; x64) AppleWebKit/537.36 (KHTML, like Gecko) Chrome/143.0.0.0 Safari/537.36" sklep.plantis.app "PL"
83.24.163.225 - - [16/Jan/2026:17:02:35 +0100] "POST /wp-admin/admin-ajax.php HTTP/1.1" 200 51 "https://sklep.plantis.app/wp-admin/admin.php?page=litespeed-db_optm" "Mozilla/5.0 (Windows NT 10.0; Win64; x64) AppleWebKit/537.36 (KHTML, like Gecko) Chrome/143.0.0.0 Safari/537.36" sklep.plantis.app "PL"
2a03:2880:f80e:16:: - - [16/Jan/2026:17:02:36 +0100] "GET /shop/?et_columns-count=1&filter_brand=multico-oficyna-wydawnicza-sp-z-o-o,benex,ziemovit,poszwald,pagard-sp-z-o-o,sumin-d-czabanska-w-czabanski-i-wspolnicy-spolka-jawna,bioekspert HTTP/1.1" 403 787 "-" "meta-externalagent/1.1 (+https://developers.facebook.com/docs/sharing/webmasters/crawler)" sklep.plantis.app "US"
2a03:2880:f80e:5e:: - - [16/Jan/2026:17:02:37 +0100] "GET /shop/?filter_cat=wysiew%2Csrodki-na-mszyce%2Cnawozy-do-hortensji%2Cnarzedzia&filter_brand=chlortix,bros-sp-z-o-o,agropak,lamela-sp-z-o-o,bradas HTTP/1.1" 403 787 "-" "meta-externalagent/1.1 (+https://developers.facebook.com/docs/sharing/webmasters/crawler)" sklep.plantis.app "US"
65.108.78.33 - - [16/Jan/2026:17:02:36 +0100] "GET /kategoria-produktu/pielegnacja-i-nawozenie/?et_columns-count=3&filter_cat=kruszywa,kompostowanie HTTP/1.1" 200 56068 "-" "Mozilla/5.0 (compatible; MJ12bot/v1.4.8; http://mj12bot.com/)" sklep.plantis.app "FI"
51.75.236.138 - - [16/Jan/2026:17:02:38 +0100] "GET /kategoria-produktu/wysiew/?stock_status=in_stock&filter_brand=chomik-m-swiezy-spolka-jawna,legutko,vegano HTTP/1.1" 200 55468 "-" "Mozilla/5.0 (compatible; AhrefsBot/7.0; +http://ahrefs.com/robot/)" sklep.plantis.app "FR"
2a03:2880:f80e:34:: - - [16/Jan/2026:17:02:40 +0100] "GET /shop/?filter_cat=wysiew%2Csrodki-na-mszyce&filter_brand=biogrod,ziemovit,lider-sp-z-o-o,planto-jacek-sledziewski,legutko,torseed HTTP/1.1" 403 787 "-" "meta-externalagent/1.1 (+https://developers.facebook.com/docs/sharing/webmasters/crawler)" sklep.plantis.app "US"
65.108.78.33 - - [16/Jan/2026:17:02:39 +0100] "GET /kategoria-produktu/pielegnacja-i-nawozenie/?et_columns-count=3&filter_cat=kruszywa,nablyszczacze HTTP/1.1" 200 55813 "-" "Mozilla/5.0 (compatible; MJ12bot/v1.4.8; http://mj12bot.com/)" sklep.plantis.app "FI"
2a03:2880:f80e:6d:: - - [16/Jan/2026:17:02:41 +0100] "GET /shop/?filter_cat=do-gleby%2Cszkodniki%2Cmuchy-i-meszki&filter_brand=biovita,agrecol,agropak HTTP/1.1" 403 787 "-" "meta-externalagent/1.1 (+https://developers.facebook.com/docs/sharing/webmasters/crawler)" sklep.plantis.app "US"
83.24.163.225 - - [16/Jan/2026:17:02:44 +0100] "GET /wp-content/litespeed/crawler/meta.data?_=1768579134263 HTTP/1.1" 200 559 "https://sklep.plantis.app/wp-admin/admin.php?page=litespeed-crawler" "Mozilla/5.0 (Windows NT 10.0; Win64; x64) AppleWebKit/537.36 (KHTML, like Gecko) Chrome/143.0.0.0 Safari/537.36" sklep.plantis.app "PL"
65.108.78.33 - - [16/Jan/2026:17:02:44 +0100] "GET /kategoria-produktu/pielegnacja-i-nawozenie/?et_columns-count=3&filter_cat=kruszywa,nawozy-do-borowek HTTP/1.1" 200 55895 "-" "Mozilla/5.0 (compatible; MJ12bot/v1.4.8; http://mj12bot.com/)" sklep.plantis.app "FI"
2a03:2880:f80e:14:: - - [16/Jan/2026:17:02:44 +0100] "GET /shop/?filter_cat=wysiew%2Csrodki-na-mszyce%2Cnasiona-ziol&filter_brand=biogrod,planto-jacek-sledziewski,rolimpex,p-p-h-ekodarpol,ekagro HTTP/1.1" 403 787 "-" "meta-externalagent/1.1 (+https://developers.facebook.com/docs/sharing/webmasters/crawler)" sklep.plantis.app "US"
185.191.171.15 - - [16/Jan/2026:17:02:45 +0100] "GET /shop/?filter_brand=himal%2Cposzwald%2Cbros HTTP/1.1" 403 787 "-" "Mozilla/5.0 (compatible; SemrushBot/7~bl; +http://www.semrush.com/bot.html)" sklep.plantis.app "GB"
65.108.78.33 - - [16/Jan/2026:17:02:45 +0100] "GET /kategoria-produktu/pielegnacja-i-nawozenie/?et_columns-count=3&filter_cat=kruszywa,nawozy-do-hortensji HTTP/1.1" 200 56021 "-" "Mozilla/5.0 (compatible; MJ12bot/v1.4.8; http://mj12bot.com/)" sklep.plantis.app "FI"
2a03:2880:f80e:45:: - - [16/Jan/2026:17:02:46 +0100] "GET /shop/?filter_cat=srodki-na-mszyce%2Cminiszklarenki-doniczki-i-pojemniki&filter_brand=inne,p-p-h-agronas-sp-z-o-o,gami,cadac HTTP/1.1" 403 787 "-" "meta-externalagent/1.1 (+https://developers.facebook.com/docs/sharing/webmasters/crawler)" sklep.plantis.app "US"
2a03:2880:f80e:6f:: - - [16/Jan/2026:17:02:48 +0100] "GET /shop/?filter_brand=biogrod-tomasz-jonak,proven,protect-home,lamela-sp-z-o-o,tin-tours,biovita-sp-z-o-o,spaceforgarden-sp-z-o-o,cell-fast HTTP/1.1" 403 787 "-" "meta-externalagent/1.1 (+https://developers.facebook.com/docs/sharing/webmasters/crawler)" sklep.plantis.app "US"
65.108.78.33 - - [16/Jan/2026:17:02:47 +0100] "GET /kategoria-produktu/pielegnacja-i-nawozenie/?et_columns-count=3&filter_cat=kruszywa,nawozy-do-kwiatow-balkonowych-i-domowych HTTP/1.1" 200 56005 "-" "Mozilla/5.0 (compatible; MJ12bot/v1.4.8; http://mj12bot.com/)" sklep.plantis.app "FI"
2a03:2880:f80e:59:: - - [16/Jan/2026:17:02:50 +0100] "GET /shop/?filter_cat=miniszklarenki%2Cdymki%2Cchemia-do-basenu&filter_brand=biogrod,botana,poszwald,browin-sp-z-o-o-sp-k,lamela-sp-z-o-o HTTP/1.1" 403 787 "-" "meta-externalagent/1.1 (+https://developers.facebook.com/docs/sharing/webmasters/crawler)" sklep.plantis.app "US"
54.37.118.75 - - [16/Jan/2026:17:02:50 +0100] "GET /kategoria-produktu/wysiew/?stock_status=in_stock&filter_brand=chomik-m-swiezy-spolka-jawna,legutko,torseed HTTP/1.1" 200 55337 "-" "Mozilla/5.0 (compatible; AhrefsBot/7.0; +http://ahrefs.com/robot/)" sklep.plantis.app "FR"
65.108.78.33 - - [16/Jan/2026:17:02:50 +0100] "GET /kategoria-produktu/pielegnacja-i-nawozenie/?et_columns-count=3&filter_cat=kruszywa,nawozy-do-lawendy HTTP/1.1" 200 55537 "-" "Mozilla/5.0 (compatible; MJ12bot/v1.4.8; http://mj12bot.com/)" sklep.plantis.app "FI"
2a03:2880:f80e:56:: - - [16/Jan/2026:17:02:52 +0100] "GET /shop/?filter_cat=inne%2Cwysiew%2Ctrutki-na-gryzonie&filter_brand=biosept,protect-garden,agrobios,bros-sp-z-o-o,symbivit HTTP/1.1" 403 787 "-" "meta-externalagent/1.1 (+https://developers.facebook.com/docs/sharing/webmasters/crawler)" sklep.plantis.app "US"
2a03:2880:f80e:1b:: - - [16/Jan/2026:17:02:53 +0100] "GET /shop/?et_columns-count=1&filter_cat=inne%2Cwysiew%2Ctrutki-na-gryzonie&filter_brand=biosept,protect-garden,w-legutko,lamela-sp-z-o-o HTTP/1.1" 403 787 "-" "meta-externalagent/1.1 (+https://developers.facebook.com/docs/sharing/webmasters/crawler)" sklep.plantis.app "US"
65.108.78.33 - - [16/Jan/2026:17:02:53 +0100] "GET /kategoria-produktu/pielegnacja-i-nawozenie/?et_columns-count=3&filter_cat=kruszywa,nawozy-do-owocowych HTTP/1.1" 200 56062 "-" "Mozilla/5.0 (compatible; MJ12bot/v1.4.8; http://mj12bot.com/)" sklep.plantis.app "FI"
83.24.163.225 - - [16/Jan/2026:17:02:55 +0100] "GET /wp-content/litespeed/crawler/meta.data?_=1768579134264 HTTP/1.1" 200 559 "https://sklep.plantis.app/wp-admin/admin.php?page=litespeed-crawler" "Mozilla/5.0 (Windows NT 10.0; Win64; x64) AppleWebKit/537.36 (KHTML, like Gecko) Chrome/143.0.0.0 Safari/537.36" sklep.plantis.app "PL"
2a03:2880:f80e:45:: - - [16/Jan/2026:17:02:55 +0100] "GET /shop/?filter_brand=chomik-m-swiezy-spolka-jawna,agro-nas,alvanaeko-sp-z-o-o,agrobios,kenar,planto-jacek-sledziewski HTTP/1.1" 403 787 "-" "meta-externalagent/1.1 (+https://developers.facebook.com/docs/sharing/webmasters/crawler)" sklep.plantis.app "US"
65.108.78.33 - - [16/Jan/2026:17:02:55 +0100] "GET /kategoria-produktu/pielegnacja-i-nawozenie/?et_columns-count=3&filter_cat=kruszywa,nawozy-do-pielegnacji-pelargonii HTTP/1.1" 200 55964 "-" "Mozilla/5.0 (compatible; MJ12bot/v1.4.8; http://mj12bot.com/)" sklep.plantis.app "FI"
2a03:2880:f80e:1e:: - - [16/Jan/2026:17:02:58 +0100] "GET /produkt/lilia-drzewiasta-rising-moon-1-szt/ HTTP/1.1" 403 787 "-" "meta-externalagent/1.1 (+https://developers.facebook.com/docs/sharing/webmasters/crawler)" sklep.plantis.app "US"
83.24.163.225 - - [16/Jan/2026:17:02:57 +0100] "GET /wp-admin/admin.php?page=litespeed-crawler&promo_tag=new_version HTTP/1.1" 200 78088 "https://sklep.plantis.app/wp-admin/admin.php?page=litespeed-crawler&promo_tag=new_version" "Mozilla/5.0 (Windows NT 10.0; Win64; x64) AppleWebKit/537.36 (KHTML, like Gecko) Chrome/143.0.0.0 Safari/537.36" sklep.plantis.app "PL"
2a03:2880:f80e:6f:: - - [16/Jan/2026:17:02:59 +0100] "GET /shop/?filter_cat=insekty%2Cpily%2Cpulapki-na-krety&filter_brand=biogrod-tomasz-jonak,agronas,amma,torseed,poltops-sp-z-o-o HTTP/1.1" 403 787 "-" "meta-externalagent/1.1 (+https://developers.facebook.com/docs/sharing/webmasters/crawler)" sklep.plantis.app "US"
65.108.78.33 - - [16/Jan/2026:17:02:58 +0100] "GET /kategoria-produktu/pielegnacja-i-nawozenie/?et_columns-count=3&filter_cat=kruszywa,nawozy-do-pielegnacji-roslin-zielonych HTTP/1.1" 200 56046 "-" "Mozilla/5.0 (compatible; MJ12bot/v1.4.8; http://mj12bot.com/)" sklep.plantis.app "FI"
176.31.139.23 - - [16/Jan/2026:17:02:59 +0100] "GET /kategoria-produktu/wysiew/?stock_status=in_stock&filter_brand=chomik-m-swiezy-spolka-jawna,legutko,target-spolka-akcyjna HTTP/1.1" 200 55404 "-" "Mozilla/5.0 (compatible; AhrefsBot/7.0; +http://ahrefs.com/robot/)" sklep.plantis.app "FR"
2a03:2880:f80e:35:: - - [16/Jan/2026:17:03:01 +0100] "GET /shop/?filter_cat=kompostowanie%2Csciolkowanie-2&filter_brand=agronas,proven,alvanaeko-sp-z-o-o,protect-garden,lamela-sp-z-o-o,planto-jacek-sledziewski,vegano HTTP/1.1" 403 787 "-" "meta-externalagent/1.1 (+https://developers.facebook.com/docs/sharing/webmasters/crawler)" sklep.plantis.app "US"
77.91.25.8 - - [16/Jan/2026:17:02:57 +0100] "GET /?external_email=bWlydXNpYWRAZ21haWwuY29t&login_token=1f0ad013-7006-693c-8677-fa163e5c2112 HTTP/1.1" 200 57488 "-" "Mozilla/5.0 (Linux; Android 11; Redmi Note 8 Pro Build/RP1A.200720.011; wv) AppleWebKit/537.36 (KHTML, like Gecko) Version/4.0 Chrome/143.0.7499.192 Mobile Safari/537.36" sklep.plantis.app "PL"
77.91.25.8 - - [16/Jan/2026:17:03:01 +0100] "GET /wp-content/uploads/2025/10/Group-228.png.webp HTTP/1.1" 200 2876 "https://sklep.plantis.app/?external_email=bWlydXNpYWRAZ21haWwuY29t&login_token=1f0ad013-7006-693c-8677-fa163e5c2112" "Mozilla/5.0 (Linux; Android 11; Redmi Note 8 Pro Build/RP1A.200720.011; wv) AppleWebKit/537.36 (KHTML, like Gecko) Version/4.0 Chrome/143.0.7499.192 Mobile Safari/537.36" sklep.plantis.app "PL"
77.91.25.8 - - [16/Jan/2026:17:03:01 +0100] "GET /wp-content/uploads/elementor/thumbs/xstore-placeholder-r7kpdum7dc5uh1lu4oayivrg4urrxivwah1mpiild4.png HTTP/1.1" 200 96 "https://sklep.plantis.app/?external_email=bWlydXNpYWRAZ21haWwuY29t&login_token=1f0ad013-7006-693c-8677-fa163e5c2112" "Mozilla/5.0 (Linux; Android 11; Redmi Note 8 Pro Build/RP1A.200720.011; wv) AppleWebKit/537.36 (KHTML, like Gecko) Version/4.0 Chrome/143.0.7499.192 Mobile Safari/537.36" sklep.plantis.app "PL"
77.91.25.8 - - [16/Jan/2026:17:03:01 +0100] "GET /wp-content/uploads/elementor/thumbs/xstore-placeholder-r7kpdumaccdcvosvx78m2di84ktwcn3ricfj645oko.png HTTP/1.1" 200 144 "https://sklep.plantis.app/?external_email=bWlydXNpYWRAZ21haWwuY29t&login_token=1f0ad013-7006-693c-8677-fa163e5c2112" "Mozilla/5.0 (Linux; Android 11; Redmi Note 8 Pro Build/RP1A.200720.011; wv) AppleWebKit/537.36 (KHTML, like Gecko) Version/4.0 Chrome/143.0.7499.192 Mobile Safari/537.36" sklep.plantis.app "PL"
77.91.25.8 - - [16/Jan/2026:17:03:01 +0100] "POST /wp-content/plugins/litespeed-cache/guest.vary.php HTTP/1.1" 200 20 "https://sklep.plantis.app/?external_email=bWlydXNpYWRAZ21haWwuY29t&login_token=1f0ad013-7006-693c-8677-fa163e5c2112" "Mozilla/5.0 (Linux; Android 11; Redmi Note 8 Pro Build/RP1A.200720.011; wv) AppleWebKit/537.36 (KHTML, like Gecko) Version/4.0 Chrome/143.0.7499.192 Mobile Safari/537.36" sklep.plantis.app "PL"
77.91.25.8 - - [16/Jan/2026:17:03:01 +0100] "GET /wp-content/themes/xstore/images/drag.png HTTP/1.1" 200 358 "https://sklep.plantis.app/wp-content/litespeed/ucss/60280d58d37c4d1a48487587729aed45.css?ver=85351" "Mozilla/5.0 (Linux; Android 11; Redmi Note 8 Pro Build/RP1A.200720.011; wv) AppleWebKit/537.36 (KHTML, like Gecko) Version/4.0 Chrome/143.0.7499.192 Mobile Safari/537.36" sklep.plantis.app "PL"
77.91.25.8 - - [16/Jan/2026:17:03:01 +0100] "GET /wp-content/uploads/xstore/xstore-placeholder-1x1.png.webp HTTP/1.1" 200 44 "https://sklep.plantis.app/?external_email=bWlydXNpYWRAZ21haWwuY29t&login_token=1f0ad013-7006-693c-8677-fa163e5c2112" "Mozilla/5.0 (Linux; Android 11; Redmi Note 8 Pro Build/RP1A.200720.011; wv) AppleWebKit/537.36 (KHTML, like Gecko) Version/4.0 Chrome/143.0.7499.192 Mobile Safari/537.36" sklep.plantis.app "PL"
77.91.25.8 - - [16/Jan/2026:17:03:01 +0100] "GET /wp-content/uploads/2025/10/cropped-favicon-192x192.png HTTP/1.1" 200 1588 "https://sklep.plantis.app/?external_email=bWlydXNpYWRAZ21haWwuY29t&login_token=1f0ad013-7006-693c-8677-fa163e5c2112" "Mozilla/5.0 (Linux; Android 11; Redmi Note 8 Pro Build/RP1A.200720.011; wv) AppleWebKit/537.36 (KHTML, like Gecko) Version/4.0 Chrome/143.0.7499.192 Mobile Safari/537.36" sklep.plantis.app "PL"
77.91.25.8 - - [16/Jan/2026:17:03:01 +0100] "GET /wp-content/uploads/2025/10/cropped-favicon-32x32.png HTTP/1.1" 200 424 "https://sklep.plantis.app/?external_email=bWlydXNpYWRAZ21haWwuY29t&login_token=1f0ad013-7006-693c-8677-fa163e5c2112" "Mozilla/5.0 (Linux; Android 11; Redmi Note 8 Pro Build/RP1A.200720.011; wv) AppleWebKit/537.36 (KHTML, like Gecko) Version/4.0 Chrome/143.0.7499.192 Mobile Safari/537.36" sklep.plantis.app "PL"
2a03:2880:f80e:5f:: - - [16/Jan/2026:17:03:03 +0100] "GET /shop/?filter_cat=inne%2Cwysiew%2Cpulapki-na-krety&filter_brand=lamela-sp-z-o-o,agrecol-sp-z-o-o,vegano,koppert,agropak HTTP/1.1" 403 787 "-" "meta-externalagent/1.1 (+https://developers.facebook.com/docs/sharing/webmasters/crawler)" sklep.plantis.app "US"
65.108.78.33 - - [16/Jan/2026:17:03:02 +0100] "GET /kategoria-produktu/pielegnacja-i-nawozenie/?et_columns-count=3&filter_cat=kruszywa,nawozy-do-pielegnacji-storczykow-i-orchidei HTTP/1.1" 200 56057 "-" "Mozilla/5.0 (compatible; MJ12bot/v1.4.8; http://mj12bot.com/)" sklep.plantis.app "FI"
83.24.163.225 - - [16/Jan/2026:17:03:04 +0100] "GET /wp-content/litespeed/crawler/meta.data?_=1768579377214 HTTP/1.1" 200 559 "https://sklep.plantis.app/wp-admin/admin.php?page=litespeed-crawler&promo_tag=new_version" "Mozilla/5.0 (Windows NT 10.0; Win64; x64) AppleWebKit/537.36 (KHTML, like Gecko) Chrome/143.0.0.0 Safari/537.36" sklep.plantis.app "PL"
2a03:2880:f80e:53:: - - [16/Jan/2026:17:03:05 +0100] "GET /shop/?filter_cat=wysiew%2Csrodki-na-mszyce&filter_brand=compo,vaco,lider,kwazar-corporation-sp-z-o-o,greenmill,doniczki-torfowe HTTP/1.1" 403 787 "-" "meta-externalagent/1.1 (+https://developers.facebook.com/docs/sharing/webmasters/crawler)" sklep.plantis.app "US"
77.91.25.8 - - [16/Jan/2026:17:03:02 +0100] "GET /?external_email=bWlydXNpYWRAZ21haWwuY29t&login_token=1f0ad013-7006-693c-8677-fa163e5c2112 HTTP/1.1" 200 47682 "-" "Mozilla/5.0 (Linux; Android 11; Redmi Note 8 Pro Build/RP1A.200720.011; wv) AppleWebKit/537.36 (KHTML, like Gecko) Version/4.0 Chrome/143.0.7499.192 Mobile Safari/537.36" sklep.plantis.app "PL"
77.91.25.8 - - [16/Jan/2026:17:03:06 +0100] "GET /wp-content/uploads/2025/06/kat4.png.webp HTTP/1.1" 200 16420 "https://sklep.plantis.app/?external_email=bWlydXNpYWRAZ21haWwuY29t&login_token=1f0ad013-7006-693c-8677-fa163e5c2112" "Mozilla/5.0 (Linux; Android 11; Redmi Note 8 Pro Build/RP1A.200720.011; wv) AppleWebKit/537.36 (KHTML, like Gecko) Version/4.0 Chrome/143.0.7499.192 Mobile Safari/537.36" sklep.plantis.app "PL"
77.91.25.8 - - [16/Jan/2026:17:03:06 +0100] "GET /wp-content/uploads/2025/06/kat6.png.webp HTTP/1.1" 200 15298 "https://sklep.plantis.app/?external_email=bWlydXNpYWRAZ21haWwuY29t&login_token=1f0ad013-7006-693c-8677-fa163e5c2112" "Mozilla/5.0 (Linux; Android 11; Redmi Note 8 Pro Build/RP1A.200720.011; wv) AppleWebKit/537.36 (KHTML, like Gecko) Version/4.0 Chrome/143.0.7499.192 Mobile Safari/537.36" sklep.plantis.app "PL"
77.91.25.8 - - [16/Jan/2026:17:03:06 +0100] "GET /wp-content/uploads/2025/06/kat8.png.webp HTTP/1.1" 200 15282 "https://sklep.plantis.app/?external_email=bWlydXNpYWRAZ21haWwuY29t&login_token=1f0ad013-7006-693c-8677-fa163e5c2112" "Mozilla/5.0 (Linux; Android 11; Redmi Note 8 Pro Build/RP1A.200720.011; wv) AppleWebKit/537.36 (KHTML, like Gecko) Version/4.0 Chrome/143.0.7499.192 Mobile Safari/537.36" sklep.plantis.app "PL"
77.91.25.8 - - [16/Jan/2026:17:03:06 +0100] "GET /wp-content/uploads/2025/10/Group-1921-scaled.png HTTP/1.1" 200 80576 "https://sklep.plantis.app/?external_email=bWlydXNpYWRAZ21haWwuY29t&login_token=1f0ad013-7006-693c-8677-fa163e5c2112" "Mozilla/5.0 (Linux; Android 11; Redmi Note 8 Pro Build/RP1A.200720.011; wv) AppleWebKit/537.36 (KHTML, like Gecko) Version/4.0 Chrome/143.0.7499.192 Mobile Safari/537.36" sklep.plantis.app "PL"
77.91.25.8 - - [16/Jan/2026:17:03:06 +0100] "GET /wp-content/uploads/2025/06/kat2.png.webp HTTP/1.1" 200 15240 "https://sklep.plantis.app/?external_email=bWlydXNpYWRAZ21haWwuY29t&login_token=1f0ad013-7006-693c-8677-fa163e5c2112" "Mozilla/5.0 (Linux; Android 11; Redmi Note 8 Pro Build/RP1A.200720.011; wv) AppleWebKit/537.36 (KHTML, like Gecko) Version/4.0 Chrome/143.0.7499.192 Mobile Safari/537.36" sklep.plantis.app "PL"
