2a05:ffc1:800c:f00:f696:c4e9:f453:3f0f - - [16/Jan/2026:17:00:00 +0100] "GET /?external_email=c3RlZmFuMjY4NDBAZ21haWwuY29t&login_token=1f0f2e5b-754f-6204-9832-fa163e5c2112 HTTP/1.1" 200 47799 "-" "Mozilla/5.0 (Linux; Android 15; RMX5303 Build/AP3A.240905.015.A2; wv) AppleWebKit/537.36 (KHTML, like Gecko) Version/4.0 Chrome/143.0.7499.192 Mobile Safari/537.36" sklep.plantis.app "PL"
2a03:2880:f80e:64:: - - [16/Jan/2026:17:00:00 +0100] "GET /shop/?filter_cat=srodki-na-mrowki%2Cchwasty-w-ogrodzie%2Cderenie%2Cekologia&filter_brand=orion,bros,kwazar-corporation-sp-z-o-o,lamela-sp-z-o-o,vegano HTTP/1.1" 403 787 "-" "meta-externalagent/1.1 (+https://developers.facebook.com/docs/sharing/webmasters/crawler)" sklep.plantis.app "US"
65.108.78.33 - - [16/Jan/2026:16:59:59 +0100] "GET /kategoria-produktu/pielegnacja-i-nawozenie/?et_columns-count=3&filter_cat=kompostowanie&sale_status=1 HTTP/1.1" 200 52718 "-" "Mozilla/5.0 (compatible; MJ12bot/v1.4.8; http://mj12bot.com/)" sklep.plantis.app "FI"
83.24.163.225 - - [16/Jan/2026:17:00:00 +0100] "POST /wp-admin/admin-ajax.php HTTP/1.1" 200 51 "https://sklep.plantis.app/wp-admin/admin.php?page=litespeed-toolbox" "Mozilla/5.0 (Windows NT 10.0; Win64; x64) AppleWebKit/537.36 (KHTML, like Gecko) Chrome/143.0.0.0 Safari/537.36" sklep.plantis.app "PL"
20.101.166.13 - ck_bb6fc163f5a6460799c5ce64371c0ff4815fe123 [16/Jan/2026:17:00:00 +0100] "GET /wp-json/wc/v3/orders?per_page=100&after=2026-01-10T11%3a58%3a47.47&before=2026-01-16T16%3a00%3a00.00&dates_are_gmt=True HTTP/1.1" 200 6 "-" "RestSharp/112.0.0.0" sklep.plantis.app "NL"
2a03:2880:f80e:35:: - - [16/Jan/2026:17:00:02 +0100] "GET /shop/?filter_brand=poltops-sp-z-o-o,baterie,agrobios-elzbieta-halasz,p-p-h-ekodarpol,bioekspert,compo HTTP/1.1" 403 787 "-" "meta-externalagent/1.1 (+https://developers.facebook.com/docs/sharing/webmasters/crawler)" sklep.plantis.app "US"
2a05:ffc1:800c:f00:f696:c4e9:f453:3f0f - - [16/Jan/2026:17:00:02 +0100] "POST /?wc-ajax=get_refreshed_fragments HTTP/1.1" 200 889 "https://sklep.plantis.app/?external_email=c3RlZmFuMjY4NDBAZ21haWwuY29t&login_token=1f0f2e5b-754f-6204-9832-fa163e5c2112" "Mozilla/5.0 (Linux; Android 15; RMX5303 Build/AP3A.240905.015.A2; wv) AppleWebKit/537.36 (KHTML, like Gecko) Version/4.0 Chrome/143.0.7499.192 Mobile Safari/537.36" sklep.plantis.app "PL"
2a03:2880:f80e:6e:: - - [16/Jan/2026:17:00:05 +0100] "GET /shop/?filter_cat=bez-kategorii%2Cchoroby-tui-i-iglakow&filter_brand=lamela-sp-z-o-o,poltops-sp-z-o-o,spaceforgarden-sp-z-o-o,inne,biovita HTTP/1.1" 403 787 "-" "meta-externalagent/1.1 (+https://developers.facebook.com/docs/sharing/webmasters/crawler)" sklep.plantis.app "US"
65.108.78.33 - - [16/Jan/2026:17:00:04 +0100] "GET /kategoria-produktu/pielegnacja-i-nawozenie/?et_columns-count=3&filter_cat=kompostowanie&stock_status=out_of_stock HTTP/1.1" 200 52245 "-" "Mozilla/5.0 (compatible; MJ12bot/v1.4.8; http://mj12bot.com/)" sklep.plantis.app "FI"
85.208.96.210 - - [16/Jan/2026:17:00:04 +0100] "GET /shop/?filter_brand=agro-nas%2Cgami%2Cjiffy%2Cbiovita HTTP/1.1" 200 56283 "-" "Mozilla/5.0 (compatible; SemrushBot/7~bl; +http://www.semrush.com/bot.html)" sklep.plantis.app "US"
176.31.139.4 - - [16/Jan/2026:17:00:04 +0100] "GET /kategoria-produktu/pielegnacja-i-nawozenie/?et_columns-count=3&filter_brand=target-spolka-akcyjna,agropak-sp-j-brzezinski-i-wspolnicy,agrecol HTTP/1.1" 200 56040 "-" "Mozilla/5.0 (compatible; AhrefsBot/7.0; +http://ahrefs.com/robot/)" sklep.plantis.app "FR"
2a03:2880:f80e:70:: - - [16/Jan/2026:17:00:07 +0100] "GET /produkt/filcowe-opaski-z-dobroczynkiem-gruszowym-10-szt-vegano/ HTTP/1.1" 403 787 "-" "meta-externalagent/1.1 (+https://developers.facebook.com/docs/sharing/webmasters/crawler)" sklep.plantis.app "US"
20.101.166.13 - ck_bb6fc163f5a6460799c5ce64371c0ff4815fe123 [16/Jan/2026:17:00:07 +0100] "POST /wp-json/wc/v3/products/batch HTTP/1.1" 200 2125 "-" "RestSharp/112.0.0.0" sklep.plantis.app "NL"
83.24.163.225 - - [16/Jan/2026:17:00:09 +0100] "GET /wp-content/litespeed/crawler/meta.data?_=1768579134238 HTTP/1.1" 200 539 "https://sklep.plantis.app/wp-admin/admin.php?page=litespeed-crawler" "Mozilla/5.0 (Windows NT 10.0; Win64; x64) AppleWebKit/537.36 (KHTML, like Gecko) Chrome/143.0.0.0 Safari/537.36" sklep.plantis.app "PL"
2a03:2880:f80e:9:: - - [16/Jan/2026:17:00:09 +0100] "GET /shop/?filter_cat=pulapki-na-krety%2Cinsekty%2Czestawy&filter_brand=target,ogrod-start,biovita-sp-z-o-o HTTP/1.1" 403 787 "-" "meta-externalagent/1.1 (+https://developers.facebook.com/docs/sharing/webmasters/crawler)" sklep.plantis.app "US"
65.108.78.33 - - [16/Jan/2026:17:00:07 +0100] "GET /kategoria-produktu/pielegnacja-i-nawozenie/?et_columns-count=3&filter_cat=kompostowanie,agrowlokniny-sciolkowanie-pielegnacja-i-nawozenie HTTP/1.1" 200 55810 "-" "Mozilla/5.0 (compatible; MJ12bot/v1.4.8; http://mj12bot.com/)" sklep.plantis.app "FI"
2a03:2880:f80e:31:: - - [16/Jan/2026:17:00:10 +0100] "GET /shop/?filter_cat=wysiew%2Csrodki-do-prania%2Cpozostale&filter_brand=biogrod-tomasz-jonak,garland,sumin,p-p-h-ekodarpol,biosept HTTP/1.1" 403 787 "-" "meta-externalagent/1.1 (+https://developers.facebook.com/docs/sharing/webmasters/crawler)" sklep.plantis.app "US"
83.24.163.225 - - [16/Jan/2026:17:00:10 +0100] "POST /wp-admin/admin-ajax.php HTTP/1.1" 200 51 "https://sklep.plantis.app/wp-admin/admin.php?page=litespeed-general" "Mozilla/5.0 (Windows NT 10.0; Win64; x64) AppleWebKit/537.36 (KHTML, like Gecko) Chrome/143.0.0.0 Safari/537.36" sklep.plantis.app "PL"
2a03:2880:f80e:22:: - - [16/Jan/2026:17:00:13 +0100] "GET /shop/?filter_cat=srodki-na-mszyce%2Cminiszklarenki-doniczki-i-pojemniki&filter_brand=inne,bros-sp-z-o-o,chomik-m-swiezy-spolka-jawna,torseed HTTP/1.1" 403 787 "-" "meta-externalagent/1.1 (+https://developers.facebook.com/docs/sharing/webmasters/crawler)" sklep.plantis.app "US"
2a03:2880:f80e:e:: - - [16/Jan/2026:17:00:14 +0100] "GET /shop/?filter_cat=dom-i-ogrod%2Cweze%2Cszkodniki-drzew&filter_brand=lamela-sp-z-o-o,jiffy,kwazar-corporation-sp-z-o-o,biosept,p-p-h-ekodarpol HTTP/1.1" 403 787 "-" "meta-externalagent/1.1 (+https://developers.facebook.com/docs/sharing/webmasters/crawler)" sklep.plantis.app "US"
65.108.78.33 - - [16/Jan/2026:17:00:14 +0100] "GET /kategoria-produktu/pielegnacja-i-nawozenie/?et_columns-count=3&filter_cat=kompostowanie,biohumusy HTTP/1.1" 200 55729 "-" "Mozilla/5.0 (compatible; MJ12bot/v1.4.8; http://mj12bot.com/)" sklep.plantis.app "FI"
2a03:2880:f80e:5f:: - - [16/Jan/2026:17:00:16 +0100] "GET /shop/?filter_cat=do-gleby%2Cszkodniki%2Cmuchy-i-meszki&filter_brand=biosept,planto-jacek-sledziewski,ogrod-start,lider-sp-z-o-o HTTP/1.1" 403 787 "-" "meta-externalagent/1.1 (+https://developers.facebook.com/docs/sharing/webmasters/crawler)" sklep.plantis.app "US"
2a03:2880:f80e:4f:: - - [16/Jan/2026:17:00:17 +0100] "GET /shop/?filter_cat=inne%2Cdom-i-ogrod%2Cnawozy-do-lawendy%2Csrodki-na-mrowki&filter_brand=lider,4gardens-sp-z-o-o,bioekspert,poltops-sp-z-o-o,protect-garden HTTP/1.1" 403 787 "-" "meta-externalagent/1.1 (+https://developers.facebook.com/docs/sharing/webmasters/crawler)" sklep.plantis.app "US"
83.24.163.225 - - [16/Jan/2026:17:00:18 +0100] "GET /wp-content/litespeed/crawler/meta.data?_=1768579013070 HTTP/1.1" 200 539 "https://sklep.plantis.app/wp-admin/admin.php?page=litespeed-crawler&promo_tag=new_version" "Mozilla/5.0 (Windows NT 10.0; Win64; x64) AppleWebKit/537.36 (KHTML, like Gecko) Chrome/143.0.0.0 Safari/537.36" sklep.plantis.app "PL"
20.101.166.13 - ck_bb6fc163f5a6460799c5ce64371c0ff4815fe123 [16/Jan/2026:17:00:17 +0100] "POST /wp-json/wc/v3/products/batch HTTP/1.1" 200 1845 "-" "RestSharp/112.0.0.0" sklep.plantis.app "NL"
20.101.166.13 - ck_bb6fc163f5a6460799c5ce64371c0ff4815fe123 [16/Jan/2026:17:00:17 +0100] "POST /wp-json/wc/v3/products/batch HTTP/1.1" 200 2021 "-" "RestSharp/112.0.0.0" sklep.plantis.app "NL"
20.101.166.13 - ck_bb6fc163f5a6460799c5ce64371c0ff4815fe123 [16/Jan/2026:17:00:17 +0100] "POST /wp-json/wc/v3/products/batch HTTP/1.1" 200 1662 "-" "RestSharp/112.0.0.0" sklep.plantis.app "NL"
65.108.78.33 - - [16/Jan/2026:17:00:17 +0100] "GET /kategoria-produktu/pielegnacja-i-nawozenie/?et_columns-count=3&filter_cat=kompostowanie,biostymulator HTTP/1.1" 200 55451 "-" "Mozilla/5.0 (compatible; MJ12bot/v1.4.8; http://mj12bot.com/)" sklep.plantis.app "FI"
2a03:2880:f80e:41:: - - [16/Jan/2026:17:00:19 +0100] "GET /shop/?filter_cat=wysiew%2Csrodki-na-mszyce%2Cnasiona-kwiatow%2Cnawozy-do-warzyw&filter_brand=poltops-sp-z-o-o,ogrod-start,space-star,biovita-sp-z-o-o HTTP/1.1" 403 787 "-" "meta-externalagent/1.1 (+https://developers.facebook.com/docs/sharing/webmasters/crawler)" sklep.plantis.app "US"
109.95.157.167 - - [16/Jan/2026:17:00:20 +0100] "GET /wp-cron.php?doing_wp_cron HTTP/1.1" 200 0 "-" "Wget/1.19.5 (linux-gnu)" sklep.plantis.app "PL"
20.101.166.13 - ck_bb6fc163f5a6460799c5ce64371c0ff4815fe123 [16/Jan/2026:17:00:18 +0100] "POST /wp-json/wc/v3/products/batch HTTP/1.1" 200 2200 "-" "RestSharp/112.0.0.0" sklep.plantis.app "NL"
83.24.163.225 - - [16/Jan/2026:17:00:22 +0100] "GET /wp-content/litespeed/crawler/meta.data?_=1768579134239 HTTP/1.1" 200 539 "https://sklep.plantis.app/wp-admin/admin.php?page=litespeed-crawler" "Mozilla/5.0 (Windows NT 10.0; Win64; x64) AppleWebKit/537.36 (KHTML, like Gecko) Chrome/143.0.0.0 Safari/537.36" sklep.plantis.app "PL"
2a03:2880:f80e:6f:: - - [16/Jan/2026:17:00:22 +0100] "GET /shop/?filter_brand=biogrod-tomasz-jonak,proven,protect-home,lamela-sp-z-o-o,lider-sp-z-o-o,poszwald,kard-obara-kazimierz HTTP/1.1" 403 787 "-" "meta-externalagent/1.1 (+https://developers.facebook.com/docs/sharing/webmasters/crawler)" sklep.plantis.app "US"
83.24.163.225 - - [16/Jan/2026:17:00:21 +0100] "POST /wp-admin/admin-ajax.php HTTP/1.1" 200 51 "https://sklep.plantis.app/wp-admin/admin.php?page=litespeed-cache" "Mozilla/5.0 (Windows NT 10.0; Win64; x64) AppleWebKit/537.36 (KHTML, like Gecko) Chrome/143.0.0.0 Safari/537.36" sklep.plantis.app "PL"
92.222.108.119 - - [16/Jan/2026:17:00:20 +0100] "GET /kategoria-produktu/ochrona-roslin/?sale_status=1&filter_cat=zwalczanie-slimakow&filter_brand=alvanaeko HTTP/1.1" 200 52733 "-" "Mozilla/5.0 (compatible; AhrefsBot/7.0; +http://ahrefs.com/robot/)" sklep.plantis.app "FR"
83.24.163.225 - - [16/Jan/2026:17:00:21 +0100] "POST /wp-admin/admin.php?page=litespeed-crawler&promo_tag=new_version HTTP/1.1" 200 77977 "https://sklep.plantis.app/wp-admin/admin.php?page=litespeed-crawler&promo_tag=new_version" "Mozilla/5.0 (Windows NT 10.0; Win64; x64) AppleWebKit/537.36 (KHTML, like Gecko) Chrome/143.0.0.0 Safari/537.36" sklep.plantis.app "PL"
65.108.78.33 - - [16/Jan/2026:17:00:20 +0100] "GET /kategoria-produktu/pielegnacja-i-nawozenie/?et_columns-count=3&filter_cat=kompostowanie,dolomit HTTP/1.1" 200 55543 "-" "Mozilla/5.0 (compatible; MJ12bot/v1.4.8; http://mj12bot.com/)" sklep.plantis.app "FI"
109.95.157.167 - - [16/Jan/2026:17:00:21 +0100] "GET /produkt/lobelia-przyladkowa-kaiser-wilhelm-nasiona-kiepenkerl/?LSCWP_CTRL=before_optm HTTP/1.1" 200 42008 "http://sklep.plantis.app/wp-cron.php?doing_wp_cron" "lscache_runner Mobile iPhone" sklep.plantis.app "PL"
2a03:2880:f80e:32:: - - [16/Jan/2026:17:00:24 +0100] "GET /shop/?filter_cat=wysiew%2Csrodki-na-mszyce&filter_brand=biogrod,green-star-sp-z-o-o,bros,ogrod-start,space-star,amma HTTP/1.1" 403 787 "-" "meta-externalagent/1.1 (+https://developers.facebook.com/docs/sharing/webmasters/crawler)" sklep.plantis.app "US"
2a03:2880:f80e:3d:: - - [16/Jan/2026:17:00:25 +0100] "GET /kategoria-produktu/wysiew/?min_price=0&max_price=500&et_columns-count=3&filter_brand=kard-obara-kazimierz,zoigarden,biovita,p-p-h-agronas-sp-z-o-o HTTP/1.1" 403 787 "-" "meta-externalagent/1.1 (+https://developers.facebook.com/docs/sharing/webmasters/crawler)" sklep.plantis.app "US"
65.108.78.33 - - [16/Jan/2026:17:00:25 +0100] "GET /kategoria-produktu/pielegnacja-i-nawozenie/?et_columns-count=3&filter_cat=kompostowanie,folie HTTP/1.1" 200 55702 "-" "Mozilla/5.0 (compatible; MJ12bot/v1.4.8; http://mj12bot.com/)" sklep.plantis.app "FI"
2a03:2880:f80e:2f:: - - [16/Jan/2026:17:00:28 +0100] "GET /shop/?filter_cat=szkodniki%2Cdymki&filter_brand=sumin,cell-fast-sp-z-o-o,biogrod,biovita-sp-z-o-o,p-p-h-agronas-sp-z-o-o,kard-obara-kazimierz HTTP/1.1" 403 787 "-" "meta-externalagent/1.1 (+https://developers.facebook.com/docs/sharing/webmasters/crawler)" sklep.plantis.app "US"
83.24.163.225 - - [16/Jan/2026:17:00:26 +0100] "GET /wp-admin/admin.php?page=litespeed-crawler&promo_tag=new_version HTTP/1.1" 200 77961 "https://sklep.plantis.app/wp-admin/admin.php?page=litespeed-crawler&promo_tag=new_version" "Mozilla/5.0 (Windows NT 10.0; Win64; x64) AppleWebKit/537.36 (KHTML, like Gecko) Chrome/143.0.0.0 Safari/537.36" sklep.plantis.app "PL"
65.108.78.33 - - [16/Jan/2026:17:00:28 +0100] "GET /kategoria-produktu/pielegnacja-i-nawozenie/?et_columns-count=3&filter_cat=kompostowanie,hydrozel-ogrodniczy HTTP/1.1" 200 56011 "-" "Mozilla/5.0 (compatible; MJ12bot/v1.4.8; http://mj12bot.com/)" sklep.plantis.app "FI"
109.95.157.167 - - [16/Jan/2026:17:00:29 +0100] "GET /wp-content/litespeed/crawler/test_port.html HTTP/1.1" 200 25 "http://sklep.plantis.app/wp-admin/admin-ajax.php?action=async_litespeed&nonce=vgFL9r3qn7ZBTKqwfoMvukNxIaKrltEX&litespeed_type=crawler" "lscache_runner Mobile iPhone" sklep.plantis.app "PL"
109.95.157.167 - - [16/Jan/2026:17:00:29 +0100] "GET /powrot-do-sklepu/ HTTP/1.1" 201 0 "http://sklep.plantis.app/wp-admin/admin-ajax.php?action=async_litespeed&nonce=vgFL9r3qn7ZBTKqwfoMvukNxIaKrltEX&litespeed_type=crawler" "lscache_runner Mobile iPhone" sklep.plantis.app "PL"
109.95.157.167 - - [16/Jan/2026:17:00:29 +0100] "GET /zamknij-okno/ HTTP/1.1" 201 0 "http://sklep.plantis.app/wp-admin/admin-ajax.php?action=async_litespeed&nonce=vgFL9r3qn7ZBTKqwfoMvukNxIaKrltEX&litespeed_type=crawler" "lscache_runner Mobile iPhone" sklep.plantis.app "PL"
109.95.157.167 - - [16/Jan/2026:17:00:29 +0100] "GET /produkt/jalowiec-chinski-stricta-sadzonka-20-30-cm/ HTTP/1.1" 201 0 "http://sklep.plantis.app/wp-admin/admin-ajax.php?action=async_litespeed&nonce=vgFL9r3qn7ZBTKqwfoMvukNxIaKrltEX&litespeed_type=crawler" "lscache_runner Mobile iPhone" sklep.plantis.app "PL"
2a03:2880:f80e:50:: - - [16/Jan/2026:17:00:30 +0100] "GET /shop/?filter_cat=trutki-na-gryzonie%2Codstraszacze-kretow%2Cfolie&filter_brand=kwazar-corporation-sp-z-o-o,bioekspert,kiepenkerl,poltops-sp-z-o-o HTTP/1.1" 403 787 "-" "meta-externalagent/1.1 (+https://developers.facebook.com/docs/sharing/webmasters/crawler)" sklep.plantis.app "US"
109.95.157.167 - - [16/Jan/2026:17:00:29 +0100] "GET /produkt/jalowiec-chinski-blue-alps-sadzonka-20-30-cm/ HTTP/1.1" 200 57166 "http://sklep.plantis.app/wp-admin/admin-ajax.php?action=async_litespeed&nonce=vgFL9r3qn7ZBTKqwfoMvukNxIaKrltEX&litespeed_type=crawler" "lscache_runner Mobile iPhone" sklep.plantis.app "PL"
109.95.157.167 - - [16/Jan/2026:17:00:31 +0100] "GET /produkt/jalowiec-nadbrzezny-schlager-sadzonka-30-40-cm/ HTTP/1.1" 201 0 "http://sklep.plantis.app/wp-admin/admin-ajax.php?action=async_litespeed&nonce=vgFL9r3qn7ZBTKqwfoMvukNxIaKrltEX&litespeed_type=crawler" "lscache_runner Mobile iPhone" sklep.plantis.app "PL"
83.24.163.225 - - [16/Jan/2026:17:00:31 +0100] "POST /wp-admin/admin-ajax.php HTTP/1.1" 200 51 "https://sklep.plantis.app/wp-admin/admin.php?page=litespeed-cache" "Mozilla/5.0 (Windows NT 10.0; Win64; x64) AppleWebKit/537.36 (KHTML, like Gecko) Chrome/143.0.0.0 Safari/537.36" sklep.plantis.app "PL"
65.108.78.33 - - [16/Jan/2026:17:00:30 +0100] "GET /kategoria-produktu/pielegnacja-i-nawozenie/?et_columns-count=3&filter_cat=kompostowanie,kruszywa HTTP/1.1" 200 56072 "-" "Mozilla/5.0 (compatible; MJ12bot/v1.4.8; http://mj12bot.com/)" sklep.plantis.app "FI"
2a03:2880:f80e:b:: - - [16/Jan/2026:17:00:32 +0100] "GET /shop/?filter_cat=wysiew%2Csrodki-na-mszyce&filter_brand=biogrod,ziemovit,zielony-dom,kronen-sp-z-o-o HTTP/1.1" 403 787 "-" "meta-externalagent/1.1 (+https://developers.facebook.com/docs/sharing/webmasters/crawler)" sklep.plantis.app "US"
83.24.163.225 - - [16/Jan/2026:17:00:32 +0100] "POST /wp-admin/admin-ajax.php HTTP/1.1" 200 51 "https://sklep.plantis.app/wp-admin/admin.php?page=litespeed-cdn" "Mozilla/5.0 (Windows NT 10.0; Win64; x64) AppleWebKit/537.36 (KHTML, like Gecko) Chrome/143.0.0.0 Safari/537.36" sklep.plantis.app "PL"
109.95.157.167 - - [16/Jan/2026:17:00:31 +0100] "GET /produkt/jalowiec-plozacy-andorra-compact-sadzonka-30-cm/ HTTP/1.1" 200 57216 "http://sklep.plantis.app/wp-admin/admin-ajax.php?action=async_litespeed&nonce=vgFL9r3qn7ZBTKqwfoMvukNxIaKrltEX&litespeed_type=crawler" "lscache_runner Mobile iPhone" sklep.plantis.app "PL"
109.95.157.167 - - [16/Jan/2026:17:00:31 +0100] "GET /produkt/jalowiec-plozacy-blue-chip-sadzonka-20-30-cm/ HTTP/1.1" 200 57184 "http://sklep.plantis.app/wp-admin/admin-ajax.php?action=async_litespeed&nonce=vgFL9r3qn7ZBTKqwfoMvukNxIaKrltEX&litespeed_type=crawler" "lscache_runner Mobile iPhone" sklep.plantis.app "PL"
2a03:2880:f80e:2c:: - - [16/Jan/2026:17:00:34 +0100] "GET /shop/?filter_cat=wysiew%2Csrodki-na-mszyce%2Cdymki&filter_brand=bradas-sp-z-o-o,browin,agro-jumal,biovita-sp-z-o-o,agrimpex HTTP/1.1" 403 787 "-" "meta-externalagent/1.1 (+https://developers.facebook.com/docs/sharing/webmasters/crawler)" sklep.plantis.app "US"
83.24.163.225 - - [16/Jan/2026:17:00:33 +0100] "POST /wp-admin/admin-ajax.php HTTP/1.1" 200 49 "https://sklep.plantis.app/wp-admin/admin.php?page=litespeed-presets" "Mozilla/5.0 (Windows NT 10.0; Win64; x64) AppleWebKit/537.36 (KHTML, like Gecko) Chrome/143.0.0.0 Safari/537.36" sklep.plantis.app "PL"
83.24.163.225 - - [16/Jan/2026:17:00:33 +0100] "POST /wp-admin/admin-ajax.php HTTP/1.1" 200 49 "https://sklep.plantis.app/wp-admin/admin.php?page=litespeed-general" "Mozilla/5.0 (Windows NT 10.0; Win64; x64) AppleWebKit/537.36 (KHTML, like Gecko) Chrome/143.0.0.0 Safari/537.36" sklep.plantis.app "PL"
83.24.163.225 - - [16/Jan/2026:17:00:34 +0100] "POST /wp-admin/admin-ajax.php HTTP/1.1" 200 51 "https://sklep.plantis.app/wp-admin/admin.php?page=litespeed-page_optm" "Mozilla/5.0 (Windows NT 10.0; Win64; x64) AppleWebKit/537.36 (KHTML, like Gecko) Chrome/143.0.0.0 Safari/537.36" sklep.plantis.app "PL"
83.24.163.225 - - [16/Jan/2026:17:00:36 +0100] "GET /wp-content/litespeed/crawler/meta.data?_=1768579134240 HTTP/1.1" 200 565 "https://sklep.plantis.app/wp-admin/admin.php?page=litespeed-crawler" "Mozilla/5.0 (Windows NT 10.0; Win64; x64) AppleWebKit/537.36 (KHTML, like Gecko) Chrome/143.0.0.0 Safari/537.36" sklep.plantis.app "PL"
109.95.157.167 - - [16/Jan/2026:17:00:33 +0100] "GET /produkt/jalowiec-sabinski-tamariscifolia-sadzonka-20-30-cm/ HTTP/1.1" 200 57258 "http://sklep.plantis.app/wp-admin/admin-ajax.php?action=async_litespeed&nonce=vgFL9r3qn7ZBTKqwfoMvukNxIaKrltEX&litespeed_type=crawler" "lscache_runner Mobile iPhone" sklep.plantis.app "PL"
51.75.236.152 - - [16/Jan/2026:17:00:33 +0100] "GET /kategoria-produktu/ochrona-roslin/?sale_status=1&filter_cat=zwalczanie-slimakow&filter_brand=agrecol HTTP/1.1" 200 52789 "-" "Mozilla/5.0 (compatible; AhrefsBot/7.0; +http://ahrefs.com/robot/)" sklep.plantis.app "FR"
2a03:2880:f80e:6e:: - - [16/Jan/2026:17:00:36 +0100] "GET /shop/?filter_cat=srodki-na-mszyce%2Cminiszklarenki-doniczki-i-pojemniki&filter_brand=inne,planto-jacek-sledziewski,agropak,gardena-sp-z-o-o HTTP/1.1" 403 787 "-" "meta-externalagent/1.1 (+https://developers.facebook.com/docs/sharing/webmasters/crawler)" sklep.plantis.app "US"
65.108.78.33 - - [16/Jan/2026:17:00:33 +0100] "GET /kategoria-produktu/pielegnacja-i-nawozenie/?et_columns-count=3&filter_cat=kompostowanie,nablyszczacze HTTP/1.1" 200 55435 "-" "Mozilla/5.0 (compatible; MJ12bot/v1.4.8; http://mj12bot.com/)" sklep.plantis.app "FI"
109.95.157.167 - - [16/Jan/2026:17:00:33 +0100] "GET /produkt/jalowiec-pfitzera-mint-julep-sadzonka-30-50-cm/ HTTP/1.1" 200 57115 "http://sklep.plantis.app/wp-admin/admin-ajax.php?action=async_litespeed&nonce=vgFL9r3qn7ZBTKqwfoMvukNxIaKrltEX&litespeed_type=crawler" "lscache_runner Mobile iPhone" sklep.plantis.app "PL"
109.95.157.167 - - [16/Jan/2026:17:00:33 +0100] "GET /produkt/jalowiec-pfitzera-gold-star-sadzonka-30-50-cm/ HTTP/1.1" 200 57214 "http://sklep.plantis.app/wp-admin/admin-ajax.php?action=async_litespeed&nonce=vgFL9r3qn7ZBTKqwfoMvukNxIaKrltEX&litespeed_type=crawler" "lscache_runner Mobile iPhone" sklep.plantis.app "PL"
83.24.163.225 - - [16/Jan/2026:17:00:35 +0100] "POST /wp-admin/admin-ajax.php HTTP/1.1" 200 51 "https://sklep.plantis.app/wp-admin/admin.php?page=litespeed-db_optm" "Mozilla/5.0 (Windows NT 10.0; Win64; x64) AppleWebKit/537.36 (KHTML, like Gecko) Chrome/143.0.0.0 Safari/537.36" sklep.plantis.app "PL"
65.108.78.33 - - [16/Jan/2026:17:00:37 +0100] "GET /kategoria-produktu/pielegnacja-i-nawozenie/?et_columns-count=3&filter_cat=kompostowanie,nawoz-do-trawy HTTP/1.1" 200 56019 "-" "Mozilla/5.0 (compatible; MJ12bot/v1.4.8; http://mj12bot.com/)" sklep.plantis.app "FI"
109.95.157.167 - - [16/Jan/2026:17:00:36 +0100] "GET /produkt/jalowiec-skalny-blue-arrow-sadzonka-60-80-cm/ HTTP/1.1" 200 57090 "http://sklep.plantis.app/wp-admin/admin-ajax.php?action=async_litespeed&nonce=vgFL9r3qn7ZBTKqwfoMvukNxIaKrltEX&litespeed_type=crawler" "lscache_runner Mobile iPhone" sklep.plantis.app "PL"
109.95.157.167 - - [16/Jan/2026:17:00:36 +0100] "GET /produkt/jalowiec-luskowaty-blue-carpet-sadzonka-20-30-cm/ HTTP/1.1" 200 57184 "http://sklep.plantis.app/wp-admin/admin-ajax.php?action=async_litespeed&nonce=vgFL9r3qn7ZBTKqwfoMvukNxIaKrltEX&litespeed_type=crawler" "lscache_runner Mobile iPhone" sklep.plantis.app "PL"
2a03:2880:f80e:5:: - - [16/Jan/2026:17:00:38 +0100] "GET /shop/?filter_cat=flowers%2Cagrowlokniny&filter_brand=biogrod-tomasz-jonak,twoj-ogrod,kwazar-corporation-sp-z-o-o,poltops-sp-z-o-o,browin-sp-z-o-o-sp-k,ogrod-start,alvanaeko HTTP/1.1" 403 787 "-" "meta-externalagent/1.1 (+https://developers.facebook.com/docs/sharing/webmasters/crawler)" sklep.plantis.app "US"
109.95.157.167 - - [16/Jan/2026:17:00:36 +0100] "GET /produkt/jalowiec-luskowaty-holger-sadzonka-20-30-cm/ HTTP/1.1" 200 57172 "http://sklep.plantis.app/wp-admin/admin-ajax.php?action=async_litespeed&nonce=vgFL9r3qn7ZBTKqwfoMvukNxIaKrltEX&litespeed_type=crawler" "lscache_runner Mobile iPhone" sklep.plantis.app "PL"
109.95.157.167 - - [16/Jan/2026:17:00:38 +0100] "GET /produkt/jalowiec-wirginijski-hetz-sadzonka-30-40-cm/ HTTP/1.1" 201 0 "http://sklep.plantis.app/wp-admin/admin-ajax.php?action=async_litespeed&nonce=vgFL9r3qn7ZBTKqwfoMvukNxIaKrltEX&litespeed_type=crawler" "lscache_runner Mobile iPhone" sklep.plantis.app "PL"
109.95.157.167 - - [16/Jan/2026:17:00:38 +0100] "GET /produkt/swierk-pospolity-nidiformis-sadzonka-10-15-cm/ HTTP/1.1" 201 0 "http://sklep.plantis.app/wp-admin/admin-ajax.php?action=async_litespeed&nonce=vgFL9r3qn7ZBTKqwfoMvukNxIaKrltEX&litespeed_type=crawler" "lscache_runner Mobile iPhone" sklep.plantis.app "PL"
109.95.157.167 - - [16/Jan/2026:17:00:38 +0100] "GET /produkt/swierk-bialy-conica-sadzonka-25-40-cm/ HTTP/1.1" 201 0 "http://sklep.plantis.app/wp-admin/admin-ajax.php?action=async_litespeed&nonce=vgFL9r3qn7ZBTKqwfoMvukNxIaKrltEX&litespeed_type=crawler" "lscache_runner Mobile iPhone" sklep.plantis.app "PL"
109.95.157.167 - - [16/Jan/2026:17:00:38 +0100] "GET /produkt/sosna-gorska-kosodrzewina-pumilio-sadzonka-10-15-cm/ HTTP/1.1" 201 0 "http://sklep.plantis.app/wp-admin/admin-ajax.php?action=async_litespeed&nonce=vgFL9r3qn7ZBTKqwfoMvukNxIaKrltEX&litespeed_type=crawler" "lscache_runner Mobile iPhone" sklep.plantis.app "PL"
109.95.157.167 - - [16/Jan/2026:17:00:27 +0100] "POST /wp-admin/admin-ajax.php?action=async_litespeed&nonce=vgFL9r3qn7ZBTKqwfoMvukNxIaKrltEX&litespeed_type=crawler HTTP/1.1" 200 0 "-" "WordPress/6.9; https://sklep.plantis.app" sklep.plantis.app "PL"
20.101.166.13 - ck_bb6fc163f5a6460799c5ce64371c0ff4815fe123 [16/Jan/2026:17:00:37 +0100] "POST /wp-json/wc/v3/products/batch HTTP/1.1" 200 2261 "-" "RestSharp/112.0.0.0" sklep.plantis.app "NL"
65.108.78.33 - - [16/Jan/2026:17:00:39 +0100] "GET /kategoria-produktu/pielegnacja-i-nawozenie/?et_columns-count=3&filter_cat=kompostowanie,nawozy-do-borowek HTTP/1.1" 200 55513 "-" "Mozilla/5.0 (compatible; MJ12bot/v1.4.8; http://mj12bot.com/)" sklep.plantis.app "FI"
2a03:2880:f80e:63:: - - [16/Jan/2026:17:00:39 +0100] "GET /shop/?filter_cat=zima%2Cmasci-ogrodnicze&filter_brand=target,legutko,gami,botana,planto-jacek-sledziewski HTTP/1.1" 403 787 "-" "meta-externalagent/1.1 (+https://developers.facebook.com/docs/sharing/webmasters/crawler)" sklep.plantis.app "US"
109.95.157.167 - - [16/Jan/2026:17:00:38 +0100] "GET /produkt/jalowiec-nadbrzezny-blue-pacific-sadzonka-30-40-cm/ HTTP/1.1" 200 57489 "http://sklep.plantis.app/wp-admin/admin-ajax.php?action=async_litespeed&nonce=vgFL9r3qn7ZBTKqwfoMvukNxIaKrltEX&litespeed_type=crawler" "lscache_runner Mobile iPhone" sklep.plantis.app "PL"
109.95.157.167 - - [16/Jan/2026:17:00:38 +0100] "GET /produkt/jalowiec-luskowaty-meyeri-sadzonka-20-30-cm/ HTTP/1.1" 200 57449 "http://sklep.plantis.app/wp-admin/admin-ajax.php?action=async_litespeed&nonce=vgFL9r3qn7ZBTKqwfoMvukNxIaKrltEX&litespeed_type=crawler" "lscache_runner Mobile iPhone" sklep.plantis.app "PL"
109.95.157.167 - - [16/Jan/2026:17:00:40 +0100] "GET /produkt/sosna-gorska-kosodrzewina-mughus-sadzonka-10-15-cm/ HTTP/1.1" 201 0 "http://sklep.plantis.app/wp-admin/admin-ajax.php?action=async_litespeed&nonce=vgFL9r3qn7ZBTKqwfoMvukNxIaKrltEX&litespeed_type=crawler" "lscache_runner Mobile iPhone" sklep.plantis.app "PL"
65.108.78.33 - - [16/Jan/2026:17:00:41 +0100] "GET /kategoria-produktu/pielegnacja-i-nawozenie/?et_columns-count=3&filter_cat=kompostowanie,nawozy-do-hortensji HTTP/1.1" 200 55591 "-" "Mozilla/5.0 (compatible; MJ12bot/v1.4.8; http://mj12bot.com/)" sklep.plantis.app "FI"
109.95.157.167 - - [16/Jan/2026:17:00:40 +0100] "GET /produkt/sosna-czarna-sadzonka-35-50-cm/ HTTP/1.1" 200 56841 "http://sklep.plantis.app/wp-admin/admin-ajax.php?action=async_litespeed&nonce=vgFL9r3qn7ZBTKqwfoMvukNxIaKrltEX&litespeed_type=crawler" "lscache_runner Mobile iPhone" sklep.plantis.app "PL"
109.95.157.167 - - [16/Jan/2026:17:00:40 +0100] "GET /produkt/cis-posredni-hicksii-sadzonka-40-50-cm/ HTTP/1.1" 200 56929 "http://sklep.plantis.app/wp-admin/admin-ajax.php?action=async_litespeed&nonce=vgFL9r3qn7ZBTKqwfoMvukNxIaKrltEX&litespeed_type=crawler" "lscache_runner Mobile iPhone" sklep.plantis.app "PL"
2a03:2880:f80e:e:: - - [16/Jan/2026:17:00:42 +0100] "GET /shop/?et_columns-count=1&filter_cat=nasiona-traw%2Cdo-gleby%2Cnasiona-kwiatow%2Cpozostale&filter_brand=biogrod-tomasz-jonak,bros-sp-z-o-o,agropak,kard-obara-kazimierz HTTP/1.1" 403 787 "-" "meta-externalagent/1.1 (+https://developers.facebook.com/docs/sharing/webmasters/crawler)" sklep.plantis.app "US"
109.95.157.167 - - [16/Jan/2026:17:00:42 +0100] "GET /produkt/berberys-thunberga-atropurpurea-nana-sadzonka-20-cm/ HTTP/1.1" 201 0 "http://sklep.plantis.app/wp-admin/admin-ajax.php?action=async_litespeed&nonce=vgFL9r3qn7ZBTKqwfoMvukNxIaKrltEX&litespeed_type=crawler" "lscache_runner Mobile iPhone" sklep.plantis.app "PL"
65.108.78.33 - - [16/Jan/2026:17:00:42 +0100] "GET /kategoria-produktu/pielegnacja-i-nawozenie/?et_columns-count=3&filter_cat=kompostowanie,nawozy-do-owocowych HTTP/1.1" 200 56113 "-" "Mozilla/5.0 (compatible; MJ12bot/v1.4.8; http://mj12bot.com/)" sklep.plantis.app "FI"
83.24.163.225 - - [16/Jan/2026:17:00:43 +0100] "GET /wp-content/litespeed/crawler/meta.data?_=1768579134241 HTTP/1.1" 200 584 "https://sklep.plantis.app/wp-admin/admin.php?page=litespeed-crawler" "Mozilla/5.0 (Windows NT 10.0; Win64; x64) AppleWebKit/537.36 (KHTML, like Gecko) Chrome/143.0.0.0 Safari/537.36" sklep.plantis.app "PL"
185.191.171.6 - - [16/Jan/2026:17:00:43 +0100] "GET /shop/page/2/?filter_cat=sekatory%2Czima%2Cdymki HTTP/1.1" 403 787 "-" "Mozilla/5.0 (compatible; SemrushBot/7~bl; +http://www.semrush.com/bot.html)" sklep.plantis.app "GB"
109.95.157.167 - - [16/Jan/2026:17:00:42 +0100] "GET /produkt/cis-posredni-hilli-sadzonka-30-50-cm/ HTTP/1.1" 200 57093 "http://sklep.plantis.app/wp-admin/admin-ajax.php?action=async_litespeed&nonce=vgFL9r3qn7ZBTKqwfoMvukNxIaKrltEX&litespeed_type=crawler" "lscache_runner Mobile iPhone" sklep.plantis.app "PL"
109.95.157.167 - - [16/Jan/2026:17:00:42 +0100] "GET /produkt/tuja-zywotnik-zachodni-smaragd-sadzonka-70-100-cm/ HTTP/1.1" 200 57014 "http://sklep.plantis.app/wp-admin/admin-ajax.php?action=async_litespeed&nonce=vgFL9r3qn7ZBTKqwfoMvukNxIaKrltEX&litespeed_type=crawler" "lscache_runner Mobile iPhone" sklep.plantis.app "PL"
109.95.157.167 - - [16/Jan/2026:17:00:44 +0100] "GET /produkt/tuja-zywotnik-zachodni-danica-sadzonka-30-40-cm/ HTTP/1.1" 201 0 "http://sklep.plantis.app/wp-admin/admin-ajax.php?action=async_litespeed&nonce=vgFL9r3qn7ZBTKqwfoMvukNxIaKrltEX&litespeed_type=crawler" "lscache_runner Mobile iPhone" sklep.plantis.app "PL"
109.95.157.167 - - [16/Jan/2026:17:00:44 +0100] "GET /produkt/hortensja-drzewiasta-annabelle-sadzonka-10-15-cm/ HTTP/1.1" 201 0 "http://sklep.plantis.app/wp-admin/admin-ajax.php?action=async_litespeed&nonce=vgFL9r3qn7ZBTKqwfoMvukNxIaKrltEX&litespeed_type=crawler" "lscache_runner Mobile iPhone" sklep.plantis.app "PL"
2a03:2880:f80e:22:: - - [16/Jan/2026:17:00:44 +0100] "GET /shop/?filter_cat=wysiew%2Csrodki-na-mszyce%2Cnasiona-kwiatow%2Cnasiona-traw%2Cpulapki-na-krety&filter_brand=ogrod-start HTTP/1.1" 403 787 "-" "meta-externalagent/1.1 (+https://developers.facebook.com/docs/sharing/webmasters/crawler)" sklep.plantis.app "US"
2a03:2880:f80e:30:: - - [16/Jan/2026:17:00:45 +0100] "GET /shop/?filter_cat=miniszklarenki%2Cdymki%2Cchemia-do-basenu&filter_brand=biogrod,botana,poszwald,zestaw,p-p-h-agronas-sp-z-o-o HTTP/1.1" 403 787 "-" "meta-externalagent/1.1 (+https://developers.facebook.com/docs/sharing/webmasters/crawler)" sklep.plantis.app "US"
65.108.78.33 - - [16/Jan/2026:17:00:44 +0100] "GET /kategoria-produktu/pielegnacja-i-nawozenie/?et_columns-count=3&filter_cat=kompostowanie,nawozy-do-pielegnacji-pelargonii HTTP/1.1" 200 55521 "-" "Mozilla/5.0 (compatible; MJ12bot/v1.4.8; http://mj12bot.com/)" sklep.plantis.app "FI"
109.95.157.167 - - [16/Jan/2026:17:00:44 +0100] "GET /produkt/berberys-thunberga-aurea-sadzonka-15-25-cm/ HTTP/1.1" 200 57129 "http://sklep.plantis.app/wp-admin/admin-ajax.php?action=async_litespeed&nonce=vgFL9r3qn7ZBTKqwfoMvukNxIaKrltEX&litespeed_type=crawler" "lscache_runner Mobile iPhone" sklep.plantis.app "PL"
109.95.157.167 - - [16/Jan/2026:17:00:46 +0100] "GET /produkt/hortensja-ogrodowa-bouquet-rose-sadzonka-45-60-cm/ HTTP/1.1" 201 0 "http://sklep.plantis.app/wp-admin/admin-ajax.php?action=async_litespeed&nonce=vgFL9r3qn7ZBTKqwfoMvukNxIaKrltEX&litespeed_type=crawler" "lscache_runner Mobile iPhone" sklep.plantis.app "PL"
83.24.163.225 - - [16/Jan/2026:17:00:47 +0100] "GET /wp-content/litespeed/crawler/meta.data?_=1768579134242 HTTP/1.1" 200 584 "https://sklep.plantis.app/wp-admin/admin.php?page=litespeed-crawler" "Mozilla/5.0 (Windows NT 10.0; Win64; x64) AppleWebKit/537.36 (KHTML, like Gecko) Chrome/143.0.0.0 Safari/537.36" sklep.plantis.app "PL"
2a03:2880:f80e:30:: - - [16/Jan/2026:17:00:47 +0100] "GET /shop/?filter_cat=sosny%2Cagrowlokniny&filter_brand=biogrod-tomasz-jonak,kwazar-corporation-sp-z-o-o,agrecol HTTP/1.1" 403 787 "-" "meta-externalagent/1.1 (+https://developers.facebook.com/docs/sharing/webmasters/crawler)" sklep.plantis.app "US"
109.95.157.167 - - [16/Jan/2026:17:00:46 +0100] "GET /produkt/hortensja-ogrodowa-alpengluhen-sadzonka-20-30-cm/ HTTP/1.1" 200 57150 "http://sklep.plantis.app/wp-admin/admin-ajax.php?action=async_litespeed&nonce=vgFL9r3qn7ZBTKqwfoMvukNxIaKrltEX&litespeed_type=crawler" "lscache_runner Mobile iPhone" sklep.plantis.app "PL"
109.95.157.167 - - [16/Jan/2026:17:00:46 +0100] "GET /produkt/hortensja-ogrodowa-bodensee-sadzonka-20-cm/ HTTP/1.1" 200 57109 "http://sklep.plantis.app/wp-admin/admin-ajax.php?action=async_litespeed&nonce=vgFL9r3qn7ZBTKqwfoMvukNxIaKrltEX&litespeed_type=crawler" "lscache_runner Mobile iPhone" sklep.plantis.app "PL"
51.68.247.198 - - [16/Jan/2026:17:00:46 +0100] "GET /shop/brand/target-spolka-akcyjna/?min_price=1000&max_price=1500&filter_cat=bakterie-do-szamba%2Cchemia-do-basenu&filter_brand=target-spolka-akcyjna HTTP/1.1" 200 52832 "-" "Mozilla/5.0 (compatible; AhrefsBot/7.0; +http://ahrefs.com/robot/)" sklep.plantis.app "FR"
65.108.78.33 - - [16/Jan/2026:17:00:47 +0100] "GET /kategoria-produktu/pielegnacja-i-nawozenie/?et_columns-count=3&filter_cat=kompostowanie,nawozy-do-pielegnacji-roslin-zielonych HTTP/1.1" 200 56243 "-" "Mozilla/5.0 (compatible; MJ12bot/v1.4.8; http://mj12bot.com/)" sklep.plantis.app "FI"
23.160.56.125 - - [16/Jan/2026:17:00:47 +0100] "POST /?rest_route=/litespeed/v1/notify_ucss HTTP/1.1" 200 27 "-" "Mozilla/5.0 AppleWebKit/537.36 (KHTML, like Gecko; compatible; qcbot/1.0; +http://quic.cloud/bot.html) Chrome/112.0.0.0 Safari/537.36" sklep.plantis.app "US"
109.95.157.167 - - [16/Jan/2026:17:00:48 +0100] "GET /produkt/hortensja-ogrodowa-leuchtfeuer-sadzonka-45-60-cm/ HTTP/1.1" 200 57126 "http://sklep.plantis.app/wp-admin/admin-ajax.php?action=async_litespeed&nonce=vgFL9r3qn7ZBTKqwfoMvukNxIaKrltEX&litespeed_type=crawler" "lscache_runner Mobile iPhone" sklep.plantis.app "PL"
109.95.157.167 - - [16/Jan/2026:17:00:48 +0100] "GET /produkt/hortensja-ogrodowa-madame-emile-mouillere-sadzonka-20-30-cm/ HTTP/1.1" 200 57249 "http://sklep.plantis.app/wp-admin/admin-ajax.php?action=async_litespeed&nonce=vgFL9r3qn7ZBTKqwfoMvukNxIaKrltEX&litespeed_type=crawler" "lscache_runner Mobile iPhone" sklep.plantis.app "PL"
109.95.157.167 - - [16/Jan/2026:17:00:48 +0100] "GET /produkt/hortensja-ogrodowa-nikko-blue-sadzonka-20-30-cm/ HTTP/1.1" 200 57133 "http://sklep.plantis.app/wp-admin/admin-ajax.php?action=async_litespeed&nonce=vgFL9r3qn7ZBTKqwfoMvukNxIaKrltEX&litespeed_type=crawler" "lscache_runner Mobile iPhone" sklep.plantis.app "PL"
2a03:2880:f80e:6e:: - - [16/Jan/2026:17:00:50 +0100] "GET /shop/?filter_cat=nawozy-jesienne%2Csrodki-na-mrowki-w-domu&filter_brand=biogrod,lamela-sp-z-o-o,poszwald,biosept,kard-obara-kazimierz,twoj-ogrod HTTP/1.1" 403 787 "-" "meta-externalagent/1.1 (+https://developers.facebook.com/docs/sharing/webmasters/crawler)" sklep.plantis.app "US"
109.95.157.167 - - [16/Jan/2026:17:00:50 +0100] "GET /produkt/hortensja-ogrodowa-sibilla-sadzonka-20-30-cm/ HTTP/1.1" 200 57229 "http://sklep.plantis.app/wp-admin/admin-ajax.php?action=async_litespeed&nonce=vgFL9r3qn7ZBTKqwfoMvukNxIaKrltEX&litespeed_type=crawler" "lscache_runner Mobile iPhone" sklep.plantis.app "PL"
83.24.163.225 - - [16/Jan/2026:17:00:52 +0100] "GET /wp-content/litespeed/crawler/meta.data?_=1768579134243 HTTP/1.1" 200 585 "https://sklep.plantis.app/wp-admin/admin.php?page=litespeed-crawler" "Mozilla/5.0 (Windows NT 10.0; Win64; x64) AppleWebKit/537.36 (KHTML, like Gecko) Chrome/143.0.0.0 Safari/537.36" sklep.plantis.app "PL"
109.95.157.167 - - [16/Jan/2026:17:00:52 +0100] "GET /produkt/berberys-thunberga-erecta-sadzonka-40-50-cm/ HTTP/1.1" 201 0 "http://sklep.plantis.app/wp-admin/admin-ajax.php?action=async_litespeed&nonce=vgFL9r3qn7ZBTKqwfoMvukNxIaKrltEX&litespeed_type=crawler" "lscache_runner Mobile iPhone" sklep.plantis.app "PL"
2a03:2880:f80e:39:: - - [16/Jan/2026:17:00:52 +0100] "GET /shop/?filter_cat=srodki-do-prania%2Csosny&filter_brand=target,proven,legutko,cell-fast,kwazar-corporation-sp-z-o-o,ogrod-start HTTP/1.1" 403 787 "-" "meta-externalagent/1.1 (+https://developers.facebook.com/docs/sharing/webmasters/crawler)" sklep.plantis.app "US"
65.108.78.33 - - [16/Jan/2026:17:00:50 +0100] "GET /kategoria-produktu/pielegnacja-i-nawozenie/?et_columns-count=3&filter_cat=kompostowanie,nawozy-do-pielegnacji-storczykow-i-orchidei HTTP/1.1" 200 55817 "-" "Mozilla/5.0 (compatible; MJ12bot/v1.4.8; http://mj12bot.com/)" sklep.plantis.app "FI"
109.95.157.167 - - [16/Jan/2026:17:00:52 +0100] "GET /produkt/berberys-thunberga-green-carpet-sadzonka-15-25-cm/ HTTP/1.1" 200 58065 "http://sklep.plantis.app/wp-admin/admin-ajax.php?action=async_litespeed&nonce=vgFL9r3qn7ZBTKqwfoMvukNxIaKrltEX&litespeed_type=crawler" "lscache_runner Mobile iPhone" sklep.plantis.app "PL"
2a03:2880:f80e:c:: - - [16/Jan/2026:17:00:54 +0100] "GET /shop/?filter_cat=wysiew%2Csrodki-na-mszyce&filter_brand=biogrod,ziemovit,lider-sp-z-o-o,agrecol,zestaw,megran HTTP/1.1" 403 787 "-" "meta-externalagent/1.1 (+https://developers.facebook.com/docs/sharing/webmasters/crawler)" sklep.plantis.app "US"
216.244.66.230 - - [16/Jan/2026:17:00:55 +0100] "GET /kategoria-produktu/ekologia/nawozy-ekologiczne/feed/ HTTP/1.1" 200 31961 "-" "Mozilla/5.0 (compatible; DotBot/1.2; +https://opensiteexplorer.org/dotbot; help@moz.com)" sklep.plantis.app "US"
2a03:2880:f80e:5c:: - - [16/Jan/2026:17:00:55 +0100] "GET /shop/?filter_cat=inne%2Cwysiew%2Cnawozy-do-wrzosow%2Cwapno-do-bielenia&filter_brand=kard-obara-kazimierz,lamela-sp-z-o-o,vegano HTTP/1.1" 403 787 "-" "meta-externalagent/1.1 (+https://developers.facebook.com/docs/sharing/webmasters/crawler)" sklep.plantis.app "US"
65.108.78.33 - - [16/Jan/2026:17:00:54 +0100] "GET /kategoria-produktu/pielegnacja-i-nawozenie/?et_columns-count=3&filter_cat=kompostowanie,nawozy-do-pielegnacji-surfinii HTTP/1.1" 200 55292 "-" "Mozilla/5.0 (compatible; MJ12bot/v1.4.8; http://mj12bot.com/)" sklep.plantis.app "FI"
109.95.157.167 - - [16/Jan/2026:17:00:53 +0100] "GET /produkt/budleja-davida-candy-little-purple-pbr-sadzonka-25-30-cm/ HTTP/1.1" 200 57690 "http://sklep.plantis.app/wp-admin/admin-ajax.php?action=async_litespeed&nonce=vgFL9r3qn7ZBTKqwfoMvukNxIaKrltEX&litespeed_type=crawler" "lscache_runner Mobile iPhone" sklep.plantis.app "PL"
109.95.157.167 - - [16/Jan/2026:17:00:53 +0100] "GET /produkt/jodla-koreanska-sadzonka-320-30-cm/ HTTP/1.1" 200 57683 "http://sklep.plantis.app/wp-admin/admin-ajax.php?action=async_litespeed&nonce=vgFL9r3qn7ZBTKqwfoMvukNxIaKrltEX&litespeed_type=crawler" "lscache_runner Mobile iPhone" sklep.plantis.app "PL"
83.24.163.225 - - [16/Jan/2026:17:00:56 +0100] "GET /wp-content/litespeed/crawler/meta.data?_=1768579134244 HTTP/1.1" 200 585 "https://sklep.plantis.app/wp-admin/admin.php?page=litespeed-crawler" "Mozilla/5.0 (Windows NT 10.0; Win64; x64) AppleWebKit/537.36 (KHTML, like Gecko) Chrome/143.0.0.0 Safari/537.36" sklep.plantis.app "PL"
37.59.204.137 - - [16/Jan/2026:17:00:54 +0100] "GET /shop/brand/target-spolka-akcyjna/?min_price=1000&max_price=1500&filter_cat=bakterie-do-szamba%2Czwalczanie-chwastow&filter_brand=target-spolka-akcyjna HTTP/1.1" 200 52756 "-" "Mozilla/5.0 (compatible; AhrefsBot/7.0; +http://ahrefs.com/robot/)" sklep.plantis.app "FR"
65.108.78.33 - - [16/Jan/2026:17:00:57 +0100] "GET /kategoria-produktu/pielegnacja-i-nawozenie/?et_columns-count=3&filter_cat=kompostowanie,nawozy-do-pomidorow HTTP/1.1" 200 56230 "-" "Mozilla/5.0 (compatible; MJ12bot/v1.4.8; http://mj12bot.com/)" sklep.plantis.app "FI"
2a03:2880:f80e:3a:: - - [16/Jan/2026:17:00:58 +0100] "GET /shop/?filter_cat=trutki-na-gryzonie%2Codstraszacze-kretow%2Cfolie&filter_brand=kwazar-corporation-sp-z-o-o,bioekspert,planto-jacek-sledziewski,symbivit HTTP/1.1" 403 787 "-" "meta-externalagent/1.1 (+https://developers.facebook.com/docs/sharing/webmasters/crawler)" sklep.plantis.app "US"
109.95.157.167 - - [16/Jan/2026:17:00:56 +0100] "GET /produkt/deren-bialy-sibrica-sadzonka-40-50-cm/ HTTP/1.1" 200 57629 "http://sklep.plantis.app/wp-admin/admin-ajax.php?action=async_litespeed&nonce=vgFL9r3qn7ZBTKqwfoMvukNxIaKrltEX&litespeed_type=crawler" "lscache_runner Mobile iPhone" sklep.plantis.app "PL"
109.95.157.167 - - [16/Jan/2026:17:00:56 +0100] "GET /produkt/budleja-davida-candy-little-ruby-pbr-sadzonka-25-30-cm/ HTTP/1.1" 200 57736 "http://sklep.plantis.app/wp-admin/admin-ajax.php?action=async_litespeed&nonce=vgFL9r3qn7ZBTKqwfoMvukNxIaKrltEX&litespeed_type=crawler" "lscache_runner Mobile iPhone" sklep.plantis.app "PL"
109.95.157.167 - - [16/Jan/2026:17:00:56 +0100] "GET /produkt/cyprysik-groszkowy-sungold-sadzonka-25-30-cm/ HTTP/1.1" 200 57497 "http://sklep.plantis.app/wp-admin/admin-ajax.php?action=async_litespeed&nonce=vgFL9r3qn7ZBTKqwfoMvukNxIaKrltEX&litespeed_type=crawler" "lscache_runner Mobile iPhone" sklep.plantis.app "PL"
109.95.157.167 - - [16/Jan/2026:17:00:58 +0100] "GET /produkt/tawula-japonska-golden-princess-sadzonka-15-25-cm/ HTTP/1.1" 201 0 "http://sklep.plantis.app/wp-admin/admin-ajax.php?action=async_litespeed&nonce=vgFL9r3qn7ZBTKqwfoMvukNxIaKrltEX&litespeed_type=crawler" "lscache_runner Mobile iPhone" sklep.plantis.app "PL"
20.101.166.13 - ck_bb6fc163f5a6460799c5ce64371c0ff4815fe123 [16/Jan/2026:17:00:58 +0100] "POST /wp-json/wc/v3/products/batch HTTP/1.1" 200 2425 "-" "RestSharp/112.0.0.0" sklep.plantis.app "NL"
20.101.166.13 - ck_bb6fc163f5a6460799c5ce64371c0ff4815fe123 [16/Jan/2026:17:00:58 +0100] "POST /wp-json/wc/v3/products/batch HTTP/1.1" 200 3749 "-" "RestSharp/112.0.0.0" sklep.plantis.app "NL"
109.95.157.167 - - [16/Jan/2026:17:00:58 +0100] "GET /produkt/hortensja-bukietowa-bobo-pbr-sadzonka-30-40-cm/ HTTP/1.1" 200 57537 "http://sklep.plantis.app/wp-admin/admin-ajax.php?action=async_litespeed&nonce=vgFL9r3qn7ZBTKqwfoMvukNxIaKrltEX&litespeed_type=crawler" "lscache_runner Mobile iPhone" sklep.plantis.app "PL"
2a03:2880:f80e:2c:: - - [16/Jan/2026:17:01:00 +0100] "GET /shop/?filter_cat=inne%2Cwysiew%2Cpulapki-na-krety&filter_brand=lamela-sp-z-o-o,agrecol-sp-z-o-o,poszwald,browin-sp-z-o-o-sp-k,ogrod-start HTTP/1.1" 403 787 "-" "meta-externalagent/1.1 (+https://developers.facebook.com/docs/sharing/webmasters/crawler)" sklep.plantis.app "US"
65.108.78.33 - - [16/Jan/2026:17:00:59 +0100] "GET /kategoria-produktu/pielegnacja-i-nawozenie/?et_columns-count=3&filter_cat=kompostowanie,nawozy-do-rododendronow HTTP/1.1" 200 55660 "-" "Mozilla/5.0 (compatible; MJ12bot/v1.4.8; http://mj12bot.com/)" sklep.plantis.app "FI"
83.24.163.225 - - [16/Jan/2026:17:01:01 +0100] "GET /wp-content/litespeed/crawler/meta.data?_=1768579134245 HTTP/1.1" 200 585 "https://sklep.plantis.app/wp-admin/admin.php?page=litespeed-crawler" "Mozilla/5.0 (Windows NT 10.0; Win64; x64) AppleWebKit/537.36 (KHTML, like Gecko) Chrome/143.0.0.0 Safari/537.36" sklep.plantis.app "PL"
20.101.166.13 - ck_bb6fc163f5a6460799c5ce64371c0ff4815fe123 [16/Jan/2026:17:01:00 +0100] "GET /wp-json/wc/v3/orders?per_page=100&modified_after=2026-01-15T07%3a42%3a10.10&modified_before=2026-01-16T16%3a01%3a00.00&dates_are_gmt=True HTTP/1.1" 200 2033 "-" "RestSharp/112.0.0.0" sklep.plantis.app "NL"
2a03:2880:f80e:45:: - - [16/Jan/2026:17:01:01 +0100] "GET /shop/?min_price=0&max_price=500&et_columns-count=1&filter_cat=doniczki-i-pojemniki%2Czraszacze-ogrodowe&filter_brand=alvanaeko-sp-z-o-o,kwazar-corporation-sp-z-o-o,botana,amma HTTP/1.1" 403 787 "-" "meta-externalagent/1.1 (+https://developers.facebook.com/docs/sharing/webmasters/crawler)" sklep.plantis.app "US"
109.95.157.167 - - [16/Jan/2026:17:01:00 +0100] "GET /produkt/hortensja-bukietowa-magical-candle-bokraflame-pbr-sadzonka-40-60-cm/ HTTP/1.1" 200 58458 "http://sklep.plantis.app/wp-admin/admin-ajax.php?action=async_litespeed&nonce=vgFL9r3qn7ZBTKqwfoMvukNxIaKrltEX&litespeed_type=crawler" "lscache_runner Mobile iPhone" sklep.plantis.app "PL"
109.95.157.167 - - [16/Jan/2026:17:01:02 +0100] "GET /produkt/sum-shot-koncentrat-do-zwalczania-kleszczy-w-ogrodzie-100-ml/ HTTP/1.1" 201 0 "http://sklep.plantis.app/wp-admin/admin-ajax.php?action=async_litespeed&nonce=vgFL9r3qn7ZBTKqwfoMvukNxIaKrltEX&litespeed_type=crawler" "lscache_runner Mobile iPhone" sklep.plantis.app "PL"
109.95.157.167 - - [16/Jan/2026:17:01:02 +0100] "GET /produkt/sum-wapno-weglanowe-granulowane-3-kg/ HTTP/1.1" 201 0 "http://sklep.plantis.app/wp-admin/admin-ajax.php?action=async_litespeed&nonce=vgFL9r3qn7ZBTKqwfoMvukNxIaKrltEX&litespeed_type=crawler" "lscache_runner Mobile iPhone" sklep.plantis.app "PL"
109.95.157.167 - - [16/Jan/2026:17:01:02 +0100] "GET /produkt/sum-wapno-weglanowe-granulowane-10-kg/ HTTP/1.1" 201 0 "http://sklep.plantis.app/wp-admin/admin-ajax.php?action=async_litespeed&nonce=vgFL9r3qn7ZBTKqwfoMvukNxIaKrltEX&litespeed_type=crawler" "lscache_runner Mobile iPhone" sklep.plantis.app "PL"
109.95.157.167 - - [16/Jan/2026:17:01:02 +0100] "GET /produkt/sum-siarka-granulowana-500-g/ HTTP/1.1" 201 0 "http://sklep.plantis.app/wp-admin/admin-ajax.php?action=async_litespeed&nonce=vgFL9r3qn7ZBTKqwfoMvukNxIaKrltEX&litespeed_type=crawler" "lscache_runner Mobile iPhone" sklep.plantis.app "PL"
109.95.157.167 - - [16/Jan/2026:17:01:02 +0100] "GET /produkt/sum-siarka-granulowana-3-kg/ HTTP/1.1" 201 0 "http://sklep.plantis.app/wp-admin/admin-ajax.php?action=async_litespeed&nonce=vgFL9r3qn7ZBTKqwfoMvukNxIaKrltEX&litespeed_type=crawler" "lscache_runner Mobile iPhone" sklep.plantis.app "PL"
109.95.157.167 - - [16/Jan/2026:17:01:02 +0100] "GET /produkt/sum-biopreparat-do-szamb-tabletki-6-szt/ HTTP/1.1" 201 0 "http://sklep.plantis.app/wp-admin/admin-ajax.php?action=async_litespeed&nonce=vgFL9r3qn7ZBTKqwfoMvukNxIaKrltEX&litespeed_type=crawler" "lscache_runner Mobile iPhone" sklep.plantis.app "PL"
109.95.157.167 - - [16/Jan/2026:17:01:02 +0100] "GET /produkt/sum-biopreparat-do-szamb-tabletki-12-szt/ HTTP/1.1" 201 0 "http://sklep.plantis.app/wp-admin/admin-ajax.php?action=async_litespeed&nonce=vgFL9r3qn7ZBTKqwfoMvukNxIaKrltEX&litespeed_type=crawler" "lscache_runner Mobile iPhone" sklep.plantis.app "PL"
109.95.157.167 - - [16/Jan/2026:17:01:02 +0100] "GET /produkt/sum-mocznik-1-kg/ HTTP/1.1" 201 0 "http://sklep.plantis.app/wp-admin/admin-ajax.php?action=async_litespeed&nonce=vgFL9r3qn7ZBTKqwfoMvukNxIaKrltEX&litespeed_type=crawler" "lscache_runner Mobile iPhone" sklep.plantis.app "PL"
109.95.157.167 - - [16/Jan/2026:17:01:02 +0100] "GET /produkt/sum-siarczan-magnezu-1-kg/ HTTP/1.1" 201 0 "http://sklep.plantis.app/wp-admin/admin-ajax.php?action=async_litespeed&nonce=vgFL9r3qn7ZBTKqwfoMvukNxIaKrltEX&litespeed_type=crawler" "lscache_runner Mobile iPhone" sklep.plantis.app "PL"
109.95.157.167 - - [16/Jan/2026:17:01:02 +0100] "GET /produkt/sum-proszek-do-szamb-oczyszczalni-oraz-instalacji-kanalizacyjnych-14-g/ HTTP/1.1" 201 0 "http://sklep.plantis.app/wp-admin/admin-ajax.php?action=async_litespeed&nonce=vgFL9r3qn7ZBTKqwfoMvukNxIaKrltEX&litespeed_type=crawler" "lscache_runner Mobile iPhone" sklep.plantis.app "PL"
109.95.157.167 - - [16/Jan/2026:17:01:02 +0100] "GET /produkt/sum-siarczan-magnezu-3-kg/ HTTP/1.1" 201 0 "http://sklep.plantis.app/wp-admin/admin-ajax.php?action=async_litespeed&nonce=vgFL9r3qn7ZBTKqwfoMvukNxIaKrltEX&litespeed_type=crawler" "lscache_runner Mobile iPhone" sklep.plantis.app "PL"
109.95.157.167 - - [16/Jan/2026:17:01:02 +0100] "GET /produkt/sum-siarczan-amonu-1-kg/ HTTP/1.1" 201 0 "http://sklep.plantis.app/wp-admin/admin-ajax.php?action=async_litespeed&nonce=vgFL9r3qn7ZBTKqwfoMvukNxIaKrltEX&litespeed_type=crawler" "lscache_runner Mobile iPhone" sklep.plantis.app "PL"
109.95.157.167 - - [16/Jan/2026:17:01:02 +0100] "GET /produkt/sum-siarczan-amonu-3-kg/ HTTP/1.1" 201 0 "http://sklep.plantis.app/wp-admin/admin-ajax.php?action=async_litespeed&nonce=vgFL9r3qn7ZBTKqwfoMvukNxIaKrltEX&litespeed_type=crawler" "lscache_runner Mobile iPhone" sklep.plantis.app "PL"
109.95.157.167 - - [16/Jan/2026:17:01:02 +0100] "GET /produkt/sum-maczka-bazaltowa-3-kg/ HTTP/1.1" 201 0 "http://sklep.plantis.app/wp-admin/admin-ajax.php?action=async_litespeed&nonce=vgFL9r3qn7ZBTKqwfoMvukNxIaKrltEX&litespeed_type=crawler" "lscache_runner Mobile iPhone" sklep.plantis.app "PL"
109.95.157.167 - - [16/Jan/2026:17:01:02 +0100] "GET /produkt/sum-mospilan-20-sp-10-g/ HTTP/1.1" 201 0 "http://sklep.plantis.app/wp-admin/admin-ajax.php?action=async_litespeed&nonce=vgFL9r3qn7ZBTKqwfoMvukNxIaKrltEX&litespeed_type=crawler" "lscache_runner Mobile iPhone" sklep.plantis.app "PL"
109.95.157.167 - - [16/Jan/2026:17:01:02 +0100] "GET /produkt/sum-trawa-uniwersalna-piknik-samozageszczajaca-5-kg/ HTTP/1.1" 201 0 "http://sklep.plantis.app/wp-admin/admin-ajax.php?action=async_litespeed&nonce=vgFL9r3qn7ZBTKqwfoMvukNxIaKrltEX&litespeed_type=crawler" "lscache_runner Mobile iPhone" sklep.plantis.app "PL"
109.95.157.167 - - [16/Jan/2026:17:01:02 +0100] "GET /produkt/sum-molufries-5-gb-zwalcza-slimaki-4-kg/ HTTP/1.1" 201 0 "http://sklep.plantis.app/wp-admin/admin-ajax.php?action=async_litespeed&nonce=vgFL9r3qn7ZBTKqwfoMvukNxIaKrltEX&litespeed_type=crawler" "lscache_runner Mobile iPhone" sklep.plantis.app "PL"
109.95.157.167 - - [16/Jan/2026:17:01:02 +0100] "GET /produkt/kapusta-chinska-pak-choi-1-g-st/ HTTP/1.1" 201 0 "http://sklep.plantis.app/wp-admin/admin-ajax.php?action=async_litespeed&nonce=vgFL9r3qn7ZBTKqwfoMvukNxIaKrltEX&litespeed_type=crawler" "lscache_runner Mobile iPhone" sklep.plantis.app "PL"
109.95.157.167 - - [16/Jan/2026:17:01:02 +0100] "GET /produkt/sum-molufries-5-gb-zwalcza-slimaki-500-g/ HTTP/1.1" 201 0 "http://sklep.plantis.app/wp-admin/admin-ajax.php?action=async_litespeed&nonce=vgFL9r3qn7ZBTKqwfoMvukNxIaKrltEX&litespeed_type=crawler" "lscache_runner Mobile iPhone" sklep.plantis.app "PL"
109.95.157.167 - - [16/Jan/2026:17:01:02 +0100] "GET /produkt/sum-tytanit-poprawia-zawiazywanie-owocow-pomidora-papryki-truskawki-porzeczki-i-wisni-50-ml/ HTTP/1.1" 201 0 "http://sklep.plantis.app/wp-admin/admin-ajax.php?action=async_litespeed&nonce=vgFL9r3qn7ZBTKqwfoMvukNxIaKrltEX&litespeed_type=crawler" "lscache_runner Mobile iPhone" sklep.plantis.app "PL"
109.95.157.167 - - [16/Jan/2026:17:01:02 +0100] "GET /produkt/sub-roundup-antychwast-chodniki-i-podjazdy-1000-ml/ HTTP/1.1" 201 0 "http://sklep.plantis.app/wp-admin/admin-ajax.php?action=async_litespeed&nonce=vgFL9r3qn7ZBTKqwfoMvukNxIaKrltEX&litespeed_type=crawler" "lscache_runner Mobile iPhone" sklep.plantis.app "PL"
109.95.157.167 - - [16/Jan/2026:17:01:02 +0100] "GET /produkt/sum-help-plant-cu-zwieksza-odpornosc-roslin-na-patogeny-zapobiega-nekrozom-zamieraniu-lisci-i-pedow-20-ml/ HTTP/1.1" 201 0 "http://sklep.plantis.app/wp-admin/admin-ajax.php?action=async_litespeed&nonce=vgFL9r3qn7ZBTKqwfoMvukNxIaKrltEX&litespeed_type=crawler" "lscache_runner Mobile iPhone" sklep.plantis.app "PL"
